
FQBN: espressif:esp32:esp32s3:PSRAM=opi,FlashSize=8M,PartitionScheme=default_8MB
Using board 'esp32s3' from platform in folder: /home/dejiguru/Arduino/hardware/espressif/esp32
Using core 'esp32' from platform in folder: /home/dejiguru/Arduino/hardware/espressif/esp32

/usr/bin/env bash -c "[ ! -f \"/home/dejiguru/Arduino/ellabox\"/partitions.csv ] || cp -f \"/home/dejiguru/Arduino/ellabox\"/partitions.csv \"/home/dejiguru/Arduino/ellabox/build-ellabox\"/partitions.csv"
/usr/bin/env bash -c "[ -f \"/home/dejiguru/Arduino/ellabox/build-ellabox\"/partitions.csv ] || [ ! -f \"/home/dejiguru/Arduino/hardware/espressif/esp32/variants/esp32s3\"/partitions.csv ] || cp \"/home/dejiguru/Arduino/hardware/espressif/esp32/variants/esp32s3\"/partitions.csv \"/home/dejiguru/Arduino/ellabox/build-ellabox\"/partitions.csv"
/usr/bin/env bash -c "[ -f \"/home/dejiguru/Arduino/ellabox/build-ellabox\"/partitions.csv ] || cp \"/home/dejiguru/Arduino/hardware/espressif/esp32\"/tools/partitions/default_8MB.csv \"/home/dejiguru/Arduino/ellabox/build-ellabox\"/partitions.csv"
/usr/bin/env bash -c "[ -f \"/home/dejiguru/Arduino/ellabox\"/bootloader.bin ] && cp -f \"/home/dejiguru/Arduino/ellabox\"/bootloader.bin \"/home/dejiguru/Arduino/ellabox/build-ellabox\"/ellabox.ino.bootloader.bin || ( [ -f \"/home/dejiguru/Arduino/hardware/espressif/esp32/variants/esp32s3\"/bootloader.bin ] && cp \"/home/dejiguru/Arduino/hardware/espressif/esp32/variants/esp32s3\"/bootloader.bin \"/home/dejiguru/Arduino/ellabox/build-ellabox\"/ellabox.ino.bootloader.bin || \"/home/dejiguru/Arduino/hardware/espressif/esp32/tools/esptool\"/esptool --chip esp32s3 elf2image --flash-mode dio --flash-freq 80m --flash-size 8MB -o \"/home/dejiguru/Arduino/ellabox/build-ellabox\"/ellabox.ino.bootloader.bin \"/home/dejiguru/Arduino/hardware/espressif/esp32/tools/esp32-arduino-libs/esp32s3\"/bin/bootloader_qio_80m.elf )"
esptool v5.2.0
Creating ESP32-S3 image...
Merged 2 ELF sections.
Successfully created ESP32-S3 image.
/usr/bin/env bash -c "[ ! -f \"/home/dejiguru/Arduino/ellabox\"/build_opt.h ] || cp -f \"/home/dejiguru/Arduino/ellabox\"/build_opt.h \"/home/dejiguru/Arduino/ellabox/build-ellabox\"/build_opt.h"
/usr/bin/env bash -c "[ -f \"/home/dejiguru/Arduino/ellabox/build-ellabox\"/build_opt.h ] || : > \"/home/dejiguru/Arduino/ellabox/build-ellabox\"/build_opt.h"
/usr/bin/env bash -c ": > '/home/dejiguru/Arduino/ellabox/build-ellabox/file_opts'"
/usr/bin/env bash -c "cp -f \"/home/dejiguru/Arduino/hardware/espressif/esp32/tools/esp32-arduino-libs/esp32s3\"/sdkconfig \"/home/dejiguru/Arduino/ellabox/build-ellabox\"/sdkconfig"
Detecting libraries used...
/home/dejiguru/Arduino/hardware/espressif/esp32/tools/xtensa-esp-elf/bin/xtensa-esp32s3-elf-g++ -c @/home/dejiguru/Arduino/hardware/espressif/esp32/tools/esp32-arduino-libs/esp32s3/flags/cpp_flags -w -Os -Werror=return-type -w -x c++ -E -CC -DF_CPU=240000000L -DARDUINO=10607 -DARDUINO_ESP32S3_DEV -DARDUINO_ARCH_ESP32 -DARDUINO_BOARD="ESP32S3_DEV" -DARDUINO_VARIANT="esp32s3" -DARDUINO_PARTITION_default_8MB -DARDUINO_HOST_OS="linux" -DARDUINO_FQBN="espressif:esp32:esp32s3:PSRAM=opi,FlashSize=8M,PartitionScheme=default_8MB,UploadSpeed=921600,USBMode=hwcdc,CDCOnBoot=default" -DESP32=ESP32 -DCORE_DEBUG_LEVEL=0 -DARDUINO_RUNNING_CORE=1 -DARDUINO_EVENT_RUNNING_CORE=1 -DBOARD_HAS_PSRAM -DARDUINO_USB_MODE=1 -DARDUINO_USB_CDC_ON_BOOT=0 -DARDUINO_USB_MSC_ON_BOOT=0 -DARDUINO_USB_DFU_ON_BOOT=0 @/home/dejiguru/Arduino/hardware/espressif/esp32/tools/esp32-arduino-libs/esp32s3/flags/defines -I/home/dejiguru/Arduino/ellabox -iprefix /home/dejiguru/Arduino/hardware/espressif/esp32/tools/esp32-arduino-libs/esp32s3/include/ @/home/dejiguru/Arduino/hardware/espressif/esp32/tools/esp32-arduino-libs/esp32s3/flags/includes -I/home/dejiguru/Arduino/hardware/espressif/esp32/tools/esp32-arduino-libs/esp32s3/qio_opi/include -I/home/dejiguru/Arduino/hardware/espressif/esp32/cores/esp32 -I/home/dejiguru/Arduino/hardware/espressif/esp32/variants/esp32s3 @/home/dejiguru/Arduino/ellabox/build-ellabox/build_opt.h @/home/dejiguru/Arduino/ellabox/build-ellabox/file_opts /home/dejiguru/Arduino/ellabox/build-ellabox/sketch/ellabox.ino.cpp -o /dev/null
Alternatives for WiFi.h: [WiFi@3.3.7]
ResolveLibrary(WiFi.h)
  -> candidates: [WiFi@3.3.7]
/home/dejiguru/Arduino/hardware/espressif/esp32/tools/xtensa-esp-elf/bin/xtensa-esp32s3-elf-g++ -c @/home/dejiguru/Arduino/hardware/espressif/esp32/tools/esp32-arduino-libs/esp32s3/flags/cpp_flags -w -Os -Werror=return-type -w -x c++ -E -CC -DF_CPU=240000000L -DARDUINO=10607 -DARDUINO_ESP32S3_DEV -DARDUINO_ARCH_ESP32 -DARDUINO_BOARD="ESP32S3_DEV" -DARDUINO_VARIANT="esp32s3" -DARDUINO_PARTITION_default_8MB -DARDUINO_HOST_OS="linux" -DARDUINO_FQBN="espressif:esp32:esp32s3:PSRAM=opi,FlashSize=8M,PartitionScheme=default_8MB,UploadSpeed=921600,USBMode=hwcdc,CDCOnBoot=default" -DESP32=ESP32 -DCORE_DEBUG_LEVEL=0 -DARDUINO_RUNNING_CORE=1 -DARDUINO_EVENT_RUNNING_CORE=1 -DBOARD_HAS_PSRAM -DARDUINO_USB_MODE=1 -DARDUINO_USB_CDC_ON_BOOT=0 -DARDUINO_USB_MSC_ON_BOOT=0 -DARDUINO_USB_DFU_ON_BOOT=0 @/home/dejiguru/Arduino/hardware/espressif/esp32/tools/esp32-arduino-libs/esp32s3/flags/defines -I/home/dejiguru/Arduino/ellabox -iprefix /home/dejiguru/Arduino/hardware/espressif/esp32/tools/esp32-arduino-libs/esp32s3/include/ @/home/dejiguru/Arduino/hardware/espressif/esp32/tools/esp32-arduino-libs/esp32s3/flags/includes -I/home/dejiguru/Arduino/hardware/espressif/esp32/tools/esp32-arduino-libs/esp32s3/qio_opi/include -I/home/dejiguru/Arduino/hardware/espressif/esp32/cores/esp32 -I/home/dejiguru/Arduino/hardware/espressif/esp32/variants/esp32s3 -I/home/dejiguru/Arduino/hardware/espressif/esp32/libraries/WiFi/src @/home/dejiguru/Arduino/ellabox/build-ellabox/build_opt.h @/home/dejiguru/Arduino/ellabox/build-ellabox/file_opts /home/dejiguru/Arduino/ellabox/build-ellabox/sketch/ellabox.ino.cpp -o /dev/null
Alternatives for Network.h: [Networking@3.3.7]
ResolveLibrary(Network.h)
  -> candidates: [Networking@3.3.7]
/home/dejiguru/Arduino/hardware/espressif/esp32/tools/xtensa-esp-elf/bin/xtensa-esp32s3-elf-g++ -c @/home/dejiguru/Arduino/hardware/espressif/esp32/tools/esp32-arduino-libs/esp32s3/flags/cpp_flags -w -Os -Werror=return-type -w -x c++ -E -CC -DF_CPU=240000000L -DARDUINO=10607 -DARDUINO_ESP32S3_DEV -DARDUINO_ARCH_ESP32 -DARDUINO_BOARD="ESP32S3_DEV" -DARDUINO_VARIANT="esp32s3" -DARDUINO_PARTITION_default_8MB -DARDUINO_HOST_OS="linux" -DARDUINO_FQBN="espressif:esp32:esp32s3:PSRAM=opi,FlashSize=8M,PartitionScheme=default_8MB,UploadSpeed=921600,USBMode=hwcdc,CDCOnBoot=default" -DESP32=ESP32 -DCORE_DEBUG_LEVEL=0 -DARDUINO_RUNNING_CORE=1 -DARDUINO_EVENT_RUNNING_CORE=1 -DBOARD_HAS_PSRAM -DARDUINO_USB_MODE=1 -DARDUINO_USB_CDC_ON_BOOT=0 -DARDUINO_USB_MSC_ON_BOOT=0 -DARDUINO_USB_DFU_ON_BOOT=0 @/home/dejiguru/Arduino/hardware/espressif/esp32/tools/esp32-arduino-libs/esp32s3/flags/defines -I/home/dejiguru/Arduino/ellabox -iprefix /home/dejiguru/Arduino/hardware/espressif/esp32/tools/esp32-arduino-libs/esp32s3/include/ @/home/dejiguru/Arduino/hardware/espressif/esp32/tools/esp32-arduino-libs/esp32s3/flags/includes -I/home/dejiguru/Arduino/hardware/espressif/esp32/tools/esp32-arduino-libs/esp32s3/qio_opi/include -I/home/dejiguru/Arduino/hardware/espressif/esp32/cores/esp32 -I/home/dejiguru/Arduino/hardware/espressif/esp32/variants/esp32s3 -I/home/dejiguru/Arduino/hardware/espressif/esp32/libraries/WiFi/src -I/home/dejiguru/Arduino/hardware/espressif/esp32/libraries/Network/src @/home/dejiguru/Arduino/ellabox/build-ellabox/build_opt.h @/home/dejiguru/Arduino/ellabox/build-ellabox/file_opts /home/dejiguru/Arduino/ellabox/build-ellabox/sketch/ellabox.ino.cpp -o /dev/null
Alternatives for ArduinoOTA.h: [ArduinoOTA@3.3.7]
ResolveLibrary(ArduinoOTA.h)
  -> candidates: [ArduinoOTA@3.3.7]
/home/dejiguru/Arduino/hardware/espressif/esp32/tools/xtensa-esp-elf/bin/xtensa-esp32s3-elf-g++ -c @/home/dejiguru/Arduino/hardware/espressif/esp32/tools/esp32-arduino-libs/esp32s3/flags/cpp_flags -w -Os -Werror=return-type -w -x c++ -E -CC -DF_CPU=240000000L -DARDUINO=10607 -DARDUINO_ESP32S3_DEV -DARDUINO_ARCH_ESP32 -DARDUINO_BOARD="ESP32S3_DEV" -DARDUINO_VARIANT="esp32s3" -DARDUINO_PARTITION_default_8MB -DARDUINO_HOST_OS="linux" -DARDUINO_FQBN="espressif:esp32:esp32s3:PSRAM=opi,FlashSize=8M,PartitionScheme=default_8MB,UploadSpeed=921600,USBMode=hwcdc,CDCOnBoot=default" -DESP32=ESP32 -DCORE_DEBUG_LEVEL=0 -DARDUINO_RUNNING_CORE=1 -DARDUINO_EVENT_RUNNING_CORE=1 -DBOARD_HAS_PSRAM -DARDUINO_USB_MODE=1 -DARDUINO_USB_CDC_ON_BOOT=0 -DARDUINO_USB_MSC_ON_BOOT=0 -DARDUINO_USB_DFU_ON_BOOT=0 @/home/dejiguru/Arduino/hardware/espressif/esp32/tools/esp32-arduino-libs/esp32s3/flags/defines -I/home/dejiguru/Arduino/ellabox -iprefix /home/dejiguru/Arduino/hardware/espressif/esp32/tools/esp32-arduino-libs/esp32s3/include/ @/home/dejiguru/Arduino/hardware/espressif/esp32/tools/esp32-arduino-libs/esp32s3/flags/includes -I/home/dejiguru/Arduino/hardware/espressif/esp32/tools/esp32-arduino-libs/esp32s3/qio_opi/include -I/home/dejiguru/Arduino/hardware/espressif/esp32/cores/esp32 -I/home/dejiguru/Arduino/hardware/espressif/esp32/variants/esp32s3 -I/home/dejiguru/Arduino/hardware/espressif/esp32/libraries/WiFi/src -I/home/dejiguru/Arduino/hardware/espressif/esp32/libraries/Network/src -I/home/dejiguru/Arduino/hardware/espressif/esp32/libraries/ArduinoOTA/src @/home/dejiguru/Arduino/ellabox/build-ellabox/build_opt.h @/home/dejiguru/Arduino/ellabox/build-ellabox/file_opts /home/dejiguru/Arduino/ellabox/build-ellabox/sketch/ellabox.ino.cpp -o /dev/null
Alternatives for Update.h: [Update@3.3.7]
ResolveLibrary(Update.h)
  -> candidates: [Update@3.3.7]
/home/dejiguru/Arduino/hardware/espressif/esp32/tools/xtensa-esp-elf/bin/xtensa-esp32s3-elf-g++ -c @/home/dejiguru/Arduino/hardware/espressif/esp32/tools/esp32-arduino-libs/esp32s3/flags/cpp_flags -w -Os -Werror=return-type -w -x c++ -E -CC -DF_CPU=240000000L -DARDUINO=10607 -DARDUINO_ESP32S3_DEV -DARDUINO_ARCH_ESP32 -DARDUINO_BOARD="ESP32S3_DEV" -DARDUINO_VARIANT="esp32s3" -DARDUINO_PARTITION_default_8MB -DARDUINO_HOST_OS="linux" -DARDUINO_FQBN="espressif:esp32:esp32s3:PSRAM=opi,FlashSize=8M,PartitionScheme=default_8MB,UploadSpeed=921600,USBMode=hwcdc,CDCOnBoot=default" -DESP32=ESP32 -DCORE_DEBUG_LEVEL=0 -DARDUINO_RUNNING_CORE=1 -DARDUINO_EVENT_RUNNING_CORE=1 -DBOARD_HAS_PSRAM -DARDUINO_USB_MODE=1 -DARDUINO_USB_CDC_ON_BOOT=0 -DARDUINO_USB_MSC_ON_BOOT=0 -DARDUINO_USB_DFU_ON_BOOT=0 @/home/dejiguru/Arduino/hardware/espressif/esp32/tools/esp32-arduino-libs/esp32s3/flags/defines -I/home/dejiguru/Arduino/ellabox -iprefix /home/dejiguru/Arduino/hardware/espressif/esp32/tools/esp32-arduino-libs/esp32s3/include/ @/home/dejiguru/Arduino/hardware/espressif/esp32/tools/esp32-arduino-libs/esp32s3/flags/includes -I/home/dejiguru/Arduino/hardware/espressif/esp32/tools/esp32-arduino-libs/esp32s3/qio_opi/include -I/home/dejiguru/Arduino/hardware/espressif/esp32/cores/esp32 -I/home/dejiguru/Arduino/hardware/espressif/esp32/variants/esp32s3 -I/home/dejiguru/Arduino/hardware/espressif/esp32/libraries/WiFi/src -I/home/dejiguru/Arduino/hardware/espressif/esp32/libraries/Network/src -I/home/dejiguru/Arduino/hardware/espressif/esp32/libraries/ArduinoOTA/src -I/home/dejiguru/Arduino/hardware/espressif/esp32/libraries/Update/src @/home/dejiguru/Arduino/ellabox/build-ellabox/build_opt.h @/home/dejiguru/Arduino/ellabox/build-ellabox/file_opts /home/dejiguru/Arduino/ellabox/build-ellabox/sketch/ellabox.ino.cpp -o /dev/null
Alternatives for HTTPClient.h: [HTTPClient@3.3.7]
ResolveLibrary(HTTPClient.h)
  -> candidates: [HTTPClient@3.3.7]
/home/dejiguru/Arduino/hardware/espressif/esp32/tools/xtensa-esp-elf/bin/xtensa-esp32s3-elf-g++ -c @/home/dejiguru/Arduino/hardware/espressif/esp32/tools/esp32-arduino-libs/esp32s3/flags/cpp_flags -w -Os -Werror=return-type -w -x c++ -E -CC -DF_CPU=240000000L -DARDUINO=10607 -DARDUINO_ESP32S3_DEV -DARDUINO_ARCH_ESP32 -DARDUINO_BOARD="ESP32S3_DEV" -DARDUINO_VARIANT="esp32s3" -DARDUINO_PARTITION_default_8MB -DARDUINO_HOST_OS="linux" -DARDUINO_FQBN="espressif:esp32:esp32s3:PSRAM=opi,FlashSize=8M,PartitionScheme=default_8MB,UploadSpeed=921600,USBMode=hwcdc,CDCOnBoot=default" -DESP32=ESP32 -DCORE_DEBUG_LEVEL=0 -DARDUINO_RUNNING_CORE=1 -DARDUINO_EVENT_RUNNING_CORE=1 -DBOARD_HAS_PSRAM -DARDUINO_USB_MODE=1 -DARDUINO_USB_CDC_ON_BOOT=0 -DARDUINO_USB_MSC_ON_BOOT=0 -DARDUINO_USB_DFU_ON_BOOT=0 @/home/dejiguru/Arduino/hardware/espressif/esp32/tools/esp32-arduino-libs/esp32s3/flags/defines -I/home/dejiguru/Arduino/ellabox -iprefix /home/dejiguru/Arduino/hardware/espressif/esp32/tools/esp32-arduino-libs/esp32s3/include/ @/home/dejiguru/Arduino/hardware/espressif/esp32/tools/esp32-arduino-libs/esp32s3/flags/includes -I/home/dejiguru/Arduino/hardware/espressif/esp32/tools/esp32-arduino-libs/esp32s3/qio_opi/include -I/home/dejiguru/Arduino/hardware/espressif/esp32/cores/esp32 -I/home/dejiguru/Arduino/hardware/espressif/esp32/variants/esp32s3 -I/home/dejiguru/Arduino/hardware/espressif/esp32/libraries/WiFi/src -I/home/dejiguru/Arduino/hardware/espressif/esp32/libraries/Network/src -I/home/dejiguru/Arduino/hardware/espressif/esp32/libraries/ArduinoOTA/src -I/home/dejiguru/Arduino/hardware/espressif/esp32/libraries/Update/src -I/home/dejiguru/Arduino/hardware/espressif/esp32/libraries/HTTPClient/src @/home/dejiguru/Arduino/ellabox/build-ellabox/build_opt.h @/home/dejiguru/Arduino/ellabox/build-ellabox/file_opts /home/dejiguru/Arduino/ellabox/build-ellabox/sketch/ellabox.ino.cpp -o /dev/null
Alternatives for NetworkClientSecure.h: [NetworkClientSecure@3.3.7]
ResolveLibrary(NetworkClientSecure.h)
  -> candidates: [NetworkClientSecure@3.3.7]
/home/dejiguru/Arduino/hardware/espressif/esp32/tools/xtensa-esp-elf/bin/xtensa-esp32s3-elf-g++ -c @/home/dejiguru/Arduino/hardware/espressif/esp32/tools/esp32-arduino-libs/esp32s3/flags/cpp_flags -w -Os -Werror=return-type -w -x c++ -E -CC -DF_CPU=240000000L -DARDUINO=10607 -DARDUINO_ESP32S3_DEV -DARDUINO_ARCH_ESP32 -DARDUINO_BOARD="ESP32S3_DEV" -DARDUINO_VARIANT="esp32s3" -DARDUINO_PARTITION_default_8MB -DARDUINO_HOST_OS="linux" -DARDUINO_FQBN="espressif:esp32:esp32s3:PSRAM=opi,FlashSize=8M,PartitionScheme=default_8MB,UploadSpeed=921600,USBMode=hwcdc,CDCOnBoot=default" -DESP32=ESP32 -DCORE_DEBUG_LEVEL=0 -DARDUINO_RUNNING_CORE=1 -DARDUINO_EVENT_RUNNING_CORE=1 -DBOARD_HAS_PSRAM -DARDUINO_USB_MODE=1 -DARDUINO_USB_CDC_ON_BOOT=0 -DARDUINO_USB_MSC_ON_BOOT=0 -DARDUINO_USB_DFU_ON_BOOT=0 @/home/dejiguru/Arduino/hardware/espressif/esp32/tools/esp32-arduino-libs/esp32s3/flags/defines -I/home/dejiguru/Arduino/ellabox -iprefix /home/dejiguru/Arduino/hardware/espressif/esp32/tools/esp32-arduino-libs/esp32s3/include/ @/home/dejiguru/Arduino/hardware/espressif/esp32/tools/esp32-arduino-libs/esp32s3/flags/includes -I/home/dejiguru/Arduino/hardware/espressif/esp32/tools/esp32-arduino-libs/esp32s3/qio_opi/include -I/home/dejiguru/Arduino/hardware/espressif/esp32/cores/esp32 -I/home/dejiguru/Arduino/hardware/espressif/esp32/variants/esp32s3 -I/home/dejiguru/Arduino/hardware/espressif/esp32/libraries/WiFi/src -I/home/dejiguru/Arduino/hardware/espressif/esp32/libraries/Network/src -I/home/dejiguru/Arduino/hardware/espressif/esp32/libraries/ArduinoOTA/src -I/home/dejiguru/Arduino/hardware/espressif/esp32/libraries/Update/src -I/home/dejiguru/Arduino/hardware/espressif/esp32/libraries/HTTPClient/src -I/home/dejiguru/Arduino/hardware/espressif/esp32/libraries/NetworkClientSecure/src @/home/dejiguru/Arduino/ellabox/build-ellabox/build_opt.h @/home/dejiguru/Arduino/ellabox/build-ellabox/file_opts /home/dejiguru/Arduino/ellabox/build-ellabox/sketch/ellabox.ino.cpp -o /dev/null
Alternatives for ArduinoJson.h: [ArduinoJson@7.4.3]
ResolveLibrary(ArduinoJson.h)
  -> candidates: [ArduinoJson@7.4.3]
/home/dejiguru/Arduino/hardware/espressif/esp32/tools/xtensa-esp-elf/bin/xtensa-esp32s3-elf-g++ -c @/home/dejiguru/Arduino/hardware/espressif/esp32/tools/esp32-arduino-libs/esp32s3/flags/cpp_flags -w -Os -Werror=return-type -w -x c++ -E -CC -DF_CPU=240000000L -DARDUINO=10607 -DARDUINO_ESP32S3_DEV -DARDUINO_ARCH_ESP32 -DARDUINO_BOARD="ESP32S3_DEV" -DARDUINO_VARIANT="esp32s3" -DARDUINO_PARTITION_default_8MB -DARDUINO_HOST_OS="linux" -DARDUINO_FQBN="espressif:esp32:esp32s3:PSRAM=opi,FlashSize=8M,PartitionScheme=default_8MB,UploadSpeed=921600,USBMode=hwcdc,CDCOnBoot=default" -DESP32=ESP32 -DCORE_DEBUG_LEVEL=0 -DARDUINO_RUNNING_CORE=1 -DARDUINO_EVENT_RUNNING_CORE=1 -DBOARD_HAS_PSRAM -DARDUINO_USB_MODE=1 -DARDUINO_USB_CDC_ON_BOOT=0 -DARDUINO_USB_MSC_ON_BOOT=0 -DARDUINO_USB_DFU_ON_BOOT=0 @/home/dejiguru/Arduino/hardware/espressif/esp32/tools/esp32-arduino-libs/esp32s3/flags/defines -I/home/dejiguru/Arduino/ellabox -iprefix /home/dejiguru/Arduino/hardware/espressif/esp32/tools/esp32-arduino-libs/esp32s3/include/ @/home/dejiguru/Arduino/hardware/espressif/esp32/tools/esp32-arduino-libs/esp32s3/flags/includes -I/home/dejiguru/Arduino/hardware/espressif/esp32/tools/esp32-arduino-libs/esp32s3/qio_opi/include -I/home/dejiguru/Arduino/hardware/espressif/esp32/cores/esp32 -I/home/dejiguru/Arduino/hardware/espressif/esp32/variants/esp32s3 -I/home/dejiguru/Arduino/hardware/espressif/esp32/libraries/WiFi/src -I/home/dejiguru/Arduino/hardware/espressif/esp32/libraries/Network/src -I/home/dejiguru/Arduino/hardware/espressif/esp32/libraries/ArduinoOTA/src -I/home/dejiguru/Arduino/hardware/espressif/esp32/libraries/Update/src -I/home/dejiguru/Arduino/hardware/espressif/esp32/libraries/HTTPClient/src -I/home/dejiguru/Arduino/hardware/espressif/esp32/libraries/NetworkClientSecure/src -I/home/dejiguru/Arduino/libraries/ArduinoJson/src @/home/dejiguru/Arduino/ellabox/build-ellabox/build_opt.h @/home/dejiguru/Arduino/ellabox/build-ellabox/file_opts /home/dejiguru/Arduino/ellabox/build-ellabox/sketch/ellabox.ino.cpp -o /dev/null
Alternatives for Audio.h: [ESP32-audioI2S-master@3.4.5 DAZI-AI@1.0.0]
ResolveLibrary(Audio.h)
  -> candidates: [ESP32-audioI2S-master@3.4.5 DAZI-AI@1.0.0]
/home/dejiguru/Arduino/hardware/espressif/esp32/tools/xtensa-esp-elf/bin/xtensa-esp32s3-elf-g++ -c @/home/dejiguru/Arduino/hardware/espressif/esp32/tools/esp32-arduino-libs/esp32s3/flags/cpp_flags -w -Os -Werror=return-type -w -x c++ -E -CC -DF_CPU=240000000L -DARDUINO=10607 -DARDUINO_ESP32S3_DEV -DARDUINO_ARCH_ESP32 -DARDUINO_BOARD="ESP32S3_DEV" -DARDUINO_VARIANT="esp32s3" -DARDUINO_PARTITION_default_8MB -DARDUINO_HOST_OS="linux" -DARDUINO_FQBN="espressif:esp32:esp32s3:PSRAM=opi,FlashSize=8M,PartitionScheme=default_8MB,UploadSpeed=921600,USBMode=hwcdc,CDCOnBoot=default" -DESP32=ESP32 -DCORE_DEBUG_LEVEL=0 -DARDUINO_RUNNING_CORE=1 -DARDUINO_EVENT_RUNNING_CORE=1 -DBOARD_HAS_PSRAM -DARDUINO_USB_MODE=1 -DARDUINO_USB_CDC_ON_BOOT=0 -DARDUINO_USB_MSC_ON_BOOT=0 -DARDUINO_USB_DFU_ON_BOOT=0 @/home/dejiguru/Arduino/hardware/espressif/esp32/tools/esp32-arduino-libs/esp32s3/flags/defines -I/home/dejiguru/Arduino/ellabox -iprefix /home/dejiguru/Arduino/hardware/espressif/esp32/tools/esp32-arduino-libs/esp32s3/include/ @/home/dejiguru/Arduino/hardware/espressif/esp32/tools/esp32-arduino-libs/esp32s3/flags/includes -I/home/dejiguru/Arduino/hardware/espressif/esp32/tools/esp32-arduino-libs/esp32s3/qio_opi/include -I/home/dejiguru/Arduino/hardware/espressif/esp32/cores/esp32 -I/home/dejiguru/Arduino/hardware/espressif/esp32/variants/esp32s3 -I/home/dejiguru/Arduino/hardware/espressif/esp32/libraries/WiFi/src -I/home/dejiguru/Arduino/hardware/espressif/esp32/libraries/Network/src -I/home/dejiguru/Arduino/hardware/espressif/esp32/libraries/ArduinoOTA/src -I/home/dejiguru/Arduino/hardware/espressif/esp32/libraries/Update/src -I/home/dejiguru/Arduino/hardware/espressif/esp32/libraries/HTTPClient/src -I/home/dejiguru/Arduino/hardware/espressif/esp32/libraries/NetworkClientSecure/src -I/home/dejiguru/Arduino/libraries/ArduinoJson/src -I/home/dejiguru/Arduino/libraries/ESP32-audioI2S-master/src @/home/dejiguru/Arduino/ellabox/build-ellabox/build_opt.h @/home/dejiguru/Arduino/ellabox/build-ellabox/file_opts /home/dejiguru/Arduino/ellabox/build-ellabox/sketch/ellabox.ino.cpp -o /dev/null
Alternatives for FFat.h: [FFat@3.3.7]
ResolveLibrary(FFat.h)
  -> candidates: [FFat@3.3.7]
/home/dejiguru/Arduino/hardware/espressif/esp32/tools/xtensa-esp-elf/bin/xtensa-esp32s3-elf-g++ -c @/home/dejiguru/Arduino/hardware/espressif/esp32/tools/esp32-arduino-libs/esp32s3/flags/cpp_flags -w -Os -Werror=return-type -w -x c++ -E -CC -DF_CPU=240000000L -DARDUINO=10607 -DARDUINO_ESP32S3_DEV -DARDUINO_ARCH_ESP32 -DARDUINO_BOARD="ESP32S3_DEV" -DARDUINO_VARIANT="esp32s3" -DARDUINO_PARTITION_default_8MB -DARDUINO_HOST_OS="linux" -DARDUINO_FQBN="espressif:esp32:esp32s3:PSRAM=opi,FlashSize=8M,PartitionScheme=default_8MB,UploadSpeed=921600,USBMode=hwcdc,CDCOnBoot=default" -DESP32=ESP32 -DCORE_DEBUG_LEVEL=0 -DARDUINO_RUNNING_CORE=1 -DARDUINO_EVENT_RUNNING_CORE=1 -DBOARD_HAS_PSRAM -DARDUINO_USB_MODE=1 -DARDUINO_USB_CDC_ON_BOOT=0 -DARDUINO_USB_MSC_ON_BOOT=0 -DARDUINO_USB_DFU_ON_BOOT=0 @/home/dejiguru/Arduino/hardware/espressif/esp32/tools/esp32-arduino-libs/esp32s3/flags/defines -I/home/dejiguru/Arduino/ellabox -iprefix /home/dejiguru/Arduino/hardware/espressif/esp32/tools/esp32-arduino-libs/esp32s3/include/ @/home/dejiguru/Arduino/hardware/espressif/esp32/tools/esp32-arduino-libs/esp32s3/flags/includes -I/home/dejiguru/Arduino/hardware/espressif/esp32/tools/esp32-arduino-libs/esp32s3/qio_opi/include -I/home/dejiguru/Arduino/hardware/espressif/esp32/cores/esp32 -I/home/dejiguru/Arduino/hardware/espressif/esp32/variants/esp32s3 -I/home/dejiguru/Arduino/hardware/espressif/esp32/libraries/WiFi/src -I/home/dejiguru/Arduino/hardware/espressif/esp32/libraries/Network/src -I/home/dejiguru/Arduino/hardware/espressif/esp32/libraries/ArduinoOTA/src -I/home/dejiguru/Arduino/hardware/espressif/esp32/libraries/Update/src -I/home/dejiguru/Arduino/hardware/espressif/esp32/libraries/HTTPClient/src -I/home/dejiguru/Arduino/hardware/espressif/esp32/libraries/NetworkClientSecure/src -I/home/dejiguru/Arduino/libraries/ArduinoJson/src -I/home/dejiguru/Arduino/libraries/ESP32-audioI2S-master/src -I/home/dejiguru/Arduino/hardware/espressif/esp32/libraries/FFat/src @/home/dejiguru/Arduino/ellabox/build-ellabox/build_opt.h @/home/dejiguru/Arduino/ellabox/build-ellabox/file_opts /home/dejiguru/Arduino/ellabox/build-ellabox/sketch/ellabox.ino.cpp -o /dev/null
Alternatives for FS.h: [FS@3.3.7]
ResolveLibrary(FS.h)
  -> candidates: [FS@3.3.7]
/home/dejiguru/Arduino/hardware/espressif/esp32/tools/xtensa-esp-elf/bin/xtensa-esp32s3-elf-g++ -c @/home/dejiguru/Arduino/hardware/espressif/esp32/tools/esp32-arduino-libs/esp32s3/flags/cpp_flags -w -Os -Werror=return-type -w -x c++ -E -CC -DF_CPU=240000000L -DARDUINO=10607 -DARDUINO_ESP32S3_DEV -DARDUINO_ARCH_ESP32 -DARDUINO_BOARD="ESP32S3_DEV" -DARDUINO_VARIANT="esp32s3" -DARDUINO_PARTITION_default_8MB -DARDUINO_HOST_OS="linux" -DARDUINO_FQBN="espressif:esp32:esp32s3:PSRAM=opi,FlashSize=8M,PartitionScheme=default_8MB,UploadSpeed=921600,USBMode=hwcdc,CDCOnBoot=default" -DESP32=ESP32 -DCORE_DEBUG_LEVEL=0 -DARDUINO_RUNNING_CORE=1 -DARDUINO_EVENT_RUNNING_CORE=1 -DBOARD_HAS_PSRAM -DARDUINO_USB_MODE=1 -DARDUINO_USB_CDC_ON_BOOT=0 -DARDUINO_USB_MSC_ON_BOOT=0 -DARDUINO_USB_DFU_ON_BOOT=0 @/home/dejiguru/Arduino/hardware/espressif/esp32/tools/esp32-arduino-libs/esp32s3/flags/defines -I/home/dejiguru/Arduino/ellabox -iprefix /home/dejiguru/Arduino/hardware/espressif/esp32/tools/esp32-arduino-libs/esp32s3/include/ @/home/dejiguru/Arduino/hardware/espressif/esp32/tools/esp32-arduino-libs/esp32s3/flags/includes -I/home/dejiguru/Arduino/hardware/espressif/esp32/tools/esp32-arduino-libs/esp32s3/qio_opi/include -I/home/dejiguru/Arduino/hardware/espressif/esp32/cores/esp32 -I/home/dejiguru/Arduino/hardware/espressif/esp32/variants/esp32s3 -I/home/dejiguru/Arduino/hardware/espressif/esp32/libraries/WiFi/src -I/home/dejiguru/Arduino/hardware/espressif/esp32/libraries/Network/src -I/home/dejiguru/Arduino/hardware/espressif/esp32/libraries/ArduinoOTA/src -I/home/dejiguru/Arduino/hardware/espressif/esp32/libraries/Update/src -I/home/dejiguru/Arduino/hardware/espressif/esp32/libraries/HTTPClient/src -I/home/dejiguru/Arduino/hardware/espressif/esp32/libraries/NetworkClientSecure/src -I/home/dejiguru/Arduino/libraries/ArduinoJson/src -I/home/dejiguru/Arduino/libraries/ESP32-audioI2S-master/src -I/home/dejiguru/Arduino/hardware/espressif/esp32/libraries/FFat/src -I/home/dejiguru/Arduino/hardware/espressif/esp32/libraries/FS/src @/home/dejiguru/Arduino/ellabox/build-ellabox/build_opt.h @/home/dejiguru/Arduino/ellabox/build-ellabox/file_opts /home/dejiguru/Arduino/ellabox/build-ellabox/sketch/ellabox.ino.cpp -o /dev/null
Alternatives for SD.h: [SD@1.3.0 SD@3.3.7]
ResolveLibrary(SD.h)
  -> candidates: [SD@1.3.0 SD@3.3.7]
/home/dejiguru/Arduino/hardware/espressif/esp32/tools/xtensa-esp-elf/bin/xtensa-esp32s3-elf-g++ -c @/home/dejiguru/Arduino/hardware/espressif/esp32/tools/esp32-arduino-libs/esp32s3/flags/cpp_flags -w -Os -Werror=return-type -w -x c++ -E -CC -DF_CPU=240000000L -DARDUINO=10607 -DARDUINO_ESP32S3_DEV -DARDUINO_ARCH_ESP32 -DARDUINO_BOARD="ESP32S3_DEV" -DARDUINO_VARIANT="esp32s3" -DARDUINO_PARTITION_default_8MB -DARDUINO_HOST_OS="linux" -DARDUINO_FQBN="espressif:esp32:esp32s3:PSRAM=opi,FlashSize=8M,PartitionScheme=default_8MB,UploadSpeed=921600,USBMode=hwcdc,CDCOnBoot=default" -DESP32=ESP32 -DCORE_DEBUG_LEVEL=0 -DARDUINO_RUNNING_CORE=1 -DARDUINO_EVENT_RUNNING_CORE=1 -DBOARD_HAS_PSRAM -DARDUINO_USB_MODE=1 -DARDUINO_USB_CDC_ON_BOOT=0 -DARDUINO_USB_MSC_ON_BOOT=0 -DARDUINO_USB_DFU_ON_BOOT=0 @/home/dejiguru/Arduino/hardware/espressif/esp32/tools/esp32-arduino-libs/esp32s3/flags/defines -I/home/dejiguru/Arduino/ellabox -iprefix /home/dejiguru/Arduino/hardware/espressif/esp32/tools/esp32-arduino-libs/esp32s3/include/ @/home/dejiguru/Arduino/hardware/espressif/esp32/tools/esp32-arduino-libs/esp32s3/flags/includes -I/home/dejiguru/Arduino/hardware/espressif/esp32/tools/esp32-arduino-libs/esp32s3/qio_opi/include -I/home/dejiguru/Arduino/hardware/espressif/esp32/cores/esp32 -I/home/dejiguru/Arduino/hardware/espressif/esp32/variants/esp32s3 -I/home/dejiguru/Arduino/hardware/espressif/esp32/libraries/WiFi/src -I/home/dejiguru/Arduino/hardware/espressif/esp32/libraries/Network/src -I/home/dejiguru/Arduino/hardware/espressif/esp32/libraries/ArduinoOTA/src -I/home/dejiguru/Arduino/hardware/espressif/esp32/libraries/Update/src -I/home/dejiguru/Arduino/hardware/espressif/esp32/libraries/HTTPClient/src -I/home/dejiguru/Arduino/hardware/espressif/esp32/libraries/NetworkClientSecure/src -I/home/dejiguru/Arduino/libraries/ArduinoJson/src -I/home/dejiguru/Arduino/libraries/ESP32-audioI2S-master/src -I/home/dejiguru/Arduino/hardware/espressif/esp32/libraries/FFat/src -I/home/dejiguru/Arduino/hardware/espressif/esp32/libraries/FS/src -I/home/dejiguru/Arduino/hardware/espressif/esp32/libraries/SD/src @/home/dejiguru/Arduino/ellabox/build-ellabox/build_opt.h @/home/dejiguru/Arduino/ellabox/build-ellabox/file_opts /home/dejiguru/Arduino/ellabox/build-ellabox/sketch/ellabox.ino.cpp -o /dev/null
Alternatives for SPI.h: [SPI@3.3.7]
ResolveLibrary(SPI.h)
  -> candidates: [SPI@3.3.7]
/home/dejiguru/Arduino/hardware/espressif/esp32/tools/xtensa-esp-elf/bin/xtensa-esp32s3-elf-g++ -c @/home/dejiguru/Arduino/hardware/espressif/esp32/tools/esp32-arduino-libs/esp32s3/flags/cpp_flags -w -Os -Werror=return-type -w -x c++ -E -CC -DF_CPU=240000000L -DARDUINO=10607 -DARDUINO_ESP32S3_DEV -DARDUINO_ARCH_ESP32 -DARDUINO_BOARD="ESP32S3_DEV" -DARDUINO_VARIANT="esp32s3" -DARDUINO_PARTITION_default_8MB -DARDUINO_HOST_OS="linux" -DARDUINO_FQBN="espressif:esp32:esp32s3:PSRAM=opi,FlashSize=8M,PartitionScheme=default_8MB,UploadSpeed=921600,USBMode=hwcdc,CDCOnBoot=default" -DESP32=ESP32 -DCORE_DEBUG_LEVEL=0 -DARDUINO_RUNNING_CORE=1 -DARDUINO_EVENT_RUNNING_CORE=1 -DBOARD_HAS_PSRAM -DARDUINO_USB_MODE=1 -DARDUINO_USB_CDC_ON_BOOT=0 -DARDUINO_USB_MSC_ON_BOOT=0 -DARDUINO_USB_DFU_ON_BOOT=0 @/home/dejiguru/Arduino/hardware/espressif/esp32/tools/esp32-arduino-libs/esp32s3/flags/defines -I/home/dejiguru/Arduino/ellabox -iprefix /home/dejiguru/Arduino/hardware/espressif/esp32/tools/esp32-arduino-libs/esp32s3/include/ @/home/dejiguru/Arduino/hardware/espressif/esp32/tools/esp32-arduino-libs/esp32s3/flags/includes -I/home/dejiguru/Arduino/hardware/espressif/esp32/tools/esp32-arduino-libs/esp32s3/qio_opi/include -I/home/dejiguru/Arduino/hardware/espressif/esp32/cores/esp32 -I/home/dejiguru/Arduino/hardware/espressif/esp32/variants/esp32s3 -I/home/dejiguru/Arduino/hardware/espressif/esp32/libraries/WiFi/src -I/home/dejiguru/Arduino/hardware/espressif/esp32/libraries/Network/src -I/home/dejiguru/Arduino/hardware/espressif/esp32/libraries/ArduinoOTA/src -I/home/dejiguru/Arduino/hardware/espressif/esp32/libraries/Update/src -I/home/dejiguru/Arduino/hardware/espressif/esp32/libraries/HTTPClient/src -I/home/dejiguru/Arduino/hardware/espressif/esp32/libraries/NetworkClientSecure/src -I/home/dejiguru/Arduino/libraries/ArduinoJson/src -I/home/dejiguru/Arduino/libraries/ESP32-audioI2S-master/src -I/home/dejiguru/Arduino/hardware/espressif/esp32/libraries/FFat/src -I/home/dejiguru/Arduino/hardware/espressif/esp32/libraries/FS/src -I/home/dejiguru/Arduino/hardware/espressif/esp32/libraries/SD/src -I/home/dejiguru/Arduino/hardware/espressif/esp32/libraries/SPI/src @/home/dejiguru/Arduino/ellabox/build-ellabox/build_opt.h @/home/dejiguru/Arduino/ellabox/build-ellabox/file_opts /home/dejiguru/Arduino/ellabox/build-ellabox/sketch/ellabox.ino.cpp -o /dev/null
Alternatives for SD_MMC.h: [SD_MMC@3.3.7]
ResolveLibrary(SD_MMC.h)
  -> candidates: [SD_MMC@3.3.7]
/home/dejiguru/Arduino/hardware/espressif/esp32/tools/xtensa-esp-elf/bin/xtensa-esp32s3-elf-g++ -c @/home/dejiguru/Arduino/hardware/espressif/esp32/tools/esp32-arduino-libs/esp32s3/flags/cpp_flags -w -Os -Werror=return-type -w -x c++ -E -CC -DF_CPU=240000000L -DARDUINO=10607 -DARDUINO_ESP32S3_DEV -DARDUINO_ARCH_ESP32 -DARDUINO_BOARD="ESP32S3_DEV" -DARDUINO_VARIANT="esp32s3" -DARDUINO_PARTITION_default_8MB -DARDUINO_HOST_OS="linux" -DARDUINO_FQBN="espressif:esp32:esp32s3:PSRAM=opi,FlashSize=8M,PartitionScheme=default_8MB,UploadSpeed=921600,USBMode=hwcdc,CDCOnBoot=default" -DESP32=ESP32 -DCORE_DEBUG_LEVEL=0 -DARDUINO_RUNNING_CORE=1 -DARDUINO_EVENT_RUNNING_CORE=1 -DBOARD_HAS_PSRAM -DARDUINO_USB_MODE=1 -DARDUINO_USB_CDC_ON_BOOT=0 -DARDUINO_USB_MSC_ON_BOOT=0 -DARDUINO_USB_DFU_ON_BOOT=0 @/home/dejiguru/Arduino/hardware/espressif/esp32/tools/esp32-arduino-libs/esp32s3/flags/defines -I/home/dejiguru/Arduino/ellabox -iprefix /home/dejiguru/Arduino/hardware/espressif/esp32/tools/esp32-arduino-libs/esp32s3/include/ @/home/dejiguru/Arduino/hardware/espressif/esp32/tools/esp32-arduino-libs/esp32s3/flags/includes -I/home/dejiguru/Arduino/hardware/espressif/esp32/tools/esp32-arduino-libs/esp32s3/qio_opi/include -I/home/dejiguru/Arduino/hardware/espressif/esp32/cores/esp32 -I/home/dejiguru/Arduino/hardware/espressif/esp32/variants/esp32s3 -I/home/dejiguru/Arduino/hardware/espressif/esp32/libraries/WiFi/src -I/home/dejiguru/Arduino/hardware/espressif/esp32/libraries/Network/src -I/home/dejiguru/Arduino/hardware/espressif/esp32/libraries/ArduinoOTA/src -I/home/dejiguru/Arduino/hardware/espressif/esp32/libraries/Update/src -I/home/dejiguru/Arduino/hardware/espressif/esp32/libraries/HTTPClient/src -I/home/dejiguru/Arduino/hardware/espressif/esp32/libraries/NetworkClientSecure/src -I/home/dejiguru/Arduino/libraries/ArduinoJson/src -I/home/dejiguru/Arduino/libraries/ESP32-audioI2S-master/src -I/home/dejiguru/Arduino/hardware/espressif/esp32/libraries/FFat/src -I/home/dejiguru/Arduino/hardware/espressif/esp32/libraries/FS/src -I/home/dejiguru/Arduino/hardware/espressif/esp32/libraries/SD/src -I/home/dejiguru/Arduino/hardware/espressif/esp32/libraries/SPI/src -I/home/dejiguru/Arduino/hardware/espressif/esp32/libraries/SD_MMC/src @/home/dejiguru/Arduino/ellabox/build-ellabox/build_opt.h @/home/dejiguru/Arduino/ellabox/build-ellabox/file_opts /home/dejiguru/Arduino/ellabox/build-ellabox/sketch/ellabox.ino.cpp -o /dev/null
Alternatives for ESP_I2S.h: [ESP_I2S@3.3.7]
ResolveLibrary(ESP_I2S.h)
  -> candidates: [ESP_I2S@3.3.7]
/home/dejiguru/Arduino/hardware/espressif/esp32/tools/xtensa-esp-elf/bin/xtensa-esp32s3-elf-g++ -c @/home/dejiguru/Arduino/hardware/espressif/esp32/tools/esp32-arduino-libs/esp32s3/flags/cpp_flags -w -Os -Werror=return-type -w -x c++ -E -CC -DF_CPU=240000000L -DARDUINO=10607 -DARDUINO_ESP32S3_DEV -DARDUINO_ARCH_ESP32 -DARDUINO_BOARD="ESP32S3_DEV" -DARDUINO_VARIANT="esp32s3" -DARDUINO_PARTITION_default_8MB -DARDUINO_HOST_OS="linux" -DARDUINO_FQBN="espressif:esp32:esp32s3:PSRAM=opi,FlashSize=8M,PartitionScheme=default_8MB,UploadSpeed=921600,USBMode=hwcdc,CDCOnBoot=default" -DESP32=ESP32 -DCORE_DEBUG_LEVEL=0 -DARDUINO_RUNNING_CORE=1 -DARDUINO_EVENT_RUNNING_CORE=1 -DBOARD_HAS_PSRAM -DARDUINO_USB_MODE=1 -DARDUINO_USB_CDC_ON_BOOT=0 -DARDUINO_USB_MSC_ON_BOOT=0 -DARDUINO_USB_DFU_ON_BOOT=0 @/home/dejiguru/Arduino/hardware/espressif/esp32/tools/esp32-arduino-libs/esp32s3/flags/defines -I/home/dejiguru/Arduino/ellabox -iprefix /home/dejiguru/Arduino/hardware/espressif/esp32/tools/esp32-arduino-libs/esp32s3/include/ @/home/dejiguru/Arduino/hardware/espressif/esp32/tools/esp32-arduino-libs/esp32s3/flags/includes -I/home/dejiguru/Arduino/hardware/espressif/esp32/tools/esp32-arduino-libs/esp32s3/qio_opi/include -I/home/dejiguru/Arduino/hardware/espressif/esp32/cores/esp32 -I/home/dejiguru/Arduino/hardware/espressif/esp32/variants/esp32s3 -I/home/dejiguru/Arduino/hardware/espressif/esp32/libraries/WiFi/src -I/home/dejiguru/Arduino/hardware/espressif/esp32/libraries/Network/src -I/home/dejiguru/Arduino/hardware/espressif/esp32/libraries/ArduinoOTA/src -I/home/dejiguru/Arduino/hardware/espressif/esp32/libraries/Update/src -I/home/dejiguru/Arduino/hardware/espressif/esp32/libraries/HTTPClient/src -I/home/dejiguru/Arduino/hardware/espressif/esp32/libraries/NetworkClientSecure/src -I/home/dejiguru/Arduino/libraries/ArduinoJson/src -I/home/dejiguru/Arduino/libraries/ESP32-audioI2S-master/src -I/home/dejiguru/Arduino/hardware/espressif/esp32/libraries/FFat/src -I/home/dejiguru/Arduino/hardware/espressif/esp32/libraries/FS/src -I/home/dejiguru/Arduino/hardware/espressif/esp32/libraries/SD/src -I/home/dejiguru/Arduino/hardware/espressif/esp32/libraries/SPI/src -I/home/dejiguru/Arduino/hardware/espressif/esp32/libraries/SD_MMC/src -I/home/dejiguru/Arduino/hardware/espressif/esp32/libraries/ESP_I2S/src @/home/dejiguru/Arduino/ellabox/build-ellabox/build_opt.h @/home/dejiguru/Arduino/ellabox/build-ellabox/file_opts /home/dejiguru/Arduino/ellabox/build-ellabox/sketch/ellabox.ino.cpp -o /dev/null
Alternatives for SPIFFS.h: [SPIFFS@3.3.7]
ResolveLibrary(SPIFFS.h)
  -> candidates: [SPIFFS@3.3.7]
/home/dejiguru/Arduino/hardware/espressif/esp32/tools/xtensa-esp-elf/bin/xtensa-esp32s3-elf-g++ -c @/home/dejiguru/Arduino/hardware/espressif/esp32/tools/esp32-arduino-libs/esp32s3/flags/cpp_flags -w -Os -Werror=return-type -w -x c++ -E -CC -DF_CPU=240000000L -DARDUINO=10607 -DARDUINO_ESP32S3_DEV -DARDUINO_ARCH_ESP32 -DARDUINO_BOARD="ESP32S3_DEV" -DARDUINO_VARIANT="esp32s3" -DARDUINO_PARTITION_default_8MB -DARDUINO_HOST_OS="linux" -DARDUINO_FQBN="espressif:esp32:esp32s3:PSRAM=opi,FlashSize=8M,PartitionScheme=default_8MB,UploadSpeed=921600,USBMode=hwcdc,CDCOnBoot=default" -DESP32=ESP32 -DCORE_DEBUG_LEVEL=0 -DARDUINO_RUNNING_CORE=1 -DARDUINO_EVENT_RUNNING_CORE=1 -DBOARD_HAS_PSRAM -DARDUINO_USB_MODE=1 -DARDUINO_USB_CDC_ON_BOOT=0 -DARDUINO_USB_MSC_ON_BOOT=0 -DARDUINO_USB_DFU_ON_BOOT=0 @/home/dejiguru/Arduino/hardware/espressif/esp32/tools/esp32-arduino-libs/esp32s3/flags/defines -I/home/dejiguru/Arduino/ellabox -iprefix /home/dejiguru/Arduino/hardware/espressif/esp32/tools/esp32-arduino-libs/esp32s3/include/ @/home/dejiguru/Arduino/hardware/espressif/esp32/tools/esp32-arduino-libs/esp32s3/flags/includes -I/home/dejiguru/Arduino/hardware/espressif/esp32/tools/esp32-arduino-libs/esp32s3/qio_opi/include -I/home/dejiguru/Arduino/hardware/espressif/esp32/cores/esp32 -I/home/dejiguru/Arduino/hardware/espressif/esp32/variants/esp32s3 -I/home/dejiguru/Arduino/hardware/espressif/esp32/libraries/WiFi/src -I/home/dejiguru/Arduino/hardware/espressif/esp32/libraries/Network/src -I/home/dejiguru/Arduino/hardware/espressif/esp32/libraries/ArduinoOTA/src -I/home/dejiguru/Arduino/hardware/espressif/esp32/libraries/Update/src -I/home/dejiguru/Arduino/hardware/espressif/esp32/libraries/HTTPClient/src -I/home/dejiguru/Arduino/hardware/espressif/esp32/libraries/NetworkClientSecure/src -I/home/dejiguru/Arduino/libraries/ArduinoJson/src -I/home/dejiguru/Arduino/libraries/ESP32-audioI2S-master/src -I/home/dejiguru/Arduino/hardware/espressif/esp32/libraries/FFat/src -I/home/dejiguru/Arduino/hardware/espressif/esp32/libraries/FS/src -I/home/dejiguru/Arduino/hardware/espressif/esp32/libraries/SD/src -I/home/dejiguru/Arduino/hardware/espressif/esp32/libraries/SPI/src -I/home/dejiguru/Arduino/hardware/espressif/esp32/libraries/SD_MMC/src -I/home/dejiguru/Arduino/hardware/espressif/esp32/libraries/ESP_I2S/src -I/home/dejiguru/Arduino/hardware/espressif/esp32/libraries/SPIFFS/src @/home/dejiguru/Arduino/ellabox/build-ellabox/build_opt.h @/home/dejiguru/Arduino/ellabox/build-ellabox/file_opts /home/dejiguru/Arduino/ellabox/build-ellabox/sketch/ellabox.ino.cpp -o /dev/null
Alternatives for Adafruit_GFX.h: [Adafruit GFX Library@1.12.6]
ResolveLibrary(Adafruit_GFX.h)
  -> candidates: [Adafruit GFX Library@1.12.6]
/home/dejiguru/Arduino/hardware/espressif/esp32/tools/xtensa-esp-elf/bin/xtensa-esp32s3-elf-g++ -c @/home/dejiguru/Arduino/hardware/espressif/esp32/tools/esp32-arduino-libs/esp32s3/flags/cpp_flags -w -Os -Werror=return-type -w -x c++ -E -CC -DF_CPU=240000000L -DARDUINO=10607 -DARDUINO_ESP32S3_DEV -DARDUINO_ARCH_ESP32 -DARDUINO_BOARD="ESP32S3_DEV" -DARDUINO_VARIANT="esp32s3" -DARDUINO_PARTITION_default_8MB -DARDUINO_HOST_OS="linux" -DARDUINO_FQBN="espressif:esp32:esp32s3:PSRAM=opi,FlashSize=8M,PartitionScheme=default_8MB,UploadSpeed=921600,USBMode=hwcdc,CDCOnBoot=default" -DESP32=ESP32 -DCORE_DEBUG_LEVEL=0 -DARDUINO_RUNNING_CORE=1 -DARDUINO_EVENT_RUNNING_CORE=1 -DBOARD_HAS_PSRAM -DARDUINO_USB_MODE=1 -DARDUINO_USB_CDC_ON_BOOT=0 -DARDUINO_USB_MSC_ON_BOOT=0 -DARDUINO_USB_DFU_ON_BOOT=0 @/home/dejiguru/Arduino/hardware/espressif/esp32/tools/esp32-arduino-libs/esp32s3/flags/defines -I/home/dejiguru/Arduino/ellabox -iprefix /home/dejiguru/Arduino/hardware/espressif/esp32/tools/esp32-arduino-libs/esp32s3/include/ @/home/dejiguru/Arduino/hardware/espressif/esp32/tools/esp32-arduino-libs/esp32s3/flags/includes -I/home/dejiguru/Arduino/hardware/espressif/esp32/tools/esp32-arduino-libs/esp32s3/qio_opi/include -I/home/dejiguru/Arduino/hardware/espressif/esp32/cores/esp32 -I/home/dejiguru/Arduino/hardware/espressif/esp32/variants/esp32s3 -I/home/dejiguru/Arduino/hardware/espressif/esp32/libraries/WiFi/src -I/home/dejiguru/Arduino/hardware/espressif/esp32/libraries/Network/src -I/home/dejiguru/Arduino/hardware/espressif/esp32/libraries/ArduinoOTA/src -I/home/dejiguru/Arduino/hardware/espressif/esp32/libraries/Update/src -I/home/dejiguru/Arduino/hardware/espressif/esp32/libraries/HTTPClient/src -I/home/dejiguru/Arduino/hardware/espressif/esp32/libraries/NetworkClientSecure/src -I/home/dejiguru/Arduino/libraries/ArduinoJson/src -I/home/dejiguru/Arduino/libraries/ESP32-audioI2S-master/src -I/home/dejiguru/Arduino/hardware/espressif/esp32/libraries/FFat/src -I/home/dejiguru/Arduino/hardware/espressif/esp32/libraries/FS/src -I/home/dejiguru/Arduino/hardware/espressif/esp32/libraries/SD/src -I/home/dejiguru/Arduino/hardware/espressif/esp32/libraries/SPI/src -I/home/dejiguru/Arduino/hardware/espressif/esp32/libraries/SD_MMC/src -I/home/dejiguru/Arduino/hardware/espressif/esp32/libraries/ESP_I2S/src -I/home/dejiguru/Arduino/hardware/espressif/esp32/libraries/SPIFFS/src -I/home/dejiguru/Arduino/libraries/Adafruit_GFX_Library @/home/dejiguru/Arduino/ellabox/build-ellabox/build_opt.h @/home/dejiguru/Arduino/ellabox/build-ellabox/file_opts /home/dejiguru/Arduino/ellabox/build-ellabox/sketch/ellabox.ino.cpp -o /dev/null
Alternatives for Adafruit_I2CDevice.h: [Adafruit BusIO@1.17.4]
ResolveLibrary(Adafruit_I2CDevice.h)
  -> candidates: [Adafruit BusIO@1.17.4]
/home/dejiguru/Arduino/hardware/espressif/esp32/tools/xtensa-esp-elf/bin/xtensa-esp32s3-elf-g++ -c @/home/dejiguru/Arduino/hardware/espressif/esp32/tools/esp32-arduino-libs/esp32s3/flags/cpp_flags -w -Os -Werror=return-type -w -x c++ -E -CC -DF_CPU=240000000L -DARDUINO=10607 -DARDUINO_ESP32S3_DEV -DARDUINO_ARCH_ESP32 -DARDUINO_BOARD="ESP32S3_DEV" -DARDUINO_VARIANT="esp32s3" -DARDUINO_PARTITION_default_8MB -DARDUINO_HOST_OS="linux" -DARDUINO_FQBN="espressif:esp32:esp32s3:PSRAM=opi,FlashSize=8M,PartitionScheme=default_8MB,UploadSpeed=921600,USBMode=hwcdc,CDCOnBoot=default" -DESP32=ESP32 -DCORE_DEBUG_LEVEL=0 -DARDUINO_RUNNING_CORE=1 -DARDUINO_EVENT_RUNNING_CORE=1 -DBOARD_HAS_PSRAM -DARDUINO_USB_MODE=1 -DARDUINO_USB_CDC_ON_BOOT=0 -DARDUINO_USB_MSC_ON_BOOT=0 -DARDUINO_USB_DFU_ON_BOOT=0 @/home/dejiguru/Arduino/hardware/espressif/esp32/tools/esp32-arduino-libs/esp32s3/flags/defines -I/home/dejiguru/Arduino/ellabox -iprefix /home/dejiguru/Arduino/hardware/espressif/esp32/tools/esp32-arduino-libs/esp32s3/include/ @/home/dejiguru/Arduino/hardware/espressif/esp32/tools/esp32-arduino-libs/esp32s3/flags/includes -I/home/dejiguru/Arduino/hardware/espressif/esp32/tools/esp32-arduino-libs/esp32s3/qio_opi/include -I/home/dejiguru/Arduino/hardware/espressif/esp32/cores/esp32 -I/home/dejiguru/Arduino/hardware/espressif/esp32/variants/esp32s3 -I/home/dejiguru/Arduino/hardware/espressif/esp32/libraries/WiFi/src -I/home/dejiguru/Arduino/hardware/espressif/esp32/libraries/Network/src -I/home/dejiguru/Arduino/hardware/espressif/esp32/libraries/ArduinoOTA/src -I/home/dejiguru/Arduino/hardware/espressif/esp32/libraries/Update/src -I/home/dejiguru/Arduino/hardware/espressif/esp32/libraries/HTTPClient/src -I/home/dejiguru/Arduino/hardware/espressif/esp32/libraries/NetworkClientSecure/src -I/home/dejiguru/Arduino/libraries/ArduinoJson/src -I/home/dejiguru/Arduino/libraries/ESP32-audioI2S-master/src -I/home/dejiguru/Arduino/hardware/espressif/esp32/libraries/FFat/src -I/home/dejiguru/Arduino/hardware/espressif/esp32/libraries/FS/src -I/home/dejiguru/Arduino/hardware/espressif/esp32/libraries/SD/src -I/home/dejiguru/Arduino/hardware/espressif/esp32/libraries/SPI/src -I/home/dejiguru/Arduino/hardware/espressif/esp32/libraries/SD_MMC/src -I/home/dejiguru/Arduino/hardware/espressif/esp32/libraries/ESP_I2S/src -I/home/dejiguru/Arduino/hardware/espressif/esp32/libraries/SPIFFS/src -I/home/dejiguru/Arduino/libraries/Adafruit_GFX_Library -I/home/dejiguru/Arduino/libraries/Adafruit_BusIO @/home/dejiguru/Arduino/ellabox/build-ellabox/build_opt.h @/home/dejiguru/Arduino/ellabox/build-ellabox/file_opts /home/dejiguru/Arduino/ellabox/build-ellabox/sketch/ellabox.ino.cpp -o /dev/null
Alternatives for Wire.h: [Wire@3.3.7]
ResolveLibrary(Wire.h)
  -> candidates: [Wire@3.3.7]
/home/dejiguru/Arduino/hardware/espressif/esp32/tools/xtensa-esp-elf/bin/xtensa-esp32s3-elf-g++ -c @/home/dejiguru/Arduino/hardware/espressif/esp32/tools/esp32-arduino-libs/esp32s3/flags/cpp_flags -w -Os -Werror=return-type -w -x c++ -E -CC -DF_CPU=240000000L -DARDUINO=10607 -DARDUINO_ESP32S3_DEV -DARDUINO_ARCH_ESP32 -DARDUINO_BOARD="ESP32S3_DEV" -DARDUINO_VARIANT="esp32s3" -DARDUINO_PARTITION_default_8MB -DARDUINO_HOST_OS="linux" -DARDUINO_FQBN="espressif:esp32:esp32s3:PSRAM=opi,FlashSize=8M,PartitionScheme=default_8MB,UploadSpeed=921600,USBMode=hwcdc,CDCOnBoot=default" -DESP32=ESP32 -DCORE_DEBUG_LEVEL=0 -DARDUINO_RUNNING_CORE=1 -DARDUINO_EVENT_RUNNING_CORE=1 -DBOARD_HAS_PSRAM -DARDUINO_USB_MODE=1 -DARDUINO_USB_CDC_ON_BOOT=0 -DARDUINO_USB_MSC_ON_BOOT=0 -DARDUINO_USB_DFU_ON_BOOT=0 @/home/dejiguru/Arduino/hardware/espressif/esp32/tools/esp32-arduino-libs/esp32s3/flags/defines -I/home/dejiguru/Arduino/ellabox -iprefix /home/dejiguru/Arduino/hardware/espressif/esp32/tools/esp32-arduino-libs/esp32s3/include/ @/home/dejiguru/Arduino/hardware/espressif/esp32/tools/esp32-arduino-libs/esp32s3/flags/includes -I/home/dejiguru/Arduino/hardware/espressif/esp32/tools/esp32-arduino-libs/esp32s3/qio_opi/include -I/home/dejiguru/Arduino/hardware/espressif/esp32/cores/esp32 -I/home/dejiguru/Arduino/hardware/espressif/esp32/variants/esp32s3 -I/home/dejiguru/Arduino/hardware/espressif/esp32/libraries/WiFi/src -I/home/dejiguru/Arduino/hardware/espressif/esp32/libraries/Network/src -I/home/dejiguru/Arduino/hardware/espressif/esp32/libraries/ArduinoOTA/src -I/home/dejiguru/Arduino/hardware/espressif/esp32/libraries/Update/src -I/home/dejiguru/Arduino/hardware/espressif/esp32/libraries/HTTPClient/src -I/home/dejiguru/Arduino/hardware/espressif/esp32/libraries/NetworkClientSecure/src -I/home/dejiguru/Arduino/libraries/ArduinoJson/src -I/home/dejiguru/Arduino/libraries/ESP32-audioI2S-master/src -I/home/dejiguru/Arduino/hardware/espressif/esp32/libraries/FFat/src -I/home/dejiguru/Arduino/hardware/espressif/esp32/libraries/FS/src -I/home/dejiguru/Arduino/hardware/espressif/esp32/libraries/SD/src -I/home/dejiguru/Arduino/hardware/espressif/esp32/libraries/SPI/src -I/home/dejiguru/Arduino/hardware/espressif/esp32/libraries/SD_MMC/src -I/home/dejiguru/Arduino/hardware/espressif/esp32/libraries/ESP_I2S/src -I/home/dejiguru/Arduino/hardware/espressif/esp32/libraries/SPIFFS/src -I/home/dejiguru/Arduino/libraries/Adafruit_GFX_Library -I/home/dejiguru/Arduino/libraries/Adafruit_BusIO -I/home/dejiguru/Arduino/hardware/espressif/esp32/libraries/Wire/src @/home/dejiguru/Arduino/ellabox/build-ellabox/build_opt.h @/home/dejiguru/Arduino/ellabox/build-ellabox/file_opts /home/dejiguru/Arduino/ellabox/build-ellabox/sketch/ellabox.ino.cpp -o /dev/null
Alternatives for Adafruit_ILI9341.h: [Adafruit ILI9341@1.6.3]
ResolveLibrary(Adafruit_ILI9341.h)
  -> candidates: [Adafruit ILI9341@1.6.3]
/home/dejiguru/Arduino/hardware/espressif/esp32/tools/xtensa-esp-elf/bin/xtensa-esp32s3-elf-g++ -c @/home/dejiguru/Arduino/hardware/espressif/esp32/tools/esp32-arduino-libs/esp32s3/flags/cpp_flags -w -Os -Werror=return-type -w -x c++ -E -CC -DF_CPU=240000000L -DARDUINO=10607 -DARDUINO_ESP32S3_DEV -DARDUINO_ARCH_ESP32 -DARDUINO_BOARD="ESP32S3_DEV" -DARDUINO_VARIANT="esp32s3" -DARDUINO_PARTITION_default_8MB -DARDUINO_HOST_OS="linux" -DARDUINO_FQBN="espressif:esp32:esp32s3:PSRAM=opi,FlashSize=8M,PartitionScheme=default_8MB,UploadSpeed=921600,USBMode=hwcdc,CDCOnBoot=default" -DESP32=ESP32 -DCORE_DEBUG_LEVEL=0 -DARDUINO_RUNNING_CORE=1 -DARDUINO_EVENT_RUNNING_CORE=1 -DBOARD_HAS_PSRAM -DARDUINO_USB_MODE=1 -DARDUINO_USB_CDC_ON_BOOT=0 -DARDUINO_USB_MSC_ON_BOOT=0 -DARDUINO_USB_DFU_ON_BOOT=0 @/home/dejiguru/Arduino/hardware/espressif/esp32/tools/esp32-arduino-libs/esp32s3/flags/defines -I/home/dejiguru/Arduino/ellabox -iprefix /home/dejiguru/Arduino/hardware/espressif/esp32/tools/esp32-arduino-libs/esp32s3/include/ @/home/dejiguru/Arduino/hardware/espressif/esp32/tools/esp32-arduino-libs/esp32s3/flags/includes -I/home/dejiguru/Arduino/hardware/espressif/esp32/tools/esp32-arduino-libs/esp32s3/qio_opi/include -I/home/dejiguru/Arduino/hardware/espressif/esp32/cores/esp32 -I/home/dejiguru/Arduino/hardware/espressif/esp32/variants/esp32s3 -I/home/dejiguru/Arduino/hardware/espressif/esp32/libraries/WiFi/src -I/home/dejiguru/Arduino/hardware/espressif/esp32/libraries/Network/src -I/home/dejiguru/Arduino/hardware/espressif/esp32/libraries/ArduinoOTA/src -I/home/dejiguru/Arduino/hardware/espressif/esp32/libraries/Update/src -I/home/dejiguru/Arduino/hardware/espressif/esp32/libraries/HTTPClient/src -I/home/dejiguru/Arduino/hardware/espressif/esp32/libraries/NetworkClientSecure/src -I/home/dejiguru/Arduino/libraries/ArduinoJson/src -I/home/dejiguru/Arduino/libraries/ESP32-audioI2S-master/src -I/home/dejiguru/Arduino/hardware/espressif/esp32/libraries/FFat/src -I/home/dejiguru/Arduino/hardware/espressif/esp32/libraries/FS/src -I/home/dejiguru/Arduino/hardware/espressif/esp32/libraries/SD/src -I/home/dejiguru/Arduino/hardware/espressif/esp32/libraries/SPI/src -I/home/dejiguru/Arduino/hardware/espressif/esp32/libraries/SD_MMC/src -I/home/dejiguru/Arduino/hardware/espressif/esp32/libraries/ESP_I2S/src -I/home/dejiguru/Arduino/hardware/espressif/esp32/libraries/SPIFFS/src -I/home/dejiguru/Arduino/libraries/Adafruit_GFX_Library -I/home/dejiguru/Arduino/libraries/Adafruit_BusIO -I/home/dejiguru/Arduino/hardware/espressif/esp32/libraries/Wire/src -I/home/dejiguru/Arduino/libraries/Adafruit_ILI9341 @/home/dejiguru/Arduino/ellabox/build-ellabox/build_opt.h @/home/dejiguru/Arduino/ellabox/build-ellabox/file_opts /home/dejiguru/Arduino/ellabox/build-ellabox/sketch/ellabox.ino.cpp -o /dev/null
Alternatives for Adafruit_AHTX0.h: [Adafruit AHTX0@2.0.6]
ResolveLibrary(Adafruit_AHTX0.h)
  -> candidates: [Adafruit AHTX0@2.0.6]
/home/dejiguru/Arduino/hardware/espressif/esp32/tools/xtensa-esp-elf/bin/xtensa-esp32s3-elf-g++ -c @/home/dejiguru/Arduino/hardware/espressif/esp32/tools/esp32-arduino-libs/esp32s3/flags/cpp_flags -w -Os -Werror=return-type -w -x c++ -E -CC -DF_CPU=240000000L -DARDUINO=10607 -DARDUINO_ESP32S3_DEV -DARDUINO_ARCH_ESP32 -DARDUINO_BOARD="ESP32S3_DEV" -DARDUINO_VARIANT="esp32s3" -DARDUINO_PARTITION_default_8MB -DARDUINO_HOST_OS="linux" -DARDUINO_FQBN="espressif:esp32:esp32s3:PSRAM=opi,FlashSize=8M,PartitionScheme=default_8MB,UploadSpeed=921600,USBMode=hwcdc,CDCOnBoot=default" -DESP32=ESP32 -DCORE_DEBUG_LEVEL=0 -DARDUINO_RUNNING_CORE=1 -DARDUINO_EVENT_RUNNING_CORE=1 -DBOARD_HAS_PSRAM -DARDUINO_USB_MODE=1 -DARDUINO_USB_CDC_ON_BOOT=0 -DARDUINO_USB_MSC_ON_BOOT=0 -DARDUINO_USB_DFU_ON_BOOT=0 @/home/dejiguru/Arduino/hardware/espressif/esp32/tools/esp32-arduino-libs/esp32s3/flags/defines -I/home/dejiguru/Arduino/ellabox -iprefix /home/dejiguru/Arduino/hardware/espressif/esp32/tools/esp32-arduino-libs/esp32s3/include/ @/home/dejiguru/Arduino/hardware/espressif/esp32/tools/esp32-arduino-libs/esp32s3/flags/includes -I/home/dejiguru/Arduino/hardware/espressif/esp32/tools/esp32-arduino-libs/esp32s3/qio_opi/include -I/home/dejiguru/Arduino/hardware/espressif/esp32/cores/esp32 -I/home/dejiguru/Arduino/hardware/espressif/esp32/variants/esp32s3 -I/home/dejiguru/Arduino/hardware/espressif/esp32/libraries/WiFi/src -I/home/dejiguru/Arduino/hardware/espressif/esp32/libraries/Network/src -I/home/dejiguru/Arduino/hardware/espressif/esp32/libraries/ArduinoOTA/src -I/home/dejiguru/Arduino/hardware/espressif/esp32/libraries/Update/src -I/home/dejiguru/Arduino/hardware/espressif/esp32/libraries/HTTPClient/src -I/home/dejiguru/Arduino/hardware/espressif/esp32/libraries/NetworkClientSecure/src -I/home/dejiguru/Arduino/libraries/ArduinoJson/src -I/home/dejiguru/Arduino/libraries/ESP32-audioI2S-master/src -I/home/dejiguru/Arduino/hardware/espressif/esp32/libraries/FFat/src -I/home/dejiguru/Arduino/hardware/espressif/esp32/libraries/FS/src -I/home/dejiguru/Arduino/hardware/espressif/esp32/libraries/SD/src -I/home/dejiguru/Arduino/hardware/espressif/esp32/libraries/SPI/src -I/home/dejiguru/Arduino/hardware/espressif/esp32/libraries/SD_MMC/src -I/home/dejiguru/Arduino/hardware/espressif/esp32/libraries/ESP_I2S/src -I/home/dejiguru/Arduino/hardware/espressif/esp32/libraries/SPIFFS/src -I/home/dejiguru/Arduino/libraries/Adafruit_GFX_Library -I/home/dejiguru/Arduino/libraries/Adafruit_BusIO -I/home/dejiguru/Arduino/hardware/espressif/esp32/libraries/Wire/src -I/home/dejiguru/Arduino/libraries/Adafruit_ILI9341 -I/home/dejiguru/Arduino/libraries/Adafruit_AHTX0 @/home/dejiguru/Arduino/ellabox/build-ellabox/build_opt.h @/home/dejiguru/Arduino/ellabox/build-ellabox/file_opts /home/dejiguru/Arduino/ellabox/build-ellabox/sketch/ellabox.ino.cpp -o /dev/null
Alternatives for Adafruit_Sensor.h: [Adafruit Unified Sensor@1.1.15]
ResolveLibrary(Adafruit_Sensor.h)
  -> candidates: [Adafruit Unified Sensor@1.1.15]
/home/dejiguru/Arduino/hardware/espressif/esp32/tools/xtensa-esp-elf/bin/xtensa-esp32s3-elf-g++ -c @/home/dejiguru/Arduino/hardware/espressif/esp32/tools/esp32-arduino-libs/esp32s3/flags/cpp_flags -w -Os -Werror=return-type -w -x c++ -E -CC -DF_CPU=240000000L -DARDUINO=10607 -DARDUINO_ESP32S3_DEV -DARDUINO_ARCH_ESP32 -DARDUINO_BOARD="ESP32S3_DEV" -DARDUINO_VARIANT="esp32s3" -DARDUINO_PARTITION_default_8MB -DARDUINO_HOST_OS="linux" -DARDUINO_FQBN="espressif:esp32:esp32s3:PSRAM=opi,FlashSize=8M,PartitionScheme=default_8MB,UploadSpeed=921600,USBMode=hwcdc,CDCOnBoot=default" -DESP32=ESP32 -DCORE_DEBUG_LEVEL=0 -DARDUINO_RUNNING_CORE=1 -DARDUINO_EVENT_RUNNING_CORE=1 -DBOARD_HAS_PSRAM -DARDUINO_USB_MODE=1 -DARDUINO_USB_CDC_ON_BOOT=0 -DARDUINO_USB_MSC_ON_BOOT=0 -DARDUINO_USB_DFU_ON_BOOT=0 @/home/dejiguru/Arduino/hardware/espressif/esp32/tools/esp32-arduino-libs/esp32s3/flags/defines -I/home/dejiguru/Arduino/ellabox -iprefix /home/dejiguru/Arduino/hardware/espressif/esp32/tools/esp32-arduino-libs/esp32s3/include/ @/home/dejiguru/Arduino/hardware/espressif/esp32/tools/esp32-arduino-libs/esp32s3/flags/includes -I/home/dejiguru/Arduino/hardware/espressif/esp32/tools/esp32-arduino-libs/esp32s3/qio_opi/include -I/home/dejiguru/Arduino/hardware/espressif/esp32/cores/esp32 -I/home/dejiguru/Arduino/hardware/espressif/esp32/variants/esp32s3 -I/home/dejiguru/Arduino/hardware/espressif/esp32/libraries/WiFi/src -I/home/dejiguru/Arduino/hardware/espressif/esp32/libraries/Network/src -I/home/dejiguru/Arduino/hardware/espressif/esp32/libraries/ArduinoOTA/src -I/home/dejiguru/Arduino/hardware/espressif/esp32/libraries/Update/src -I/home/dejiguru/Arduino/hardware/espressif/esp32/libraries/HTTPClient/src -I/home/dejiguru/Arduino/hardware/espressif/esp32/libraries/NetworkClientSecure/src -I/home/dejiguru/Arduino/libraries/ArduinoJson/src -I/home/dejiguru/Arduino/libraries/ESP32-audioI2S-master/src -I/home/dejiguru/Arduino/hardware/espressif/esp32/libraries/FFat/src -I/home/dejiguru/Arduino/hardware/espressif/esp32/libraries/FS/src -I/home/dejiguru/Arduino/hardware/espressif/esp32/libraries/SD/src -I/home/dejiguru/Arduino/hardware/espressif/esp32/libraries/SPI/src -I/home/dejiguru/Arduino/hardware/espressif/esp32/libraries/SD_MMC/src -I/home/dejiguru/Arduino/hardware/espressif/esp32/libraries/ESP_I2S/src -I/home/dejiguru/Arduino/hardware/espressif/esp32/libraries/SPIFFS/src -I/home/dejiguru/Arduino/libraries/Adafruit_GFX_Library -I/home/dejiguru/Arduino/libraries/Adafruit_BusIO -I/home/dejiguru/Arduino/hardware/espressif/esp32/libraries/Wire/src -I/home/dejiguru/Arduino/libraries/Adafruit_ILI9341 -I/home/dejiguru/Arduino/libraries/Adafruit_AHTX0 -I/home/dejiguru/Arduino/libraries/Adafruit_Unified_Sensor @/home/dejiguru/Arduino/ellabox/build-ellabox/build_opt.h @/home/dejiguru/Arduino/ellabox/build-ellabox/file_opts /home/dejiguru/Arduino/ellabox/build-ellabox/sketch/ellabox.ino.cpp -o /dev/null
Alternatives for ScioSense_ENS16x.h: [ScioSense_ENS16x@2.0.5]
ResolveLibrary(ScioSense_ENS16x.h)
  -> candidates: [ScioSense_ENS16x@2.0.5]
/home/dejiguru/Arduino/hardware/espressif/esp32/tools/xtensa-esp-elf/bin/xtensa-esp32s3-elf-g++ -c @/home/dejiguru/Arduino/hardware/espressif/esp32/tools/esp32-arduino-libs/esp32s3/flags/cpp_flags -w -Os -Werror=return-type -w -x c++ -E -CC -DF_CPU=240000000L -DARDUINO=10607 -DARDUINO_ESP32S3_DEV -DARDUINO_ARCH_ESP32 -DARDUINO_BOARD="ESP32S3_DEV" -DARDUINO_VARIANT="esp32s3" -DARDUINO_PARTITION_default_8MB -DARDUINO_HOST_OS="linux" -DARDUINO_FQBN="espressif:esp32:esp32s3:PSRAM=opi,FlashSize=8M,PartitionScheme=default_8MB,UploadSpeed=921600,USBMode=hwcdc,CDCOnBoot=default" -DESP32=ESP32 -DCORE_DEBUG_LEVEL=0 -DARDUINO_RUNNING_CORE=1 -DARDUINO_EVENT_RUNNING_CORE=1 -DBOARD_HAS_PSRAM -DARDUINO_USB_MODE=1 -DARDUINO_USB_CDC_ON_BOOT=0 -DARDUINO_USB_MSC_ON_BOOT=0 -DARDUINO_USB_DFU_ON_BOOT=0 @/home/dejiguru/Arduino/hardware/espressif/esp32/tools/esp32-arduino-libs/esp32s3/flags/defines -I/home/dejiguru/Arduino/ellabox -iprefix /home/dejiguru/Arduino/hardware/espressif/esp32/tools/esp32-arduino-libs/esp32s3/include/ @/home/dejiguru/Arduino/hardware/espressif/esp32/tools/esp32-arduino-libs/esp32s3/flags/includes -I/home/dejiguru/Arduino/hardware/espressif/esp32/tools/esp32-arduino-libs/esp32s3/qio_opi/include -I/home/dejiguru/Arduino/hardware/espressif/esp32/cores/esp32 -I/home/dejiguru/Arduino/hardware/espressif/esp32/variants/esp32s3 -I/home/dejiguru/Arduino/hardware/espressif/esp32/libraries/WiFi/src -I/home/dejiguru/Arduino/hardware/espressif/esp32/libraries/Network/src -I/home/dejiguru/Arduino/hardware/espressif/esp32/libraries/ArduinoOTA/src -I/home/dejiguru/Arduino/hardware/espressif/esp32/libraries/Update/src -I/home/dejiguru/Arduino/hardware/espressif/esp32/libraries/HTTPClient/src -I/home/dejiguru/Arduino/hardware/espressif/esp32/libraries/NetworkClientSecure/src -I/home/dejiguru/Arduino/libraries/ArduinoJson/src -I/home/dejiguru/Arduino/libraries/ESP32-audioI2S-master/src -I/home/dejiguru/Arduino/hardware/espressif/esp32/libraries/FFat/src -I/home/dejiguru/Arduino/hardware/espressif/esp32/libraries/FS/src -I/home/dejiguru/Arduino/hardware/espressif/esp32/libraries/SD/src -I/home/dejiguru/Arduino/hardware/espressif/esp32/libraries/SPI/src -I/home/dejiguru/Arduino/hardware/espressif/esp32/libraries/SD_MMC/src -I/home/dejiguru/Arduino/hardware/espressif/esp32/libraries/ESP_I2S/src -I/home/dejiguru/Arduino/hardware/espressif/esp32/libraries/SPIFFS/src -I/home/dejiguru/Arduino/libraries/Adafruit_GFX_Library -I/home/dejiguru/Arduino/libraries/Adafruit_BusIO -I/home/dejiguru/Arduino/hardware/espressif/esp32/libraries/Wire/src -I/home/dejiguru/Arduino/libraries/Adafruit_ILI9341 -I/home/dejiguru/Arduino/libraries/Adafruit_AHTX0 -I/home/dejiguru/Arduino/libraries/Adafruit_Unified_Sensor -I/home/dejiguru/Arduino/libraries/ScioSense_ENS16x/src @/home/dejiguru/Arduino/ellabox/build-ellabox/build_opt.h @/home/dejiguru/Arduino/ellabox/build-ellabox/file_opts /home/dejiguru/Arduino/ellabox/build-ellabox/sketch/ellabox.ino.cpp -o /dev/null
Alternatives for MAX30105.h: [SparkFun MAX3010x Pulse and Proximity Sensor Library@1.1.2]
ResolveLibrary(MAX30105.h)
  -> candidates: [SparkFun MAX3010x Pulse and Proximity Sensor Library@1.1.2]
/home/dejiguru/Arduino/hardware/espressif/esp32/tools/xtensa-esp-elf/bin/xtensa-esp32s3-elf-g++ -c @/home/dejiguru/Arduino/hardware/espressif/esp32/tools/esp32-arduino-libs/esp32s3/flags/cpp_flags -w -Os -Werror=return-type -w -x c++ -E -CC -DF_CPU=240000000L -DARDUINO=10607 -DARDUINO_ESP32S3_DEV -DARDUINO_ARCH_ESP32 -DARDUINO_BOARD="ESP32S3_DEV" -DARDUINO_VARIANT="esp32s3" -DARDUINO_PARTITION_default_8MB -DARDUINO_HOST_OS="linux" -DARDUINO_FQBN="espressif:esp32:esp32s3:PSRAM=opi,FlashSize=8M,PartitionScheme=default_8MB,UploadSpeed=921600,USBMode=hwcdc,CDCOnBoot=default" -DESP32=ESP32 -DCORE_DEBUG_LEVEL=0 -DARDUINO_RUNNING_CORE=1 -DARDUINO_EVENT_RUNNING_CORE=1 -DBOARD_HAS_PSRAM -DARDUINO_USB_MODE=1 -DARDUINO_USB_CDC_ON_BOOT=0 -DARDUINO_USB_MSC_ON_BOOT=0 -DARDUINO_USB_DFU_ON_BOOT=0 @/home/dejiguru/Arduino/hardware/espressif/esp32/tools/esp32-arduino-libs/esp32s3/flags/defines -I/home/dejiguru/Arduino/ellabox -iprefix /home/dejiguru/Arduino/hardware/espressif/esp32/tools/esp32-arduino-libs/esp32s3/include/ @/home/dejiguru/Arduino/hardware/espressif/esp32/tools/esp32-arduino-libs/esp32s3/flags/includes -I/home/dejiguru/Arduino/hardware/espressif/esp32/tools/esp32-arduino-libs/esp32s3/qio_opi/include -I/home/dejiguru/Arduino/hardware/espressif/esp32/cores/esp32 -I/home/dejiguru/Arduino/hardware/espressif/esp32/variants/esp32s3 -I/home/dejiguru/Arduino/hardware/espressif/esp32/libraries/WiFi/src -I/home/dejiguru/Arduino/hardware/espressif/esp32/libraries/Network/src -I/home/dejiguru/Arduino/hardware/espressif/esp32/libraries/ArduinoOTA/src -I/home/dejiguru/Arduino/hardware/espressif/esp32/libraries/Update/src -I/home/dejiguru/Arduino/hardware/espressif/esp32/libraries/HTTPClient/src -I/home/dejiguru/Arduino/hardware/espressif/esp32/libraries/NetworkClientSecure/src -I/home/dejiguru/Arduino/libraries/ArduinoJson/src -I/home/dejiguru/Arduino/libraries/ESP32-audioI2S-master/src -I/home/dejiguru/Arduino/hardware/espressif/esp32/libraries/FFat/src -I/home/dejiguru/Arduino/hardware/espressif/esp32/libraries/FS/src -I/home/dejiguru/Arduino/hardware/espressif/esp32/libraries/SD/src -I/home/dejiguru/Arduino/hardware/espressif/esp32/libraries/SPI/src -I/home/dejiguru/Arduino/hardware/espressif/esp32/libraries/SD_MMC/src -I/home/dejiguru/Arduino/hardware/espressif/esp32/libraries/ESP_I2S/src -I/home/dejiguru/Arduino/hardware/espressif/esp32/libraries/SPIFFS/src -I/home/dejiguru/Arduino/libraries/Adafruit_GFX_Library -I/home/dejiguru/Arduino/libraries/Adafruit_BusIO -I/home/dejiguru/Arduino/hardware/espressif/esp32/libraries/Wire/src -I/home/dejiguru/Arduino/libraries/Adafruit_ILI9341 -I/home/dejiguru/Arduino/libraries/Adafruit_AHTX0 -I/home/dejiguru/Arduino/libraries/Adafruit_Unified_Sensor -I/home/dejiguru/Arduino/libraries/ScioSense_ENS16x/src -I/home/dejiguru/Arduino/libraries/SparkFun_MAX3010x_Pulse_and_Proximity_Sensor_Library/src @/home/dejiguru/Arduino/ellabox/build-ellabox/build_opt.h @/home/dejiguru/Arduino/ellabox/build-ellabox/file_opts /home/dejiguru/Arduino/ellabox/build-ellabox/sketch/ellabox.ino.cpp -o /dev/null
Alternatives for U8g2lib.h: [U8g2@2.35.30]
ResolveLibrary(U8g2lib.h)
  -> candidates: [U8g2@2.35.30]
/home/dejiguru/Arduino/hardware/espressif/esp32/tools/xtensa-esp-elf/bin/xtensa-esp32s3-elf-g++ -c @/home/dejiguru/Arduino/hardware/espressif/esp32/tools/esp32-arduino-libs/esp32s3/flags/cpp_flags -w -Os -Werror=return-type -w -x c++ -E -CC -DF_CPU=240000000L -DARDUINO=10607 -DARDUINO_ESP32S3_DEV -DARDUINO_ARCH_ESP32 -DARDUINO_BOARD="ESP32S3_DEV" -DARDUINO_VARIANT="esp32s3" -DARDUINO_PARTITION_default_8MB -DARDUINO_HOST_OS="linux" -DARDUINO_FQBN="espressif:esp32:esp32s3:PSRAM=opi,FlashSize=8M,PartitionScheme=default_8MB,UploadSpeed=921600,USBMode=hwcdc,CDCOnBoot=default" -DESP32=ESP32 -DCORE_DEBUG_LEVEL=0 -DARDUINO_RUNNING_CORE=1 -DARDUINO_EVENT_RUNNING_CORE=1 -DBOARD_HAS_PSRAM -DARDUINO_USB_MODE=1 -DARDUINO_USB_CDC_ON_BOOT=0 -DARDUINO_USB_MSC_ON_BOOT=0 -DARDUINO_USB_DFU_ON_BOOT=0 @/home/dejiguru/Arduino/hardware/espressif/esp32/tools/esp32-arduino-libs/esp32s3/flags/defines -I/home/dejiguru/Arduino/ellabox -iprefix /home/dejiguru/Arduino/hardware/espressif/esp32/tools/esp32-arduino-libs/esp32s3/include/ @/home/dejiguru/Arduino/hardware/espressif/esp32/tools/esp32-arduino-libs/esp32s3/flags/includes -I/home/dejiguru/Arduino/hardware/espressif/esp32/tools/esp32-arduino-libs/esp32s3/qio_opi/include -I/home/dejiguru/Arduino/hardware/espressif/esp32/cores/esp32 -I/home/dejiguru/Arduino/hardware/espressif/esp32/variants/esp32s3 -I/home/dejiguru/Arduino/hardware/espressif/esp32/libraries/WiFi/src -I/home/dejiguru/Arduino/hardware/espressif/esp32/libraries/Network/src -I/home/dejiguru/Arduino/hardware/espressif/esp32/libraries/ArduinoOTA/src -I/home/dejiguru/Arduino/hardware/espressif/esp32/libraries/Update/src -I/home/dejiguru/Arduino/hardware/espressif/esp32/libraries/HTTPClient/src -I/home/dejiguru/Arduino/hardware/espressif/esp32/libraries/NetworkClientSecure/src -I/home/dejiguru/Arduino/libraries/ArduinoJson/src -I/home/dejiguru/Arduino/libraries/ESP32-audioI2S-master/src -I/home/dejiguru/Arduino/hardware/espressif/esp32/libraries/FFat/src -I/home/dejiguru/Arduino/hardware/espressif/esp32/libraries/FS/src -I/home/dejiguru/Arduino/hardware/espressif/esp32/libraries/SD/src -I/home/dejiguru/Arduino/hardware/espressif/esp32/libraries/SPI/src -I/home/dejiguru/Arduino/hardware/espressif/esp32/libraries/SD_MMC/src -I/home/dejiguru/Arduino/hardware/espressif/esp32/libraries/ESP_I2S/src -I/home/dejiguru/Arduino/hardware/espressif/esp32/libraries/SPIFFS/src -I/home/dejiguru/Arduino/libraries/Adafruit_GFX_Library -I/home/dejiguru/Arduino/libraries/Adafruit_BusIO -I/home/dejiguru/Arduino/hardware/espressif/esp32/libraries/Wire/src -I/home/dejiguru/Arduino/libraries/Adafruit_ILI9341 -I/home/dejiguru/Arduino/libraries/Adafruit_AHTX0 -I/home/dejiguru/Arduino/libraries/Adafruit_Unified_Sensor -I/home/dejiguru/Arduino/libraries/ScioSense_ENS16x/src -I/home/dejiguru/Arduino/libraries/SparkFun_MAX3010x_Pulse_and_Proximity_Sensor_Library/src -I/home/dejiguru/Arduino/libraries/U8g2/src @/home/dejiguru/Arduino/ellabox/build-ellabox/build_opt.h @/home/dejiguru/Arduino/ellabox/build-ellabox/file_opts /home/dejiguru/Arduino/ellabox/build-ellabox/sketch/ellabox.ino.cpp -o /dev/null
Alternatives for Firebase_ESP_Client.h: [Firebase Arduino Client Library for ESP8266 and ESP32@4.4.17]
ResolveLibrary(Firebase_ESP_Client.h)
  -> candidates: [Firebase Arduino Client Library for ESP8266 and ESP32@4.4.17]
/home/dejiguru/Arduino/hardware/espressif/esp32/tools/xtensa-esp-elf/bin/xtensa-esp32s3-elf-g++ -c @/home/dejiguru/Arduino/hardware/espressif/esp32/tools/esp32-arduino-libs/esp32s3/flags/cpp_flags -w -Os -Werror=return-type -w -x c++ -E -CC -DF_CPU=240000000L -DARDUINO=10607 -DARDUINO_ESP32S3_DEV -DARDUINO_ARCH_ESP32 -DARDUINO_BOARD="ESP32S3_DEV" -DARDUINO_VARIANT="esp32s3" -DARDUINO_PARTITION_default_8MB -DARDUINO_HOST_OS="linux" -DARDUINO_FQBN="espressif:esp32:esp32s3:PSRAM=opi,FlashSize=8M,PartitionScheme=default_8MB,UploadSpeed=921600,USBMode=hwcdc,CDCOnBoot=default" -DESP32=ESP32 -DCORE_DEBUG_LEVEL=0 -DARDUINO_RUNNING_CORE=1 -DARDUINO_EVENT_RUNNING_CORE=1 -DBOARD_HAS_PSRAM -DARDUINO_USB_MODE=1 -DARDUINO_USB_CDC_ON_BOOT=0 -DARDUINO_USB_MSC_ON_BOOT=0 -DARDUINO_USB_DFU_ON_BOOT=0 @/home/dejiguru/Arduino/hardware/espressif/esp32/tools/esp32-arduino-libs/esp32s3/flags/defines -I/home/dejiguru/Arduino/ellabox -iprefix /home/dejiguru/Arduino/hardware/espressif/esp32/tools/esp32-arduino-libs/esp32s3/include/ @/home/dejiguru/Arduino/hardware/espressif/esp32/tools/esp32-arduino-libs/esp32s3/flags/includes -I/home/dejiguru/Arduino/hardware/espressif/esp32/tools/esp32-arduino-libs/esp32s3/qio_opi/include -I/home/dejiguru/Arduino/hardware/espressif/esp32/cores/esp32 -I/home/dejiguru/Arduino/hardware/espressif/esp32/variants/esp32s3 -I/home/dejiguru/Arduino/hardware/espressif/esp32/libraries/WiFi/src -I/home/dejiguru/Arduino/hardware/espressif/esp32/libraries/Network/src -I/home/dejiguru/Arduino/hardware/espressif/esp32/libraries/ArduinoOTA/src -I/home/dejiguru/Arduino/hardware/espressif/esp32/libraries/Update/src -I/home/dejiguru/Arduino/hardware/espressif/esp32/libraries/HTTPClient/src -I/home/dejiguru/Arduino/hardware/espressif/esp32/libraries/NetworkClientSecure/src -I/home/dejiguru/Arduino/libraries/ArduinoJson/src -I/home/dejiguru/Arduino/libraries/ESP32-audioI2S-master/src -I/home/dejiguru/Arduino/hardware/espressif/esp32/libraries/FFat/src -I/home/dejiguru/Arduino/hardware/espressif/esp32/libraries/FS/src -I/home/dejiguru/Arduino/hardware/espressif/esp32/libraries/SD/src -I/home/dejiguru/Arduino/hardware/espressif/esp32/libraries/SPI/src -I/home/dejiguru/Arduino/hardware/espressif/esp32/libraries/SD_MMC/src -I/home/dejiguru/Arduino/hardware/espressif/esp32/libraries/ESP_I2S/src -I/home/dejiguru/Arduino/hardware/espressif/esp32/libraries/SPIFFS/src -I/home/dejiguru/Arduino/libraries/Adafruit_GFX_Library -I/home/dejiguru/Arduino/libraries/Adafruit_BusIO -I/home/dejiguru/Arduino/hardware/espressif/esp32/libraries/Wire/src -I/home/dejiguru/Arduino/libraries/Adafruit_ILI9341 -I/home/dejiguru/Arduino/libraries/Adafruit_AHTX0 -I/home/dejiguru/Arduino/libraries/Adafruit_Unified_Sensor -I/home/dejiguru/Arduino/libraries/ScioSense_ENS16x/src -I/home/dejiguru/Arduino/libraries/SparkFun_MAX3010x_Pulse_and_Proximity_Sensor_Library/src -I/home/dejiguru/Arduino/libraries/U8g2/src -I/home/dejiguru/Arduino/libraries/Firebase_Arduino_Client_Library_for_ESP8266_and_ESP32/src @/home/dejiguru/Arduino/ellabox/build-ellabox/build_opt.h @/home/dejiguru/Arduino/ellabox/build-ellabox/file_opts /home/dejiguru/Arduino/ellabox/build-ellabox/sketch/ellabox.ino.cpp -o /dev/null
Alternatives for LittleFS.h: [LittleFS@3.3.7]
ResolveLibrary(LittleFS.h)
  -> candidates: [LittleFS@3.3.7]
/home/dejiguru/Arduino/hardware/espressif/esp32/tools/xtensa-esp-elf/bin/xtensa-esp32s3-elf-g++ -c @/home/dejiguru/Arduino/hardware/espressif/esp32/tools/esp32-arduino-libs/esp32s3/flags/cpp_flags -w -Os -Werror=return-type -w -x c++ -E -CC -DF_CPU=240000000L -DARDUINO=10607 -DARDUINO_ESP32S3_DEV -DARDUINO_ARCH_ESP32 -DARDUINO_BOARD="ESP32S3_DEV" -DARDUINO_VARIANT="esp32s3" -DARDUINO_PARTITION_default_8MB -DARDUINO_HOST_OS="linux" -DARDUINO_FQBN="espressif:esp32:esp32s3:PSRAM=opi,FlashSize=8M,PartitionScheme=default_8MB,UploadSpeed=921600,USBMode=hwcdc,CDCOnBoot=default" -DESP32=ESP32 -DCORE_DEBUG_LEVEL=0 -DARDUINO_RUNNING_CORE=1 -DARDUINO_EVENT_RUNNING_CORE=1 -DBOARD_HAS_PSRAM -DARDUINO_USB_MODE=1 -DARDUINO_USB_CDC_ON_BOOT=0 -DARDUINO_USB_MSC_ON_BOOT=0 -DARDUINO_USB_DFU_ON_BOOT=0 @/home/dejiguru/Arduino/hardware/espressif/esp32/tools/esp32-arduino-libs/esp32s3/flags/defines -I/home/dejiguru/Arduino/ellabox -iprefix /home/dejiguru/Arduino/hardware/espressif/esp32/tools/esp32-arduino-libs/esp32s3/include/ @/home/dejiguru/Arduino/hardware/espressif/esp32/tools/esp32-arduino-libs/esp32s3/flags/includes -I/home/dejiguru/Arduino/hardware/espressif/esp32/tools/esp32-arduino-libs/esp32s3/qio_opi/include -I/home/dejiguru/Arduino/hardware/espressif/esp32/cores/esp32 -I/home/dejiguru/Arduino/hardware/espressif/esp32/variants/esp32s3 -I/home/dejiguru/Arduino/hardware/espressif/esp32/libraries/WiFi/src -I/home/dejiguru/Arduino/hardware/espressif/esp32/libraries/Network/src -I/home/dejiguru/Arduino/hardware/espressif/esp32/libraries/ArduinoOTA/src -I/home/dejiguru/Arduino/hardware/espressif/esp32/libraries/Update/src -I/home/dejiguru/Arduino/hardware/espressif/esp32/libraries/HTTPClient/src -I/home/dejiguru/Arduino/hardware/espressif/esp32/libraries/NetworkClientSecure/src -I/home/dejiguru/Arduino/libraries/ArduinoJson/src -I/home/dejiguru/Arduino/libraries/ESP32-audioI2S-master/src -I/home/dejiguru/Arduino/hardware/espressif/esp32/libraries/FFat/src -I/home/dejiguru/Arduino/hardware/espressif/esp32/libraries/FS/src -I/home/dejiguru/Arduino/hardware/espressif/esp32/libraries/SD/src -I/home/dejiguru/Arduino/hardware/espressif/esp32/libraries/SPI/src -I/home/dejiguru/Arduino/hardware/espressif/esp32/libraries/SD_MMC/src -I/home/dejiguru/Arduino/hardware/espressif/esp32/libraries/ESP_I2S/src -I/home/dejiguru/Arduino/hardware/espressif/esp32/libraries/SPIFFS/src -I/home/dejiguru/Arduino/libraries/Adafruit_GFX_Library -I/home/dejiguru/Arduino/libraries/Adafruit_BusIO -I/home/dejiguru/Arduino/hardware/espressif/esp32/libraries/Wire/src -I/home/dejiguru/Arduino/libraries/Adafruit_ILI9341 -I/home/dejiguru/Arduino/libraries/Adafruit_AHTX0 -I/home/dejiguru/Arduino/libraries/Adafruit_Unified_Sensor -I/home/dejiguru/Arduino/libraries/ScioSense_ENS16x/src -I/home/dejiguru/Arduino/libraries/SparkFun_MAX3010x_Pulse_and_Proximity_Sensor_Library/src -I/home/dejiguru/Arduino/libraries/U8g2/src -I/home/dejiguru/Arduino/libraries/Firebase_Arduino_Client_Library_for_ESP8266_and_ESP32/src -I/home/dejiguru/Arduino/hardware/espressif/esp32/libraries/LittleFS/src @/home/dejiguru/Arduino/ellabox/build-ellabox/build_opt.h @/home/dejiguru/Arduino/ellabox/build-ellabox/file_opts /home/dejiguru/Arduino/ellabox/build-ellabox/sketch/ellabox.ino.cpp -o /dev/null
Alternatives for Preferences.h: [Preferences@3.3.7]
ResolveLibrary(Preferences.h)
  -> candidates: [Preferences@3.3.7]
/home/dejiguru/Arduino/hardware/espressif/esp32/tools/xtensa-esp-elf/bin/xtensa-esp32s3-elf-g++ -c @/home/dejiguru/Arduino/hardware/espressif/esp32/tools/esp32-arduino-libs/esp32s3/flags/cpp_flags -w -Os -Werror=return-type -w -x c++ -E -CC -DF_CPU=240000000L -DARDUINO=10607 -DARDUINO_ESP32S3_DEV -DARDUINO_ARCH_ESP32 -DARDUINO_BOARD="ESP32S3_DEV" -DARDUINO_VARIANT="esp32s3" -DARDUINO_PARTITION_default_8MB -DARDUINO_HOST_OS="linux" -DARDUINO_FQBN="espressif:esp32:esp32s3:PSRAM=opi,FlashSize=8M,PartitionScheme=default_8MB,UploadSpeed=921600,USBMode=hwcdc,CDCOnBoot=default" -DESP32=ESP32 -DCORE_DEBUG_LEVEL=0 -DARDUINO_RUNNING_CORE=1 -DARDUINO_EVENT_RUNNING_CORE=1 -DBOARD_HAS_PSRAM -DARDUINO_USB_MODE=1 -DARDUINO_USB_CDC_ON_BOOT=0 -DARDUINO_USB_MSC_ON_BOOT=0 -DARDUINO_USB_DFU_ON_BOOT=0 @/home/dejiguru/Arduino/hardware/espressif/esp32/tools/esp32-arduino-libs/esp32s3/flags/defines -I/home/dejiguru/Arduino/ellabox -iprefix /home/dejiguru/Arduino/hardware/espressif/esp32/tools/esp32-arduino-libs/esp32s3/include/ @/home/dejiguru/Arduino/hardware/espressif/esp32/tools/esp32-arduino-libs/esp32s3/flags/includes -I/home/dejiguru/Arduino/hardware/espressif/esp32/tools/esp32-arduino-libs/esp32s3/qio_opi/include -I/home/dejiguru/Arduino/hardware/espressif/esp32/cores/esp32 -I/home/dejiguru/Arduino/hardware/espressif/esp32/variants/esp32s3 -I/home/dejiguru/Arduino/hardware/espressif/esp32/libraries/WiFi/src -I/home/dejiguru/Arduino/hardware/espressif/esp32/libraries/Network/src -I/home/dejiguru/Arduino/hardware/espressif/esp32/libraries/ArduinoOTA/src -I/home/dejiguru/Arduino/hardware/espressif/esp32/libraries/Update/src -I/home/dejiguru/Arduino/hardware/espressif/esp32/libraries/HTTPClient/src -I/home/dejiguru/Arduino/hardware/espressif/esp32/libraries/NetworkClientSecure/src -I/home/dejiguru/Arduino/libraries/ArduinoJson/src -I/home/dejiguru/Arduino/libraries/ESP32-audioI2S-master/src -I/home/dejiguru/Arduino/hardware/espressif/esp32/libraries/FFat/src -I/home/dejiguru/Arduino/hardware/espressif/esp32/libraries/FS/src -I/home/dejiguru/Arduino/hardware/espressif/esp32/libraries/SD/src -I/home/dejiguru/Arduino/hardware/espressif/esp32/libraries/SPI/src -I/home/dejiguru/Arduino/hardware/espressif/esp32/libraries/SD_MMC/src -I/home/dejiguru/Arduino/hardware/espressif/esp32/libraries/ESP_I2S/src -I/home/dejiguru/Arduino/hardware/espressif/esp32/libraries/SPIFFS/src -I/home/dejiguru/Arduino/libraries/Adafruit_GFX_Library -I/home/dejiguru/Arduino/libraries/Adafruit_BusIO -I/home/dejiguru/Arduino/hardware/espressif/esp32/libraries/Wire/src -I/home/dejiguru/Arduino/libraries/Adafruit_ILI9341 -I/home/dejiguru/Arduino/libraries/Adafruit_AHTX0 -I/home/dejiguru/Arduino/libraries/Adafruit_Unified_Sensor -I/home/dejiguru/Arduino/libraries/ScioSense_ENS16x/src -I/home/dejiguru/Arduino/libraries/SparkFun_MAX3010x_Pulse_and_Proximity_Sensor_Library/src -I/home/dejiguru/Arduino/libraries/U8g2/src -I/home/dejiguru/Arduino/libraries/Firebase_Arduino_Client_Library_for_ESP8266_and_ESP32/src -I/home/dejiguru/Arduino/hardware/espressif/esp32/libraries/LittleFS/src -I/home/dejiguru/Arduino/hardware/espressif/esp32/libraries/Preferences/src @/home/dejiguru/Arduino/ellabox/build-ellabox/build_opt.h @/home/dejiguru/Arduino/ellabox/build-ellabox/file_opts /home/dejiguru/Arduino/ellabox/build-ellabox/sketch/ellabox.ino.cpp -o /dev/null
Alternatives for VL53L0X.h: [VL53L0X@1.3.1]
ResolveLibrary(VL53L0X.h)
  -> candidates: [VL53L0X@1.3.1]
/home/dejiguru/Arduino/hardware/espressif/esp32/tools/xtensa-esp-elf/bin/xtensa-esp32s3-elf-g++ -c @/home/dejiguru/Arduino/hardware/espressif/esp32/tools/esp32-arduino-libs/esp32s3/flags/cpp_flags -w -Os -Werror=return-type -w -x c++ -E -CC -DF_CPU=240000000L -DARDUINO=10607 -DARDUINO_ESP32S3_DEV -DARDUINO_ARCH_ESP32 -DARDUINO_BOARD="ESP32S3_DEV" -DARDUINO_VARIANT="esp32s3" -DARDUINO_PARTITION_default_8MB -DARDUINO_HOST_OS="linux" -DARDUINO_FQBN="espressif:esp32:esp32s3:PSRAM=opi,FlashSize=8M,PartitionScheme=default_8MB,UploadSpeed=921600,USBMode=hwcdc,CDCOnBoot=default" -DESP32=ESP32 -DCORE_DEBUG_LEVEL=0 -DARDUINO_RUNNING_CORE=1 -DARDUINO_EVENT_RUNNING_CORE=1 -DBOARD_HAS_PSRAM -DARDUINO_USB_MODE=1 -DARDUINO_USB_CDC_ON_BOOT=0 -DARDUINO_USB_MSC_ON_BOOT=0 -DARDUINO_USB_DFU_ON_BOOT=0 @/home/dejiguru/Arduino/hardware/espressif/esp32/tools/esp32-arduino-libs/esp32s3/flags/defines -I/home/dejiguru/Arduino/ellabox -iprefix /home/dejiguru/Arduino/hardware/espressif/esp32/tools/esp32-arduino-libs/esp32s3/include/ @/home/dejiguru/Arduino/hardware/espressif/esp32/tools/esp32-arduino-libs/esp32s3/flags/includes -I/home/dejiguru/Arduino/hardware/espressif/esp32/tools/esp32-arduino-libs/esp32s3/qio_opi/include -I/home/dejiguru/Arduino/hardware/espressif/esp32/cores/esp32 -I/home/dejiguru/Arduino/hardware/espressif/esp32/variants/esp32s3 -I/home/dejiguru/Arduino/hardware/espressif/esp32/libraries/WiFi/src -I/home/dejiguru/Arduino/hardware/espressif/esp32/libraries/Network/src -I/home/dejiguru/Arduino/hardware/espressif/esp32/libraries/ArduinoOTA/src -I/home/dejiguru/Arduino/hardware/espressif/esp32/libraries/Update/src -I/home/dejiguru/Arduino/hardware/espressif/esp32/libraries/HTTPClient/src -I/home/dejiguru/Arduino/hardware/espressif/esp32/libraries/NetworkClientSecure/src -I/home/dejiguru/Arduino/libraries/ArduinoJson/src -I/home/dejiguru/Arduino/libraries/ESP32-audioI2S-master/src -I/home/dejiguru/Arduino/hardware/espressif/esp32/libraries/FFat/src -I/home/dejiguru/Arduino/hardware/espressif/esp32/libraries/FS/src -I/home/dejiguru/Arduino/hardware/espressif/esp32/libraries/SD/src -I/home/dejiguru/Arduino/hardware/espressif/esp32/libraries/SPI/src -I/home/dejiguru/Arduino/hardware/espressif/esp32/libraries/SD_MMC/src -I/home/dejiguru/Arduino/hardware/espressif/esp32/libraries/ESP_I2S/src -I/home/dejiguru/Arduino/hardware/espressif/esp32/libraries/SPIFFS/src -I/home/dejiguru/Arduino/libraries/Adafruit_GFX_Library -I/home/dejiguru/Arduino/libraries/Adafruit_BusIO -I/home/dejiguru/Arduino/hardware/espressif/esp32/libraries/Wire/src -I/home/dejiguru/Arduino/libraries/Adafruit_ILI9341 -I/home/dejiguru/Arduino/libraries/Adafruit_AHTX0 -I/home/dejiguru/Arduino/libraries/Adafruit_Unified_Sensor -I/home/dejiguru/Arduino/libraries/ScioSense_ENS16x/src -I/home/dejiguru/Arduino/libraries/SparkFun_MAX3010x_Pulse_and_Proximity_Sensor_Library/src -I/home/dejiguru/Arduino/libraries/U8g2/src -I/home/dejiguru/Arduino/libraries/Firebase_Arduino_Client_Library_for_ESP8266_and_ESP32/src -I/home/dejiguru/Arduino/hardware/espressif/esp32/libraries/LittleFS/src -I/home/dejiguru/Arduino/hardware/espressif/esp32/libraries/Preferences/src -I/home/dejiguru/Arduino/libraries/VL53L0X @/home/dejiguru/Arduino/ellabox/build-ellabox/build_opt.h @/home/dejiguru/Arduino/ellabox/build-ellabox/file_opts /home/dejiguru/Arduino/ellabox/build-ellabox/sketch/ellabox.ino.cpp -o /dev/null
Alternatives for opus.h: [libopus@1.3.2]
ResolveLibrary(opus.h)
  -> candidates: [libopus@1.3.2]
/home/dejiguru/Arduino/hardware/espressif/esp32/tools/xtensa-esp-elf/bin/xtensa-esp32s3-elf-g++ -c @/home/dejiguru/Arduino/hardware/espressif/esp32/tools/esp32-arduino-libs/esp32s3/flags/cpp_flags -w -Os -Werror=return-type -w -x c++ -E -CC -DF_CPU=240000000L -DARDUINO=10607 -DARDUINO_ESP32S3_DEV -DARDUINO_ARCH_ESP32 -DARDUINO_BOARD="ESP32S3_DEV" -DARDUINO_VARIANT="esp32s3" -DARDUINO_PARTITION_default_8MB -DARDUINO_HOST_OS="linux" -DARDUINO_FQBN="espressif:esp32:esp32s3:PSRAM=opi,FlashSize=8M,PartitionScheme=default_8MB,UploadSpeed=921600,USBMode=hwcdc,CDCOnBoot=default" -DESP32=ESP32 -DCORE_DEBUG_LEVEL=0 -DARDUINO_RUNNING_CORE=1 -DARDUINO_EVENT_RUNNING_CORE=1 -DBOARD_HAS_PSRAM -DARDUINO_USB_MODE=1 -DARDUINO_USB_CDC_ON_BOOT=0 -DARDUINO_USB_MSC_ON_BOOT=0 -DARDUINO_USB_DFU_ON_BOOT=0 @/home/dejiguru/Arduino/hardware/espressif/esp32/tools/esp32-arduino-libs/esp32s3/flags/defines -I/home/dejiguru/Arduino/ellabox -iprefix /home/dejiguru/Arduino/hardware/espressif/esp32/tools/esp32-arduino-libs/esp32s3/include/ @/home/dejiguru/Arduino/hardware/espressif/esp32/tools/esp32-arduino-libs/esp32s3/flags/includes -I/home/dejiguru/Arduino/hardware/espressif/esp32/tools/esp32-arduino-libs/esp32s3/qio_opi/include -I/home/dejiguru/Arduino/hardware/espressif/esp32/cores/esp32 -I/home/dejiguru/Arduino/hardware/espressif/esp32/variants/esp32s3 -I/home/dejiguru/Arduino/hardware/espressif/esp32/libraries/WiFi/src -I/home/dejiguru/Arduino/hardware/espressif/esp32/libraries/Network/src -I/home/dejiguru/Arduino/hardware/espressif/esp32/libraries/ArduinoOTA/src -I/home/dejiguru/Arduino/hardware/espressif/esp32/libraries/Update/src -I/home/dejiguru/Arduino/hardware/espressif/esp32/libraries/HTTPClient/src -I/home/dejiguru/Arduino/hardware/espressif/esp32/libraries/NetworkClientSecure/src -I/home/dejiguru/Arduino/libraries/ArduinoJson/src -I/home/dejiguru/Arduino/libraries/ESP32-audioI2S-master/src -I/home/dejiguru/Arduino/hardware/espressif/esp32/libraries/FFat/src -I/home/dejiguru/Arduino/hardware/espressif/esp32/libraries/FS/src -I/home/dejiguru/Arduino/hardware/espressif/esp32/libraries/SD/src -I/home/dejiguru/Arduino/hardware/espressif/esp32/libraries/SPI/src -I/home/dejiguru/Arduino/hardware/espressif/esp32/libraries/SD_MMC/src -I/home/dejiguru/Arduino/hardware/espressif/esp32/libraries/ESP_I2S/src -I/home/dejiguru/Arduino/hardware/espressif/esp32/libraries/SPIFFS/src -I/home/dejiguru/Arduino/libraries/Adafruit_GFX_Library -I/home/dejiguru/Arduino/libraries/Adafruit_BusIO -I/home/dejiguru/Arduino/hardware/espressif/esp32/libraries/Wire/src -I/home/dejiguru/Arduino/libraries/Adafruit_ILI9341 -I/home/dejiguru/Arduino/libraries/Adafruit_AHTX0 -I/home/dejiguru/Arduino/libraries/Adafruit_Unified_Sensor -I/home/dejiguru/Arduino/libraries/ScioSense_ENS16x/src -I/home/dejiguru/Arduino/libraries/SparkFun_MAX3010x_Pulse_and_Proximity_Sensor_Library/src -I/home/dejiguru/Arduino/libraries/U8g2/src -I/home/dejiguru/Arduino/libraries/Firebase_Arduino_Client_Library_for_ESP8266_and_ESP32/src -I/home/dejiguru/Arduino/hardware/espressif/esp32/libraries/LittleFS/src -I/home/dejiguru/Arduino/hardware/espressif/esp32/libraries/Preferences/src -I/home/dejiguru/Arduino/libraries/VL53L0X -I/home/dejiguru/Arduino/libraries/libopus/src @/home/dejiguru/Arduino/ellabox/build-ellabox/build_opt.h @/home/dejiguru/Arduino/ellabox/build-ellabox/file_opts /home/dejiguru/Arduino/ellabox/build-ellabox/sketch/ellabox.ino.cpp -o /dev/null
Alternatives for PubSubClient.h: [PubSubClient@2.8]
ResolveLibrary(PubSubClient.h)
  -> candidates: [PubSubClient@2.8]
/home/dejiguru/Arduino/hardware/espressif/esp32/tools/xtensa-esp-elf/bin/xtensa-esp32s3-elf-g++ -c @/home/dejiguru/Arduino/hardware/espressif/esp32/tools/esp32-arduino-libs/esp32s3/flags/cpp_flags -w -Os -Werror=return-type -w -x c++ -E -CC -DF_CPU=240000000L -DARDUINO=10607 -DARDUINO_ESP32S3_DEV -DARDUINO_ARCH_ESP32 -DARDUINO_BOARD="ESP32S3_DEV" -DARDUINO_VARIANT="esp32s3" -DARDUINO_PARTITION_default_8MB -DARDUINO_HOST_OS="linux" -DARDUINO_FQBN="espressif:esp32:esp32s3:PSRAM=opi,FlashSize=8M,PartitionScheme=default_8MB,UploadSpeed=921600,USBMode=hwcdc,CDCOnBoot=default" -DESP32=ESP32 -DCORE_DEBUG_LEVEL=0 -DARDUINO_RUNNING_CORE=1 -DARDUINO_EVENT_RUNNING_CORE=1 -DBOARD_HAS_PSRAM -DARDUINO_USB_MODE=1 -DARDUINO_USB_CDC_ON_BOOT=0 -DARDUINO_USB_MSC_ON_BOOT=0 -DARDUINO_USB_DFU_ON_BOOT=0 @/home/dejiguru/Arduino/hardware/espressif/esp32/tools/esp32-arduino-libs/esp32s3/flags/defines -I/home/dejiguru/Arduino/ellabox -iprefix /home/dejiguru/Arduino/hardware/espressif/esp32/tools/esp32-arduino-libs/esp32s3/include/ @/home/dejiguru/Arduino/hardware/espressif/esp32/tools/esp32-arduino-libs/esp32s3/flags/includes -I/home/dejiguru/Arduino/hardware/espressif/esp32/tools/esp32-arduino-libs/esp32s3/qio_opi/include -I/home/dejiguru/Arduino/hardware/espressif/esp32/cores/esp32 -I/home/dejiguru/Arduino/hardware/espressif/esp32/variants/esp32s3 -I/home/dejiguru/Arduino/hardware/espressif/esp32/libraries/WiFi/src -I/home/dejiguru/Arduino/hardware/espressif/esp32/libraries/Network/src -I/home/dejiguru/Arduino/hardware/espressif/esp32/libraries/ArduinoOTA/src -I/home/dejiguru/Arduino/hardware/espressif/esp32/libraries/Update/src -I/home/dejiguru/Arduino/hardware/espressif/esp32/libraries/HTTPClient/src -I/home/dejiguru/Arduino/hardware/espressif/esp32/libraries/NetworkClientSecure/src -I/home/dejiguru/Arduino/libraries/ArduinoJson/src -I/home/dejiguru/Arduino/libraries/ESP32-audioI2S-master/src -I/home/dejiguru/Arduino/hardware/espressif/esp32/libraries/FFat/src -I/home/dejiguru/Arduino/hardware/espressif/esp32/libraries/FS/src -I/home/dejiguru/Arduino/hardware/espressif/esp32/libraries/SD/src -I/home/dejiguru/Arduino/hardware/espressif/esp32/libraries/SPI/src -I/home/dejiguru/Arduino/hardware/espressif/esp32/libraries/SD_MMC/src -I/home/dejiguru/Arduino/hardware/espressif/esp32/libraries/ESP_I2S/src -I/home/dejiguru/Arduino/hardware/espressif/esp32/libraries/SPIFFS/src -I/home/dejiguru/Arduino/libraries/Adafruit_GFX_Library -I/home/dejiguru/Arduino/libraries/Adafruit_BusIO -I/home/dejiguru/Arduino/hardware/espressif/esp32/libraries/Wire/src -I/home/dejiguru/Arduino/libraries/Adafruit_ILI9341 -I/home/dejiguru/Arduino/libraries/Adafruit_AHTX0 -I/home/dejiguru/Arduino/libraries/Adafruit_Unified_Sensor -I/home/dejiguru/Arduino/libraries/ScioSense_ENS16x/src -I/home/dejiguru/Arduino/libraries/SparkFun_MAX3010x_Pulse_and_Proximity_Sensor_Library/src -I/home/dejiguru/Arduino/libraries/U8g2/src -I/home/dejiguru/Arduino/libraries/Firebase_Arduino_Client_Library_for_ESP8266_and_ESP32/src -I/home/dejiguru/Arduino/hardware/espressif/esp32/libraries/LittleFS/src -I/home/dejiguru/Arduino/hardware/espressif/esp32/libraries/Preferences/src -I/home/dejiguru/Arduino/libraries/VL53L0X -I/home/dejiguru/Arduino/libraries/libopus/src -I/home/dejiguru/Arduino/libraries/PubSubClient/src @/home/dejiguru/Arduino/ellabox/build-ellabox/build_opt.h @/home/dejiguru/Arduino/ellabox/build-ellabox/file_opts /home/dejiguru/Arduino/ellabox/build-ellabox/sketch/ellabox.ino.cpp -o /dev/null
Alternatives for XPT2046_Touchscreen.h: [XPT2046_Touchscreen@1.4]
ResolveLibrary(XPT2046_Touchscreen.h)
  -> candidates: [XPT2046_Touchscreen@1.4]
/home/dejiguru/Arduino/hardware/espressif/esp32/tools/xtensa-esp-elf/bin/xtensa-esp32s3-elf-g++ -c @/home/dejiguru/Arduino/hardware/espressif/esp32/tools/esp32-arduino-libs/esp32s3/flags/cpp_flags -w -Os -Werror=return-type -w -x c++ -E -CC -DF_CPU=240000000L -DARDUINO=10607 -DARDUINO_ESP32S3_DEV -DARDUINO_ARCH_ESP32 -DARDUINO_BOARD="ESP32S3_DEV" -DARDUINO_VARIANT="esp32s3" -DARDUINO_PARTITION_default_8MB -DARDUINO_HOST_OS="linux" -DARDUINO_FQBN="espressif:esp32:esp32s3:PSRAM=opi,FlashSize=8M,PartitionScheme=default_8MB,UploadSpeed=921600,USBMode=hwcdc,CDCOnBoot=default" -DESP32=ESP32 -DCORE_DEBUG_LEVEL=0 -DARDUINO_RUNNING_CORE=1 -DARDUINO_EVENT_RUNNING_CORE=1 -DBOARD_HAS_PSRAM -DARDUINO_USB_MODE=1 -DARDUINO_USB_CDC_ON_BOOT=0 -DARDUINO_USB_MSC_ON_BOOT=0 -DARDUINO_USB_DFU_ON_BOOT=0 @/home/dejiguru/Arduino/hardware/espressif/esp32/tools/esp32-arduino-libs/esp32s3/flags/defines -I/home/dejiguru/Arduino/ellabox -iprefix /home/dejiguru/Arduino/hardware/espressif/esp32/tools/esp32-arduino-libs/esp32s3/include/ @/home/dejiguru/Arduino/hardware/espressif/esp32/tools/esp32-arduino-libs/esp32s3/flags/includes -I/home/dejiguru/Arduino/hardware/espressif/esp32/tools/esp32-arduino-libs/esp32s3/qio_opi/include -I/home/dejiguru/Arduino/hardware/espressif/esp32/cores/esp32 -I/home/dejiguru/Arduino/hardware/espressif/esp32/variants/esp32s3 -I/home/dejiguru/Arduino/hardware/espressif/esp32/libraries/WiFi/src -I/home/dejiguru/Arduino/hardware/espressif/esp32/libraries/Network/src -I/home/dejiguru/Arduino/hardware/espressif/esp32/libraries/ArduinoOTA/src -I/home/dejiguru/Arduino/hardware/espressif/esp32/libraries/Update/src -I/home/dejiguru/Arduino/hardware/espressif/esp32/libraries/HTTPClient/src -I/home/dejiguru/Arduino/hardware/espressif/esp32/libraries/NetworkClientSecure/src -I/home/dejiguru/Arduino/libraries/ArduinoJson/src -I/home/dejiguru/Arduino/libraries/ESP32-audioI2S-master/src -I/home/dejiguru/Arduino/hardware/espressif/esp32/libraries/FFat/src -I/home/dejiguru/Arduino/hardware/espressif/esp32/libraries/FS/src -I/home/dejiguru/Arduino/hardware/espressif/esp32/libraries/SD/src -I/home/dejiguru/Arduino/hardware/espressif/esp32/libraries/SPI/src -I/home/dejiguru/Arduino/hardware/espressif/esp32/libraries/SD_MMC/src -I/home/dejiguru/Arduino/hardware/espressif/esp32/libraries/ESP_I2S/src -I/home/dejiguru/Arduino/hardware/espressif/esp32/libraries/SPIFFS/src -I/home/dejiguru/Arduino/libraries/Adafruit_GFX_Library -I/home/dejiguru/Arduino/libraries/Adafruit_BusIO -I/home/dejiguru/Arduino/hardware/espressif/esp32/libraries/Wire/src -I/home/dejiguru/Arduino/libraries/Adafruit_ILI9341 -I/home/dejiguru/Arduino/libraries/Adafruit_AHTX0 -I/home/dejiguru/Arduino/libraries/Adafruit_Unified_Sensor -I/home/dejiguru/Arduino/libraries/ScioSense_ENS16x/src -I/home/dejiguru/Arduino/libraries/SparkFun_MAX3010x_Pulse_and_Proximity_Sensor_Library/src -I/home/dejiguru/Arduino/libraries/U8g2/src -I/home/dejiguru/Arduino/libraries/Firebase_Arduino_Client_Library_for_ESP8266_and_ESP32/src -I/home/dejiguru/Arduino/hardware/espressif/esp32/libraries/LittleFS/src -I/home/dejiguru/Arduino/hardware/espressif/esp32/libraries/Preferences/src -I/home/dejiguru/Arduino/libraries/VL53L0X -I/home/dejiguru/Arduino/libraries/libopus/src -I/home/dejiguru/Arduino/libraries/PubSubClient/src -I/home/dejiguru/Arduino/libraries/XPT2046_Touchscreen @/home/dejiguru/Arduino/ellabox/build-ellabox/build_opt.h @/home/dejiguru/Arduino/ellabox/build-ellabox/file_opts /home/dejiguru/Arduino/ellabox/build-ellabox/sketch/ellabox.ino.cpp -o /dev/null
Alternatives for Adafruit_SSD1306.h: [Adafruit SSD1306@2.5.16]
ResolveLibrary(Adafruit_SSD1306.h)
  -> candidates: [Adafruit SSD1306@2.5.16]
/home/dejiguru/Arduino/hardware/espressif/esp32/tools/xtensa-esp-elf/bin/xtensa-esp32s3-elf-g++ -c @/home/dejiguru/Arduino/hardware/espressif/esp32/tools/esp32-arduino-libs/esp32s3/flags/cpp_flags -w -Os -Werror=return-type -w -x c++ -E -CC -DF_CPU=240000000L -DARDUINO=10607 -DARDUINO_ESP32S3_DEV -DARDUINO_ARCH_ESP32 -DARDUINO_BOARD="ESP32S3_DEV" -DARDUINO_VARIANT="esp32s3" -DARDUINO_PARTITION_default_8MB -DARDUINO_HOST_OS="linux" -DARDUINO_FQBN="espressif:esp32:esp32s3:PSRAM=opi,FlashSize=8M,PartitionScheme=default_8MB,UploadSpeed=921600,USBMode=hwcdc,CDCOnBoot=default" -DESP32=ESP32 -DCORE_DEBUG_LEVEL=0 -DARDUINO_RUNNING_CORE=1 -DARDUINO_EVENT_RUNNING_CORE=1 -DBOARD_HAS_PSRAM -DARDUINO_USB_MODE=1 -DARDUINO_USB_CDC_ON_BOOT=0 -DARDUINO_USB_MSC_ON_BOOT=0 -DARDUINO_USB_DFU_ON_BOOT=0 @/home/dejiguru/Arduino/hardware/espressif/esp32/tools/esp32-arduino-libs/esp32s3/flags/defines -I/home/dejiguru/Arduino/ellabox -iprefix /home/dejiguru/Arduino/hardware/espressif/esp32/tools/esp32-arduino-libs/esp32s3/include/ @/home/dejiguru/Arduino/hardware/espressif/esp32/tools/esp32-arduino-libs/esp32s3/flags/includes -I/home/dejiguru/Arduino/hardware/espressif/esp32/tools/esp32-arduino-libs/esp32s3/qio_opi/include -I/home/dejiguru/Arduino/hardware/espressif/esp32/cores/esp32 -I/home/dejiguru/Arduino/hardware/espressif/esp32/variants/esp32s3 -I/home/dejiguru/Arduino/hardware/espressif/esp32/libraries/WiFi/src -I/home/dejiguru/Arduino/hardware/espressif/esp32/libraries/Network/src -I/home/dejiguru/Arduino/hardware/espressif/esp32/libraries/ArduinoOTA/src -I/home/dejiguru/Arduino/hardware/espressif/esp32/libraries/Update/src -I/home/dejiguru/Arduino/hardware/espressif/esp32/libraries/HTTPClient/src -I/home/dejiguru/Arduino/hardware/espressif/esp32/libraries/NetworkClientSecure/src -I/home/dejiguru/Arduino/libraries/ArduinoJson/src -I/home/dejiguru/Arduino/libraries/ESP32-audioI2S-master/src -I/home/dejiguru/Arduino/hardware/espressif/esp32/libraries/FFat/src -I/home/dejiguru/Arduino/hardware/espressif/esp32/libraries/FS/src -I/home/dejiguru/Arduino/hardware/espressif/esp32/libraries/SD/src -I/home/dejiguru/Arduino/hardware/espressif/esp32/libraries/SPI/src -I/home/dejiguru/Arduino/hardware/espressif/esp32/libraries/SD_MMC/src -I/home/dejiguru/Arduino/hardware/espressif/esp32/libraries/ESP_I2S/src -I/home/dejiguru/Arduino/hardware/espressif/esp32/libraries/SPIFFS/src -I/home/dejiguru/Arduino/libraries/Adafruit_GFX_Library -I/home/dejiguru/Arduino/libraries/Adafruit_BusIO -I/home/dejiguru/Arduino/hardware/espressif/esp32/libraries/Wire/src -I/home/dejiguru/Arduino/libraries/Adafruit_ILI9341 -I/home/dejiguru/Arduino/libraries/Adafruit_AHTX0 -I/home/dejiguru/Arduino/libraries/Adafruit_Unified_Sensor -I/home/dejiguru/Arduino/libraries/ScioSense_ENS16x/src -I/home/dejiguru/Arduino/libraries/SparkFun_MAX3010x_Pulse_and_Proximity_Sensor_Library/src -I/home/dejiguru/Arduino/libraries/U8g2/src -I/home/dejiguru/Arduino/libraries/Firebase_Arduino_Client_Library_for_ESP8266_and_ESP32/src -I/home/dejiguru/Arduino/hardware/espressif/esp32/libraries/LittleFS/src -I/home/dejiguru/Arduino/hardware/espressif/esp32/libraries/Preferences/src -I/home/dejiguru/Arduino/libraries/VL53L0X -I/home/dejiguru/Arduino/libraries/libopus/src -I/home/dejiguru/Arduino/libraries/PubSubClient/src -I/home/dejiguru/Arduino/libraries/XPT2046_Touchscreen -I/home/dejiguru/Arduino/libraries/Adafruit_SSD1306 @/home/dejiguru/Arduino/ellabox/build-ellabox/build_opt.h @/home/dejiguru/Arduino/ellabox/build-ellabox/file_opts /home/dejiguru/Arduino/ellabox/build-ellabox/sketch/ellabox.ino.cpp -o /dev/null
Using cached library dependencies for file: /home/dejiguru/Arduino/hardware/espressif/esp32/libraries/WiFi/src/AP.cpp
Using cached library dependencies for file: /home/dejiguru/Arduino/hardware/espressif/esp32/libraries/WiFi/src/STA.cpp
Using cached library dependencies for file: /home/dejiguru/Arduino/hardware/espressif/esp32/libraries/WiFi/src/WiFi.cpp
Using cached library dependencies for file: /home/dejiguru/Arduino/hardware/espressif/esp32/libraries/WiFi/src/WiFiAP.cpp
Using cached library dependencies for file: /home/dejiguru/Arduino/hardware/espressif/esp32/libraries/WiFi/src/WiFiGeneric.cpp
Using cached library dependencies for file: /home/dejiguru/Arduino/hardware/espressif/esp32/libraries/WiFi/src/WiFiMulti.cpp
Using cached library dependencies for file: /home/dejiguru/Arduino/hardware/espressif/esp32/libraries/WiFi/src/WiFiSTA.cpp
Using cached library dependencies for file: /home/dejiguru/Arduino/hardware/espressif/esp32/libraries/WiFi/src/WiFiScan.cpp
Using cached library dependencies for file: /home/dejiguru/Arduino/hardware/espressif/esp32/libraries/Network/src/NetworkClient.cpp
Using cached library dependencies for file: /home/dejiguru/Arduino/hardware/espressif/esp32/libraries/Network/src/NetworkEvents.cpp
Using cached library dependencies for file: /home/dejiguru/Arduino/hardware/espressif/esp32/libraries/Network/src/NetworkInterface.cpp
Using cached library dependencies for file: /home/dejiguru/Arduino/hardware/espressif/esp32/libraries/Network/src/NetworkManager.cpp
Using cached library dependencies for file: /home/dejiguru/Arduino/hardware/espressif/esp32/libraries/Network/src/NetworkServer.cpp
Using cached library dependencies for file: /home/dejiguru/Arduino/hardware/espressif/esp32/libraries/Network/src/NetworkUdp.cpp
Using cached library dependencies for file: /home/dejiguru/Arduino/hardware/espressif/esp32/libraries/ArduinoOTA/src/ArduinoOTA.cpp
Alternatives for ESPmDNS.h: [ESPmDNS@3.3.7]
ResolveLibrary(ESPmDNS.h)
  -> candidates: [ESPmDNS@3.3.7]
Alternatives for SHA2Builder.h: [Hash@3.3.7]
ResolveLibrary(SHA2Builder.h)
  -> candidates: [Hash@3.3.7]
Using cached library dependencies for file: /home/dejiguru/Arduino/hardware/espressif/esp32/libraries/Update/src/HttpsOTAUpdate.cpp
Using cached library dependencies for file: /home/dejiguru/Arduino/hardware/espressif/esp32/libraries/Update/src/Updater.cpp
Using cached library dependencies for file: /home/dejiguru/Arduino/hardware/espressif/esp32/libraries/Update/src/Updater_Signing.cpp
Using cached library dependencies for file: /home/dejiguru/Arduino/hardware/espressif/esp32/libraries/HTTPClient/src/HTTPClient.cpp
Using cached library dependencies for file: /home/dejiguru/Arduino/hardware/espressif/esp32/libraries/NetworkClientSecure/src/NetworkClientSecure.cpp
Using cached library dependencies for file: /home/dejiguru/Arduino/hardware/espressif/esp32/libraries/NetworkClientSecure/src/ssl_client.cpp
Using cached library dependencies for file: /home/dejiguru/Arduino/libraries/ESP32-audioI2S-master/src/Audio.cpp
Using cached library dependencies for file: /home/dejiguru/Arduino/libraries/ESP32-audioI2S-master/src/aac_decoder/aac_decoder.cpp
Using cached library dependencies for file: /home/dejiguru/Arduino/libraries/ESP32-audioI2S-master/src/aac_decoder/libfaad/neaacdec.cpp
Using cached library dependencies for file: /home/dejiguru/Arduino/libraries/ESP32-audioI2S-master/src/flac_decoder/flac_decoder.cpp
Using cached library dependencies for file: /home/dejiguru/Arduino/libraries/ESP32-audioI2S-master/src/mp3_decoder/mp3_decoder.cpp
Using cached library dependencies for file: /home/dejiguru/Arduino/libraries/ESP32-audioI2S-master/src/opus_decoder/celt.cpp
Using cached library dependencies for file: /home/dejiguru/Arduino/libraries/ESP32-audioI2S-master/src/opus_decoder/opus_decoder.cpp
Using cached library dependencies for file: /home/dejiguru/Arduino/libraries/ESP32-audioI2S-master/src/opus_decoder/range_decoder.cpp
Using cached library dependencies for file: /home/dejiguru/Arduino/libraries/ESP32-audioI2S-master/src/opus_decoder/silk.cpp
Using cached library dependencies for file: /home/dejiguru/Arduino/libraries/ESP32-audioI2S-master/src/vorbis_decoder/vorbis_decoder.cpp
Using cached library dependencies for file: /home/dejiguru/Arduino/libraries/ESP32-audioI2S-master/src/wav_decoder/wav_decoder.cpp
Using cached library dependencies for file: /home/dejiguru/Arduino/hardware/espressif/esp32/libraries/FFat/src/FFat.cpp
Using cached library dependencies for file: /home/dejiguru/Arduino/hardware/espressif/esp32/libraries/FS/src/FS.cpp
Using cached library dependencies for file: /home/dejiguru/Arduino/hardware/espressif/esp32/libraries/FS/src/vfs_api.cpp
Using cached library dependencies for file: /home/dejiguru/Arduino/hardware/espressif/esp32/libraries/SD/src/SD.cpp
Using cached library dependencies for file: /home/dejiguru/Arduino/hardware/espressif/esp32/libraries/SD/src/sd_diskio.cpp
Using cached library dependencies for file: /home/dejiguru/Arduino/hardware/espressif/esp32/libraries/SD/src/sd_diskio_crc.c
Using cached library dependencies for file: /home/dejiguru/Arduino/hardware/espressif/esp32/libraries/SPI/src/SPI.cpp
Using cached library dependencies for file: /home/dejiguru/Arduino/hardware/espressif/esp32/libraries/SD_MMC/src/SD_MMC.cpp
Using cached library dependencies for file: /home/dejiguru/Arduino/hardware/espressif/esp32/libraries/ESP_I2S/src/ESP_I2S.cpp
Using cached library dependencies for file: /home/dejiguru/Arduino/hardware/espressif/esp32/libraries/SPIFFS/src/SPIFFS.cpp
Using cached library dependencies for file: /home/dejiguru/Arduino/libraries/Adafruit_GFX_Library/Adafruit_GFX.cpp
Using cached library dependencies for file: /home/dejiguru/Arduino/libraries/Adafruit_GFX_Library/Adafruit_GrayOLED.cpp
Using cached library dependencies for file: /home/dejiguru/Arduino/libraries/Adafruit_GFX_Library/Adafruit_SPITFT.cpp
Using cached library dependencies for file: /home/dejiguru/Arduino/libraries/Adafruit_GFX_Library/glcdfont.c
Using cached library dependencies for file: /home/dejiguru/Arduino/libraries/Adafruit_BusIO/Adafruit_BusIO_Register.cpp
Using cached library dependencies for file: /home/dejiguru/Arduino/libraries/Adafruit_BusIO/Adafruit_GenericDevice.cpp
Using cached library dependencies for file: /home/dejiguru/Arduino/libraries/Adafruit_BusIO/Adafruit_I2CDevice.cpp
Using cached library dependencies for file: /home/dejiguru/Arduino/libraries/Adafruit_BusIO/Adafruit_SPIDevice.cpp
Using cached library dependencies for file: /home/dejiguru/Arduino/hardware/espressif/esp32/libraries/Wire/src/Wire.cpp
Using cached library dependencies for file: /home/dejiguru/Arduino/libraries/Adafruit_ILI9341/Adafruit_ILI9341.cpp
Using cached library dependencies for file: /home/dejiguru/Arduino/libraries/Adafruit_AHTX0/Adafruit_AHTX0.cpp
Using cached library dependencies for file: /home/dejiguru/Arduino/libraries/Adafruit_Unified_Sensor/Adafruit_Sensor.cpp
Using cached library dependencies for file: /home/dejiguru/Arduino/libraries/SparkFun_MAX3010x_Pulse_and_Proximity_Sensor_Library/src/MAX30105.cpp
Using cached library dependencies for file: /home/dejiguru/Arduino/libraries/SparkFun_MAX3010x_Pulse_and_Proximity_Sensor_Library/src/heartRate.cpp
Using cached library dependencies for file: /home/dejiguru/Arduino/libraries/SparkFun_MAX3010x_Pulse_and_Proximity_Sensor_Library/src/spo2_algorithm.cpp
Using cached library dependencies for file: /home/dejiguru/Arduino/libraries/U8g2/src/U8g2lib.cpp
Using cached library dependencies for file: /home/dejiguru/Arduino/libraries/U8g2/src/U8x8lib.cpp
Using cached library dependencies for file: /home/dejiguru/Arduino/libraries/U8g2/src/clib/mui.c
Using cached library dependencies for file: /home/dejiguru/Arduino/libraries/U8g2/src/clib/mui_u8g2.c
Using cached library dependencies for file: /home/dejiguru/Arduino/libraries/U8g2/src/clib/u8g2_arc.c
Using cached library dependencies for file: /home/dejiguru/Arduino/libraries/U8g2/src/clib/u8g2_bitmap.c
Using cached library dependencies for file: /home/dejiguru/Arduino/libraries/U8g2/src/clib/u8g2_box.c
Using cached library dependencies for file: /home/dejiguru/Arduino/libraries/U8g2/src/clib/u8g2_buffer.c
Using cached library dependencies for file: /home/dejiguru/Arduino/libraries/U8g2/src/clib/u8g2_button.c
Using cached library dependencies for file: /home/dejiguru/Arduino/libraries/U8g2/src/clib/u8g2_circle.c
Using cached library dependencies for file: /home/dejiguru/Arduino/libraries/U8g2/src/clib/u8g2_cleardisplay.c
Using cached library dependencies for file: /home/dejiguru/Arduino/libraries/U8g2/src/clib/u8g2_d_memory.c
Using cached library dependencies for file: /home/dejiguru/Arduino/libraries/U8g2/src/clib/u8g2_d_setup.c
Using cached library dependencies for file: /home/dejiguru/Arduino/libraries/U8g2/src/clib/u8g2_font.c
Using cached library dependencies for file: /home/dejiguru/Arduino/libraries/U8g2/src/clib/u8g2_fonts.c
Using cached library dependencies for file: /home/dejiguru/Arduino/libraries/U8g2/src/clib/u8g2_hvline.c
Using cached library dependencies for file: /home/dejiguru/Arduino/libraries/U8g2/src/clib/u8g2_input_value.c
Using cached library dependencies for file: /home/dejiguru/Arduino/libraries/U8g2/src/clib/u8g2_intersection.c
Using cached library dependencies for file: /home/dejiguru/Arduino/libraries/U8g2/src/clib/u8g2_kerning.c
Using cached library dependencies for file: /home/dejiguru/Arduino/libraries/U8g2/src/clib/u8g2_line.c
Using cached library dependencies for file: /home/dejiguru/Arduino/libraries/U8g2/src/clib/u8g2_ll_hvline.c
Using cached library dependencies for file: /home/dejiguru/Arduino/libraries/U8g2/src/clib/u8g2_message.c
Using cached library dependencies for file: /home/dejiguru/Arduino/libraries/U8g2/src/clib/u8g2_polygon.c
Using cached library dependencies for file: /home/dejiguru/Arduino/libraries/U8g2/src/clib/u8g2_selection_list.c
Using cached library dependencies for file: /home/dejiguru/Arduino/libraries/U8g2/src/clib/u8g2_setup.c
Using cached library dependencies for file: /home/dejiguru/Arduino/libraries/U8g2/src/clib/u8log.c
Using cached library dependencies for file: /home/dejiguru/Arduino/libraries/U8g2/src/clib/u8log_u8g2.c
Using cached library dependencies for file: /home/dejiguru/Arduino/libraries/U8g2/src/clib/u8log_u8x8.c
Using cached library dependencies for file: /home/dejiguru/Arduino/libraries/U8g2/src/clib/u8x8_8x8.c
Using cached library dependencies for file: /home/dejiguru/Arduino/libraries/U8g2/src/clib/u8x8_byte.c
Using cached library dependencies for file: /home/dejiguru/Arduino/libraries/U8g2/src/clib/u8x8_cad.c
Using cached library dependencies for file: /home/dejiguru/Arduino/libraries/U8g2/src/clib/u8x8_capture.c
Using cached library dependencies for file: /home/dejiguru/Arduino/libraries/U8g2/src/clib/u8x8_d_a2printer.c
Using cached library dependencies for file: /home/dejiguru/Arduino/libraries/U8g2/src/clib/u8x8_d_ch1120.c
Using cached library dependencies for file: /home/dejiguru/Arduino/libraries/U8g2/src/clib/u8x8_d_gp1247ai.c
Using cached library dependencies for file: /home/dejiguru/Arduino/libraries/U8g2/src/clib/u8x8_d_gp1287ai.c
Using cached library dependencies for file: /home/dejiguru/Arduino/libraries/U8g2/src/clib/u8x8_d_gp1294ai.c
Using cached library dependencies for file: /home/dejiguru/Arduino/libraries/U8g2/src/clib/u8x8_d_gu800.c
Using cached library dependencies for file: /home/dejiguru/Arduino/libraries/U8g2/src/clib/u8x8_d_hd44102.c
Using cached library dependencies for file: /home/dejiguru/Arduino/libraries/U8g2/src/clib/u8x8_d_il3820_296x128.c
Using cached library dependencies for file: /home/dejiguru/Arduino/libraries/U8g2/src/clib/u8x8_d_ist3020.c
Using cached library dependencies for file: /home/dejiguru/Arduino/libraries/U8g2/src/clib/u8x8_d_ist3088.c
Using cached library dependencies for file: /home/dejiguru/Arduino/libraries/U8g2/src/clib/u8x8_d_ist7920.c
Using cached library dependencies for file: /home/dejiguru/Arduino/libraries/U8g2/src/clib/u8x8_d_ks0108.c
Using cached library dependencies for file: /home/dejiguru/Arduino/libraries/U8g2/src/clib/u8x8_d_lc7981.c
Using cached library dependencies for file: /home/dejiguru/Arduino/libraries/U8g2/src/clib/u8x8_d_ld7032_60x32.c
Using cached library dependencies for file: /home/dejiguru/Arduino/libraries/U8g2/src/clib/u8x8_d_ls013b7dh03.c
Using cached library dependencies for file: /home/dejiguru/Arduino/libraries/U8g2/src/clib/u8x8_d_max7219.c
Using cached library dependencies for file: /home/dejiguru/Arduino/libraries/U8g2/src/clib/u8x8_d_pcd8544_84x48.c
Using cached library dependencies for file: /home/dejiguru/Arduino/libraries/U8g2/src/clib/u8x8_d_pcf8812.c
Using cached library dependencies for file: /home/dejiguru/Arduino/libraries/U8g2/src/clib/u8x8_d_pcf8814_hx1230.c
Using cached library dependencies for file: /home/dejiguru/Arduino/libraries/U8g2/src/clib/u8x8_d_s1d15300.c
Using cached library dependencies for file: /home/dejiguru/Arduino/libraries/U8g2/src/clib/u8x8_d_s1d15721.c
Using cached library dependencies for file: /home/dejiguru/Arduino/libraries/U8g2/src/clib/u8x8_d_s1d15e06.c
Using cached library dependencies for file: /home/dejiguru/Arduino/libraries/U8g2/src/clib/u8x8_d_sbn1661.c
Using cached library dependencies for file: /home/dejiguru/Arduino/libraries/U8g2/src/clib/u8x8_d_sed1330.c
Using cached library dependencies for file: /home/dejiguru/Arduino/libraries/U8g2/src/clib/u8x8_d_sh1106_64x32.c
Using cached library dependencies for file: /home/dejiguru/Arduino/libraries/U8g2/src/clib/u8x8_d_sh1106_72x40.c
Using cached library dependencies for file: /home/dejiguru/Arduino/libraries/U8g2/src/clib/u8x8_d_sh1107.c
Using cached library dependencies for file: /home/dejiguru/Arduino/libraries/U8g2/src/clib/u8x8_d_sh1108.c
Using cached library dependencies for file: /home/dejiguru/Arduino/libraries/U8g2/src/clib/u8x8_d_sh1122.c
Using cached library dependencies for file: /home/dejiguru/Arduino/libraries/U8g2/src/clib/u8x8_d_ssd1305.c
Using cached library dependencies for file: /home/dejiguru/Arduino/libraries/U8g2/src/clib/u8x8_d_ssd1306_128x32.c
Using cached library dependencies for file: /home/dejiguru/Arduino/libraries/U8g2/src/clib/u8x8_d_ssd1306_128x64_noname.c
Using cached library dependencies for file: /home/dejiguru/Arduino/libraries/U8g2/src/clib/u8x8_d_ssd1306_2040x16.c
Using cached library dependencies for file: /home/dejiguru/Arduino/libraries/U8g2/src/clib/u8x8_d_ssd1306_48x64.c
Using cached library dependencies for file: /home/dejiguru/Arduino/libraries/U8g2/src/clib/u8x8_d_ssd1306_64x32.c
Using cached library dependencies for file: /home/dejiguru/Arduino/libraries/U8g2/src/clib/u8x8_d_ssd1306_64x48.c
Using cached library dependencies for file: /home/dejiguru/Arduino/libraries/U8g2/src/clib/u8x8_d_ssd1306_72x40.c
Using cached library dependencies for file: /home/dejiguru/Arduino/libraries/U8g2/src/clib/u8x8_d_ssd1306_96x16.c
Using cached library dependencies for file: /home/dejiguru/Arduino/libraries/U8g2/src/clib/u8x8_d_ssd1306_96x40.c
Using cached library dependencies for file: /home/dejiguru/Arduino/libraries/U8g2/src/clib/u8x8_d_ssd1309.c
Using cached library dependencies for file: /home/dejiguru/Arduino/libraries/U8g2/src/clib/u8x8_d_ssd1312.c
Using cached library dependencies for file: /home/dejiguru/Arduino/libraries/U8g2/src/clib/u8x8_d_ssd1316.c
Using cached library dependencies for file: /home/dejiguru/Arduino/libraries/U8g2/src/clib/u8x8_d_ssd1317.c
Using cached library dependencies for file: /home/dejiguru/Arduino/libraries/U8g2/src/clib/u8x8_d_ssd1318.c
Using cached library dependencies for file: /home/dejiguru/Arduino/libraries/U8g2/src/clib/u8x8_d_ssd1320.c
Using cached library dependencies for file: /home/dejiguru/Arduino/libraries/U8g2/src/clib/u8x8_d_ssd1322.c
Using cached library dependencies for file: /home/dejiguru/Arduino/libraries/U8g2/src/clib/u8x8_d_ssd1325.c
Using cached library dependencies for file: /home/dejiguru/Arduino/libraries/U8g2/src/clib/u8x8_d_ssd1326.c
Using cached library dependencies for file: /home/dejiguru/Arduino/libraries/U8g2/src/clib/u8x8_d_ssd1327.c
Using cached library dependencies for file: /home/dejiguru/Arduino/libraries/U8g2/src/clib/u8x8_d_ssd1329.c
Using cached library dependencies for file: /home/dejiguru/Arduino/libraries/U8g2/src/clib/u8x8_d_ssd1362.c
Using cached library dependencies for file: /home/dejiguru/Arduino/libraries/U8g2/src/clib/u8x8_d_ssd1363.c
Using cached library dependencies for file: /home/dejiguru/Arduino/libraries/U8g2/src/clib/u8x8_d_ssd1606_172x72.c
Using cached library dependencies for file: /home/dejiguru/Arduino/libraries/U8g2/src/clib/u8x8_d_ssd1607_200x200.c
Using cached library dependencies for file: /home/dejiguru/Arduino/libraries/U8g2/src/clib/u8x8_d_st7301.c
Using cached library dependencies for file: /home/dejiguru/Arduino/libraries/U8g2/src/clib/u8x8_d_st7302.c
Using cached library dependencies for file: /home/dejiguru/Arduino/libraries/U8g2/src/clib/u8x8_d_st7511.c
Using cached library dependencies for file: /home/dejiguru/Arduino/libraries/U8g2/src/clib/u8x8_d_st75160.c
Using cached library dependencies for file: /home/dejiguru/Arduino/libraries/U8g2/src/clib/u8x8_d_st75161.c
Using cached library dependencies for file: /home/dejiguru/Arduino/libraries/U8g2/src/clib/u8x8_d_st75256.c
Using cached library dependencies for file: /home/dejiguru/Arduino/libraries/U8g2/src/clib/u8x8_d_st7528.c
Using cached library dependencies for file: /home/dejiguru/Arduino/libraries/U8g2/src/clib/u8x8_d_st75320.c
Using cached library dependencies for file: /home/dejiguru/Arduino/libraries/U8g2/src/clib/u8x8_d_st7539.c
Using cached library dependencies for file: /home/dejiguru/Arduino/libraries/U8g2/src/clib/u8x8_d_st7565.c
Using cached library dependencies for file: /home/dejiguru/Arduino/libraries/U8g2/src/clib/u8x8_d_st7567.c
Using cached library dependencies for file: /home/dejiguru/Arduino/libraries/U8g2/src/clib/u8x8_d_st7571.c
Using cached library dependencies for file: /home/dejiguru/Arduino/libraries/U8g2/src/clib/u8x8_d_st7586s_erc240160.c
Using cached library dependencies for file: /home/dejiguru/Arduino/libraries/U8g2/src/clib/u8x8_d_st7586s_jlx320160.c
Using cached library dependencies for file: /home/dejiguru/Arduino/libraries/U8g2/src/clib/u8x8_d_st7586s_jlx384160.c
Using cached library dependencies for file: /home/dejiguru/Arduino/libraries/U8g2/src/clib/u8x8_d_st7586s_md240128.c
Using cached library dependencies for file: /home/dejiguru/Arduino/libraries/U8g2/src/clib/u8x8_d_st7586s_s028hn118a.c
Using cached library dependencies for file: /home/dejiguru/Arduino/libraries/U8g2/src/clib/u8x8_d_st7586s_ymc240160.c
Using cached library dependencies for file: /home/dejiguru/Arduino/libraries/U8g2/src/clib/u8x8_d_st7588.c
Using cached library dependencies for file: /home/dejiguru/Arduino/libraries/U8g2/src/clib/u8x8_d_st7920.c
Using cached library dependencies for file: /home/dejiguru/Arduino/libraries/U8g2/src/clib/u8x8_d_t6963.c
Using cached library dependencies for file: /home/dejiguru/Arduino/libraries/U8g2/src/clib/u8x8_d_uc1601.c
Using cached library dependencies for file: /home/dejiguru/Arduino/libraries/U8g2/src/clib/u8x8_d_uc1604.c
Using cached library dependencies for file: /home/dejiguru/Arduino/libraries/U8g2/src/clib/u8x8_d_uc1608.c
Using cached library dependencies for file: /home/dejiguru/Arduino/libraries/U8g2/src/clib/u8x8_d_uc1609.c
Using cached library dependencies for file: /home/dejiguru/Arduino/libraries/U8g2/src/clib/u8x8_d_uc1610.c
Using cached library dependencies for file: /home/dejiguru/Arduino/libraries/U8g2/src/clib/u8x8_d_uc1611.c
Using cached library dependencies for file: /home/dejiguru/Arduino/libraries/U8g2/src/clib/u8x8_d_uc1617.c
Using cached library dependencies for file: /home/dejiguru/Arduino/libraries/U8g2/src/clib/u8x8_d_uc1628.c
Using cached library dependencies for file: /home/dejiguru/Arduino/libraries/U8g2/src/clib/u8x8_d_uc1638.c
Using cached library dependencies for file: /home/dejiguru/Arduino/libraries/U8g2/src/clib/u8x8_d_uc1701_dogs102.c
Using cached library dependencies for file: /home/dejiguru/Arduino/libraries/U8g2/src/clib/u8x8_d_uc1701_mini12864.c
Using cached library dependencies for file: /home/dejiguru/Arduino/libraries/U8g2/src/clib/u8x8_debounce.c
Using cached library dependencies for file: /home/dejiguru/Arduino/libraries/U8g2/src/clib/u8x8_display.c
Using cached library dependencies for file: /home/dejiguru/Arduino/libraries/U8g2/src/clib/u8x8_fonts.c
Using cached library dependencies for file: /home/dejiguru/Arduino/libraries/U8g2/src/clib/u8x8_gpio.c
Using cached library dependencies for file: /home/dejiguru/Arduino/libraries/U8g2/src/clib/u8x8_input_value.c
Using cached library dependencies for file: /home/dejiguru/Arduino/libraries/U8g2/src/clib/u8x8_message.c
Using cached library dependencies for file: /home/dejiguru/Arduino/libraries/U8g2/src/clib/u8x8_selection_list.c
Using cached library dependencies for file: /home/dejiguru/Arduino/libraries/U8g2/src/clib/u8x8_setup.c
Using cached library dependencies for file: /home/dejiguru/Arduino/libraries/U8g2/src/clib/u8x8_string.c
Using cached library dependencies for file: /home/dejiguru/Arduino/libraries/U8g2/src/clib/u8x8_u16toa.c
Using cached library dependencies for file: /home/dejiguru/Arduino/libraries/U8g2/src/clib/u8x8_u8toa.c
Using cached library dependencies for file: /home/dejiguru/Arduino/libraries/Firebase_Arduino_Client_Library_for_ESP8266_and_ESP32/src/Firebase.cpp
Using cached library dependencies for file: /home/dejiguru/Arduino/libraries/Firebase_Arduino_Client_Library_for_ESP8266_and_ESP32/src/client/SSLClient/bssl/aes_big_cbcdec.c
Using cached library dependencies for file: /home/dejiguru/Arduino/libraries/Firebase_Arduino_Client_Library_for_ESP8266_and_ESP32/src/client/SSLClient/bssl/aes_big_cbcenc.c
Using cached library dependencies for file: /home/dejiguru/Arduino/libraries/Firebase_Arduino_Client_Library_for_ESP8266_and_ESP32/src/client/SSLClient/bssl/aes_big_ctr.c
Using cached library dependencies for file: /home/dejiguru/Arduino/libraries/Firebase_Arduino_Client_Library_for_ESP8266_and_ESP32/src/client/SSLClient/bssl/aes_big_ctrcbc.c
Using cached library dependencies for file: /home/dejiguru/Arduino/libraries/Firebase_Arduino_Client_Library_for_ESP8266_and_ESP32/src/client/SSLClient/bssl/aes_big_dec.c
Using cached library dependencies for file: /home/dejiguru/Arduino/libraries/Firebase_Arduino_Client_Library_for_ESP8266_and_ESP32/src/client/SSLClient/bssl/aes_big_enc.c
Using cached library dependencies for file: /home/dejiguru/Arduino/libraries/Firebase_Arduino_Client_Library_for_ESP8266_and_ESP32/src/client/SSLClient/bssl/aes_common.c
Using cached library dependencies for file: /home/dejiguru/Arduino/libraries/Firebase_Arduino_Client_Library_for_ESP8266_and_ESP32/src/client/SSLClient/bssl/aes_ct.c
Using cached library dependencies for file: /home/dejiguru/Arduino/libraries/Firebase_Arduino_Client_Library_for_ESP8266_and_ESP32/src/client/SSLClient/bssl/aes_ct64.c
Using cached library dependencies for file: /home/dejiguru/Arduino/libraries/Firebase_Arduino_Client_Library_for_ESP8266_and_ESP32/src/client/SSLClient/bssl/aes_ct64_cbcdec.c
Using cached library dependencies for file: /home/dejiguru/Arduino/libraries/Firebase_Arduino_Client_Library_for_ESP8266_and_ESP32/src/client/SSLClient/bssl/aes_ct64_cbcenc.c
Using cached library dependencies for file: /home/dejiguru/Arduino/libraries/Firebase_Arduino_Client_Library_for_ESP8266_and_ESP32/src/client/SSLClient/bssl/aes_ct64_ctr.c
Using cached library dependencies for file: /home/dejiguru/Arduino/libraries/Firebase_Arduino_Client_Library_for_ESP8266_and_ESP32/src/client/SSLClient/bssl/aes_ct64_ctrcbc.c
Using cached library dependencies for file: /home/dejiguru/Arduino/libraries/Firebase_Arduino_Client_Library_for_ESP8266_and_ESP32/src/client/SSLClient/bssl/aes_ct64_dec.c
Using cached library dependencies for file: /home/dejiguru/Arduino/libraries/Firebase_Arduino_Client_Library_for_ESP8266_and_ESP32/src/client/SSLClient/bssl/aes_ct64_enc.c
Using cached library dependencies for file: /home/dejiguru/Arduino/libraries/Firebase_Arduino_Client_Library_for_ESP8266_and_ESP32/src/client/SSLClient/bssl/aes_ct_cbcdec.c
Using cached library dependencies for file: /home/dejiguru/Arduino/libraries/Firebase_Arduino_Client_Library_for_ESP8266_and_ESP32/src/client/SSLClient/bssl/aes_ct_cbcenc.c
Using cached library dependencies for file: /home/dejiguru/Arduino/libraries/Firebase_Arduino_Client_Library_for_ESP8266_and_ESP32/src/client/SSLClient/bssl/aes_ct_ctr.c
Using cached library dependencies for file: /home/dejiguru/Arduino/libraries/Firebase_Arduino_Client_Library_for_ESP8266_and_ESP32/src/client/SSLClient/bssl/aes_ct_ctrcbc.c
Using cached library dependencies for file: /home/dejiguru/Arduino/libraries/Firebase_Arduino_Client_Library_for_ESP8266_and_ESP32/src/client/SSLClient/bssl/aes_ct_dec.c
Using cached library dependencies for file: /home/dejiguru/Arduino/libraries/Firebase_Arduino_Client_Library_for_ESP8266_and_ESP32/src/client/SSLClient/bssl/aes_ct_enc.c
Using cached library dependencies for file: /home/dejiguru/Arduino/libraries/Firebase_Arduino_Client_Library_for_ESP8266_and_ESP32/src/client/SSLClient/bssl/aes_pwr8.c
Using cached library dependencies for file: /home/dejiguru/Arduino/libraries/Firebase_Arduino_Client_Library_for_ESP8266_and_ESP32/src/client/SSLClient/bssl/aes_pwr8_cbcdec.c
Using cached library dependencies for file: /home/dejiguru/Arduino/libraries/Firebase_Arduino_Client_Library_for_ESP8266_and_ESP32/src/client/SSLClient/bssl/aes_pwr8_cbcenc.c
Using cached library dependencies for file: /home/dejiguru/Arduino/libraries/Firebase_Arduino_Client_Library_for_ESP8266_and_ESP32/src/client/SSLClient/bssl/aes_pwr8_ctr.c
Using cached library dependencies for file: /home/dejiguru/Arduino/libraries/Firebase_Arduino_Client_Library_for_ESP8266_and_ESP32/src/client/SSLClient/bssl/aes_pwr8_ctrcbc.c
Using cached library dependencies for file: /home/dejiguru/Arduino/libraries/Firebase_Arduino_Client_Library_for_ESP8266_and_ESP32/src/client/SSLClient/bssl/aes_small_cbcdec.c
Using cached library dependencies for file: /home/dejiguru/Arduino/libraries/Firebase_Arduino_Client_Library_for_ESP8266_and_ESP32/src/client/SSLClient/bssl/aes_small_cbcenc.c
Using cached library dependencies for file: /home/dejiguru/Arduino/libraries/Firebase_Arduino_Client_Library_for_ESP8266_and_ESP32/src/client/SSLClient/bssl/aes_small_ctr.c
Using cached library dependencies for file: /home/dejiguru/Arduino/libraries/Firebase_Arduino_Client_Library_for_ESP8266_and_ESP32/src/client/SSLClient/bssl/aes_small_ctrcbc.c
Using cached library dependencies for file: /home/dejiguru/Arduino/libraries/Firebase_Arduino_Client_Library_for_ESP8266_and_ESP32/src/client/SSLClient/bssl/aes_small_dec.c
Using cached library dependencies for file: /home/dejiguru/Arduino/libraries/Firebase_Arduino_Client_Library_for_ESP8266_and_ESP32/src/client/SSLClient/bssl/aes_small_enc.c
Using cached library dependencies for file: /home/dejiguru/Arduino/libraries/Firebase_Arduino_Client_Library_for_ESP8266_and_ESP32/src/client/SSLClient/bssl/aes_x86ni.c
Using cached library dependencies for file: /home/dejiguru/Arduino/libraries/Firebase_Arduino_Client_Library_for_ESP8266_and_ESP32/src/client/SSLClient/bssl/aes_x86ni_cbcdec.c
Using cached library dependencies for file: /home/dejiguru/Arduino/libraries/Firebase_Arduino_Client_Library_for_ESP8266_and_ESP32/src/client/SSLClient/bssl/aes_x86ni_cbcenc.c
Using cached library dependencies for file: /home/dejiguru/Arduino/libraries/Firebase_Arduino_Client_Library_for_ESP8266_and_ESP32/src/client/SSLClient/bssl/aes_x86ni_ctr.c
Using cached library dependencies for file: /home/dejiguru/Arduino/libraries/Firebase_Arduino_Client_Library_for_ESP8266_and_ESP32/src/client/SSLClient/bssl/aes_x86ni_ctrcbc.c
Using cached library dependencies for file: /home/dejiguru/Arduino/libraries/Firebase_Arduino_Client_Library_for_ESP8266_and_ESP32/src/client/SSLClient/bssl/aesctr_drbg.c
Using cached library dependencies for file: /home/dejiguru/Arduino/libraries/Firebase_Arduino_Client_Library_for_ESP8266_and_ESP32/src/client/SSLClient/bssl/asn1enc.c
Using cached library dependencies for file: /home/dejiguru/Arduino/libraries/Firebase_Arduino_Client_Library_for_ESP8266_and_ESP32/src/client/SSLClient/bssl/ccm.c
Using cached library dependencies for file: /home/dejiguru/Arduino/libraries/Firebase_Arduino_Client_Library_for_ESP8266_and_ESP32/src/client/SSLClient/bssl/ccopy.c
Using cached library dependencies for file: /home/dejiguru/Arduino/libraries/Firebase_Arduino_Client_Library_for_ESP8266_and_ESP32/src/client/SSLClient/bssl/chacha20_ct.c
Using cached library dependencies for file: /home/dejiguru/Arduino/libraries/Firebase_Arduino_Client_Library_for_ESP8266_and_ESP32/src/client/SSLClient/bssl/chacha20_sse2.c
Using cached library dependencies for file: /home/dejiguru/Arduino/libraries/Firebase_Arduino_Client_Library_for_ESP8266_and_ESP32/src/client/SSLClient/bssl/dec16be.c
Using cached library dependencies for file: /home/dejiguru/Arduino/libraries/Firebase_Arduino_Client_Library_for_ESP8266_and_ESP32/src/client/SSLClient/bssl/dec16le.c
Using cached library dependencies for file: /home/dejiguru/Arduino/libraries/Firebase_Arduino_Client_Library_for_ESP8266_and_ESP32/src/client/SSLClient/bssl/dec32be.c
Using cached library dependencies for file: /home/dejiguru/Arduino/libraries/Firebase_Arduino_Client_Library_for_ESP8266_and_ESP32/src/client/SSLClient/bssl/dec32le.c
Using cached library dependencies for file: /home/dejiguru/Arduino/libraries/Firebase_Arduino_Client_Library_for_ESP8266_and_ESP32/src/client/SSLClient/bssl/dec64be.c
Using cached library dependencies for file: /home/dejiguru/Arduino/libraries/Firebase_Arduino_Client_Library_for_ESP8266_and_ESP32/src/client/SSLClient/bssl/dec64le.c
Using cached library dependencies for file: /home/dejiguru/Arduino/libraries/Firebase_Arduino_Client_Library_for_ESP8266_and_ESP32/src/client/SSLClient/bssl/des_ct.c
Using cached library dependencies for file: /home/dejiguru/Arduino/libraries/Firebase_Arduino_Client_Library_for_ESP8266_and_ESP32/src/client/SSLClient/bssl/des_ct_cbcdec.c
Using cached library dependencies for file: /home/dejiguru/Arduino/libraries/Firebase_Arduino_Client_Library_for_ESP8266_and_ESP32/src/client/SSLClient/bssl/des_ct_cbcenc.c
Using cached library dependencies for file: /home/dejiguru/Arduino/libraries/Firebase_Arduino_Client_Library_for_ESP8266_and_ESP32/src/client/SSLClient/bssl/des_support.c
Using cached library dependencies for file: /home/dejiguru/Arduino/libraries/Firebase_Arduino_Client_Library_for_ESP8266_and_ESP32/src/client/SSLClient/bssl/des_tab.c
Using cached library dependencies for file: /home/dejiguru/Arduino/libraries/Firebase_Arduino_Client_Library_for_ESP8266_and_ESP32/src/client/SSLClient/bssl/des_tab_cbcdec.c
Using cached library dependencies for file: /home/dejiguru/Arduino/libraries/Firebase_Arduino_Client_Library_for_ESP8266_and_ESP32/src/client/SSLClient/bssl/des_tab_cbcenc.c
Using cached library dependencies for file: /home/dejiguru/Arduino/libraries/Firebase_Arduino_Client_Library_for_ESP8266_and_ESP32/src/client/SSLClient/bssl/dig_oid.c
Using cached library dependencies for file: /home/dejiguru/Arduino/libraries/Firebase_Arduino_Client_Library_for_ESP8266_and_ESP32/src/client/SSLClient/bssl/dig_size.c
Using cached library dependencies for file: /home/dejiguru/Arduino/libraries/Firebase_Arduino_Client_Library_for_ESP8266_and_ESP32/src/client/SSLClient/bssl/eax.c
Using cached library dependencies for file: /home/dejiguru/Arduino/libraries/Firebase_Arduino_Client_Library_for_ESP8266_and_ESP32/src/client/SSLClient/bssl/ec_all_m15.c
Using cached library dependencies for file: /home/dejiguru/Arduino/libraries/Firebase_Arduino_Client_Library_for_ESP8266_and_ESP32/src/client/SSLClient/bssl/ec_all_m31.c
Using cached library dependencies for file: /home/dejiguru/Arduino/libraries/Firebase_Arduino_Client_Library_for_ESP8266_and_ESP32/src/client/SSLClient/bssl/ec_c25519_i15.c
Using cached library dependencies for file: /home/dejiguru/Arduino/libraries/Firebase_Arduino_Client_Library_for_ESP8266_and_ESP32/src/client/SSLClient/bssl/ec_c25519_i31.c
Using cached library dependencies for file: /home/dejiguru/Arduino/libraries/Firebase_Arduino_Client_Library_for_ESP8266_and_ESP32/src/client/SSLClient/bssl/ec_c25519_m15.c
Using cached library dependencies for file: /home/dejiguru/Arduino/libraries/Firebase_Arduino_Client_Library_for_ESP8266_and_ESP32/src/client/SSLClient/bssl/ec_c25519_m31.c
Using cached library dependencies for file: /home/dejiguru/Arduino/libraries/Firebase_Arduino_Client_Library_for_ESP8266_and_ESP32/src/client/SSLClient/bssl/ec_c25519_m62.c
Using cached library dependencies for file: /home/dejiguru/Arduino/libraries/Firebase_Arduino_Client_Library_for_ESP8266_and_ESP32/src/client/SSLClient/bssl/ec_c25519_m64.c
Using cached library dependencies for file: /home/dejiguru/Arduino/libraries/Firebase_Arduino_Client_Library_for_ESP8266_and_ESP32/src/client/SSLClient/bssl/ec_curve25519.c
Using cached library dependencies for file: /home/dejiguru/Arduino/libraries/Firebase_Arduino_Client_Library_for_ESP8266_and_ESP32/src/client/SSLClient/bssl/ec_default.c
Using cached library dependencies for file: /home/dejiguru/Arduino/libraries/Firebase_Arduino_Client_Library_for_ESP8266_and_ESP32/src/client/SSLClient/bssl/ec_keygen.c
Using cached library dependencies for file: /home/dejiguru/Arduino/libraries/Firebase_Arduino_Client_Library_for_ESP8266_and_ESP32/src/client/SSLClient/bssl/ec_p256_m15.c
Using cached library dependencies for file: /home/dejiguru/Arduino/libraries/Firebase_Arduino_Client_Library_for_ESP8266_and_ESP32/src/client/SSLClient/bssl/ec_p256_m31.c
Using cached library dependencies for file: /home/dejiguru/Arduino/libraries/Firebase_Arduino_Client_Library_for_ESP8266_and_ESP32/src/client/SSLClient/bssl/ec_p256_m62.c
Using cached library dependencies for file: /home/dejiguru/Arduino/libraries/Firebase_Arduino_Client_Library_for_ESP8266_and_ESP32/src/client/SSLClient/bssl/ec_p256_m64.c
Using cached library dependencies for file: /home/dejiguru/Arduino/libraries/Firebase_Arduino_Client_Library_for_ESP8266_and_ESP32/src/client/SSLClient/bssl/ec_prime_i15.c
Using cached library dependencies for file: /home/dejiguru/Arduino/libraries/Firebase_Arduino_Client_Library_for_ESP8266_and_ESP32/src/client/SSLClient/bssl/ec_prime_i31.c
Using cached library dependencies for file: /home/dejiguru/Arduino/libraries/Firebase_Arduino_Client_Library_for_ESP8266_and_ESP32/src/client/SSLClient/bssl/ec_pubkey.c
Using cached library dependencies for file: /home/dejiguru/Arduino/libraries/Firebase_Arduino_Client_Library_for_ESP8266_and_ESP32/src/client/SSLClient/bssl/ec_secp256r1.c
Using cached library dependencies for file: /home/dejiguru/Arduino/libraries/Firebase_Arduino_Client_Library_for_ESP8266_and_ESP32/src/client/SSLClient/bssl/ec_secp384r1.c
Using cached library dependencies for file: /home/dejiguru/Arduino/libraries/Firebase_Arduino_Client_Library_for_ESP8266_and_ESP32/src/client/SSLClient/bssl/ec_secp521r1.c
Using cached library dependencies for file: /home/dejiguru/Arduino/libraries/Firebase_Arduino_Client_Library_for_ESP8266_and_ESP32/src/client/SSLClient/bssl/ecdsa_atr.c
Using cached library dependencies for file: /home/dejiguru/Arduino/libraries/Firebase_Arduino_Client_Library_for_ESP8266_and_ESP32/src/client/SSLClient/bssl/ecdsa_default_sign_asn1.c
Using cached library dependencies for file: /home/dejiguru/Arduino/libraries/Firebase_Arduino_Client_Library_for_ESP8266_and_ESP32/src/client/SSLClient/bssl/ecdsa_default_sign_raw.c
Using cached library dependencies for file: /home/dejiguru/Arduino/libraries/Firebase_Arduino_Client_Library_for_ESP8266_and_ESP32/src/client/SSLClient/bssl/ecdsa_default_vrfy_asn1.c
Using cached library dependencies for file: /home/dejiguru/Arduino/libraries/Firebase_Arduino_Client_Library_for_ESP8266_and_ESP32/src/client/SSLClient/bssl/ecdsa_default_vrfy_raw.c
Using cached library dependencies for file: /home/dejiguru/Arduino/libraries/Firebase_Arduino_Client_Library_for_ESP8266_and_ESP32/src/client/SSLClient/bssl/ecdsa_i15_bits.c
Using cached library dependencies for file: /home/dejiguru/Arduino/libraries/Firebase_Arduino_Client_Library_for_ESP8266_and_ESP32/src/client/SSLClient/bssl/ecdsa_i15_sign_asn1.c
Using cached library dependencies for file: /home/dejiguru/Arduino/libraries/Firebase_Arduino_Client_Library_for_ESP8266_and_ESP32/src/client/SSLClient/bssl/ecdsa_i15_sign_raw.c
Using cached library dependencies for file: /home/dejiguru/Arduino/libraries/Firebase_Arduino_Client_Library_for_ESP8266_and_ESP32/src/client/SSLClient/bssl/ecdsa_i15_vrfy_asn1.c
Using cached library dependencies for file: /home/dejiguru/Arduino/libraries/Firebase_Arduino_Client_Library_for_ESP8266_and_ESP32/src/client/SSLClient/bssl/ecdsa_i15_vrfy_raw.c
Using cached library dependencies for file: /home/dejiguru/Arduino/libraries/Firebase_Arduino_Client_Library_for_ESP8266_and_ESP32/src/client/SSLClient/bssl/ecdsa_i31_bits.c
Using cached library dependencies for file: /home/dejiguru/Arduino/libraries/Firebase_Arduino_Client_Library_for_ESP8266_and_ESP32/src/client/SSLClient/bssl/ecdsa_i31_sign_asn1.c
Using cached library dependencies for file: /home/dejiguru/Arduino/libraries/Firebase_Arduino_Client_Library_for_ESP8266_and_ESP32/src/client/SSLClient/bssl/ecdsa_i31_sign_raw.c
Using cached library dependencies for file: /home/dejiguru/Arduino/libraries/Firebase_Arduino_Client_Library_for_ESP8266_and_ESP32/src/client/SSLClient/bssl/ecdsa_i31_vrfy_asn1.c
Using cached library dependencies for file: /home/dejiguru/Arduino/libraries/Firebase_Arduino_Client_Library_for_ESP8266_and_ESP32/src/client/SSLClient/bssl/ecdsa_i31_vrfy_raw.c
Using cached library dependencies for file: /home/dejiguru/Arduino/libraries/Firebase_Arduino_Client_Library_for_ESP8266_and_ESP32/src/client/SSLClient/bssl/ecdsa_rta.c
Using cached library dependencies for file: /home/dejiguru/Arduino/libraries/Firebase_Arduino_Client_Library_for_ESP8266_and_ESP32/src/client/SSLClient/bssl/enc16be.c
Using cached library dependencies for file: /home/dejiguru/Arduino/libraries/Firebase_Arduino_Client_Library_for_ESP8266_and_ESP32/src/client/SSLClient/bssl/enc16le.c
Using cached library dependencies for file: /home/dejiguru/Arduino/libraries/Firebase_Arduino_Client_Library_for_ESP8266_and_ESP32/src/client/SSLClient/bssl/enc32be.c
Using cached library dependencies for file: /home/dejiguru/Arduino/libraries/Firebase_Arduino_Client_Library_for_ESP8266_and_ESP32/src/client/SSLClient/bssl/enc32le.c
Using cached library dependencies for file: /home/dejiguru/Arduino/libraries/Firebase_Arduino_Client_Library_for_ESP8266_and_ESP32/src/client/SSLClient/bssl/enc64be.c
Using cached library dependencies for file: /home/dejiguru/Arduino/libraries/Firebase_Arduino_Client_Library_for_ESP8266_and_ESP32/src/client/SSLClient/bssl/enc64le.c
Using cached library dependencies for file: /home/dejiguru/Arduino/libraries/Firebase_Arduino_Client_Library_for_ESP8266_and_ESP32/src/client/SSLClient/bssl/encode_ec_pk8der.c
Using cached library dependencies for file: /home/dejiguru/Arduino/libraries/Firebase_Arduino_Client_Library_for_ESP8266_and_ESP32/src/client/SSLClient/bssl/encode_ec_rawder.c
Using cached library dependencies for file: /home/dejiguru/Arduino/libraries/Firebase_Arduino_Client_Library_for_ESP8266_and_ESP32/src/client/SSLClient/bssl/encode_rsa_pk8der.c
Using cached library dependencies for file: /home/dejiguru/Arduino/libraries/Firebase_Arduino_Client_Library_for_ESP8266_and_ESP32/src/client/SSLClient/bssl/encode_rsa_rawder.c
Using cached library dependencies for file: /home/dejiguru/Arduino/libraries/Firebase_Arduino_Client_Library_for_ESP8266_and_ESP32/src/client/SSLClient/bssl/gcm.c
Using cached library dependencies for file: /home/dejiguru/Arduino/libraries/Firebase_Arduino_Client_Library_for_ESP8266_and_ESP32/src/client/SSLClient/bssl/ghash_ctmul.c
Using cached library dependencies for file: /home/dejiguru/Arduino/libraries/Firebase_Arduino_Client_Library_for_ESP8266_and_ESP32/src/client/SSLClient/bssl/ghash_ctmul32.c
Using cached library dependencies for file: /home/dejiguru/Arduino/libraries/Firebase_Arduino_Client_Library_for_ESP8266_and_ESP32/src/client/SSLClient/bssl/ghash_ctmul64.c
Using cached library dependencies for file: /home/dejiguru/Arduino/libraries/Firebase_Arduino_Client_Library_for_ESP8266_and_ESP32/src/client/SSLClient/bssl/ghash_pclmul.c
Using cached library dependencies for file: /home/dejiguru/Arduino/libraries/Firebase_Arduino_Client_Library_for_ESP8266_and_ESP32/src/client/SSLClient/bssl/ghash_pwr8.c
Using cached library dependencies for file: /home/dejiguru/Arduino/libraries/Firebase_Arduino_Client_Library_for_ESP8266_and_ESP32/src/client/SSLClient/bssl/hkdf.c
Using cached library dependencies for file: /home/dejiguru/Arduino/libraries/Firebase_Arduino_Client_Library_for_ESP8266_and_ESP32/src/client/SSLClient/bssl/hmac.c
Using cached library dependencies for file: /home/dejiguru/Arduino/libraries/Firebase_Arduino_Client_Library_for_ESP8266_and_ESP32/src/client/SSLClient/bssl/hmac_ct.c
Using cached library dependencies for file: /home/dejiguru/Arduino/libraries/Firebase_Arduino_Client_Library_for_ESP8266_and_ESP32/src/client/SSLClient/bssl/hmac_drbg.c
Using cached library dependencies for file: /home/dejiguru/Arduino/libraries/Firebase_Arduino_Client_Library_for_ESP8266_and_ESP32/src/client/SSLClient/bssl/i15_add.c
Using cached library dependencies for file: /home/dejiguru/Arduino/libraries/Firebase_Arduino_Client_Library_for_ESP8266_and_ESP32/src/client/SSLClient/bssl/i15_bitlen.c
Using cached library dependencies for file: /home/dejiguru/Arduino/libraries/Firebase_Arduino_Client_Library_for_ESP8266_and_ESP32/src/client/SSLClient/bssl/i15_decmod.c
Using cached library dependencies for file: /home/dejiguru/Arduino/libraries/Firebase_Arduino_Client_Library_for_ESP8266_and_ESP32/src/client/SSLClient/bssl/i15_decode.c
Using cached library dependencies for file: /home/dejiguru/Arduino/libraries/Firebase_Arduino_Client_Library_for_ESP8266_and_ESP32/src/client/SSLClient/bssl/i15_decred.c
Using cached library dependencies for file: /home/dejiguru/Arduino/libraries/Firebase_Arduino_Client_Library_for_ESP8266_and_ESP32/src/client/SSLClient/bssl/i15_encode.c
Using cached library dependencies for file: /home/dejiguru/Arduino/libraries/Firebase_Arduino_Client_Library_for_ESP8266_and_ESP32/src/client/SSLClient/bssl/i15_fmont.c
Using cached library dependencies for file: /home/dejiguru/Arduino/libraries/Firebase_Arduino_Client_Library_for_ESP8266_and_ESP32/src/client/SSLClient/bssl/i15_iszero.c
Using cached library dependencies for file: /home/dejiguru/Arduino/libraries/Firebase_Arduino_Client_Library_for_ESP8266_and_ESP32/src/client/SSLClient/bssl/i15_moddiv.c
Using cached library dependencies for file: /home/dejiguru/Arduino/libraries/Firebase_Arduino_Client_Library_for_ESP8266_and_ESP32/src/client/SSLClient/bssl/i15_modpow.c
Using cached library dependencies for file: /home/dejiguru/Arduino/libraries/Firebase_Arduino_Client_Library_for_ESP8266_and_ESP32/src/client/SSLClient/bssl/i15_modpow2.c
Using cached library dependencies for file: /home/dejiguru/Arduino/libraries/Firebase_Arduino_Client_Library_for_ESP8266_and_ESP32/src/client/SSLClient/bssl/i15_montmul.c
Using cached library dependencies for file: /home/dejiguru/Arduino/libraries/Firebase_Arduino_Client_Library_for_ESP8266_and_ESP32/src/client/SSLClient/bssl/i15_mulacc.c
Using cached library dependencies for file: /home/dejiguru/Arduino/libraries/Firebase_Arduino_Client_Library_for_ESP8266_and_ESP32/src/client/SSLClient/bssl/i15_muladd.c
Using cached library dependencies for file: /home/dejiguru/Arduino/libraries/Firebase_Arduino_Client_Library_for_ESP8266_and_ESP32/src/client/SSLClient/bssl/i15_ninv15.c
Using cached library dependencies for file: /home/dejiguru/Arduino/libraries/Firebase_Arduino_Client_Library_for_ESP8266_and_ESP32/src/client/SSLClient/bssl/i15_reduce.c
Using cached library dependencies for file: /home/dejiguru/Arduino/libraries/Firebase_Arduino_Client_Library_for_ESP8266_and_ESP32/src/client/SSLClient/bssl/i15_rshift.c
Using cached library dependencies for file: /home/dejiguru/Arduino/libraries/Firebase_Arduino_Client_Library_for_ESP8266_and_ESP32/src/client/SSLClient/bssl/i15_sub.c
Using cached library dependencies for file: /home/dejiguru/Arduino/libraries/Firebase_Arduino_Client_Library_for_ESP8266_and_ESP32/src/client/SSLClient/bssl/i15_tmont.c
Using cached library dependencies for file: /home/dejiguru/Arduino/libraries/Firebase_Arduino_Client_Library_for_ESP8266_and_ESP32/src/client/SSLClient/bssl/i31_add.c
Using cached library dependencies for file: /home/dejiguru/Arduino/libraries/Firebase_Arduino_Client_Library_for_ESP8266_and_ESP32/src/client/SSLClient/bssl/i31_bitlen.c
Using cached library dependencies for file: /home/dejiguru/Arduino/libraries/Firebase_Arduino_Client_Library_for_ESP8266_and_ESP32/src/client/SSLClient/bssl/i31_decmod.c
Using cached library dependencies for file: /home/dejiguru/Arduino/libraries/Firebase_Arduino_Client_Library_for_ESP8266_and_ESP32/src/client/SSLClient/bssl/i31_decode.c
Using cached library dependencies for file: /home/dejiguru/Arduino/libraries/Firebase_Arduino_Client_Library_for_ESP8266_and_ESP32/src/client/SSLClient/bssl/i31_decred.c
Using cached library dependencies for file: /home/dejiguru/Arduino/libraries/Firebase_Arduino_Client_Library_for_ESP8266_and_ESP32/src/client/SSLClient/bssl/i31_encode.c
Using cached library dependencies for file: /home/dejiguru/Arduino/libraries/Firebase_Arduino_Client_Library_for_ESP8266_and_ESP32/src/client/SSLClient/bssl/i31_fmont.c
Using cached library dependencies for file: /home/dejiguru/Arduino/libraries/Firebase_Arduino_Client_Library_for_ESP8266_and_ESP32/src/client/SSLClient/bssl/i31_iszero.c
Using cached library dependencies for file: /home/dejiguru/Arduino/libraries/Firebase_Arduino_Client_Library_for_ESP8266_and_ESP32/src/client/SSLClient/bssl/i31_moddiv.c
Using cached library dependencies for file: /home/dejiguru/Arduino/libraries/Firebase_Arduino_Client_Library_for_ESP8266_and_ESP32/src/client/SSLClient/bssl/i31_modpow.c
Using cached library dependencies for file: /home/dejiguru/Arduino/libraries/Firebase_Arduino_Client_Library_for_ESP8266_and_ESP32/src/client/SSLClient/bssl/i31_modpow2.c
Using cached library dependencies for file: /home/dejiguru/Arduino/libraries/Firebase_Arduino_Client_Library_for_ESP8266_and_ESP32/src/client/SSLClient/bssl/i31_montmul.c
Using cached library dependencies for file: /home/dejiguru/Arduino/libraries/Firebase_Arduino_Client_Library_for_ESP8266_and_ESP32/src/client/SSLClient/bssl/i31_mulacc.c
Using cached library dependencies for file: /home/dejiguru/Arduino/libraries/Firebase_Arduino_Client_Library_for_ESP8266_and_ESP32/src/client/SSLClient/bssl/i31_muladd.c
Using cached library dependencies for file: /home/dejiguru/Arduino/libraries/Firebase_Arduino_Client_Library_for_ESP8266_and_ESP32/src/client/SSLClient/bssl/i31_ninv31.c
Using cached library dependencies for file: /home/dejiguru/Arduino/libraries/Firebase_Arduino_Client_Library_for_ESP8266_and_ESP32/src/client/SSLClient/bssl/i31_reduce.c
Using cached library dependencies for file: /home/dejiguru/Arduino/libraries/Firebase_Arduino_Client_Library_for_ESP8266_and_ESP32/src/client/SSLClient/bssl/i31_rshift.c
Using cached library dependencies for file: /home/dejiguru/Arduino/libraries/Firebase_Arduino_Client_Library_for_ESP8266_and_ESP32/src/client/SSLClient/bssl/i31_sub.c
Using cached library dependencies for file: /home/dejiguru/Arduino/libraries/Firebase_Arduino_Client_Library_for_ESP8266_and_ESP32/src/client/SSLClient/bssl/i31_tmont.c
Using cached library dependencies for file: /home/dejiguru/Arduino/libraries/Firebase_Arduino_Client_Library_for_ESP8266_and_ESP32/src/client/SSLClient/bssl/i32_add.c
Using cached library dependencies for file: /home/dejiguru/Arduino/libraries/Firebase_Arduino_Client_Library_for_ESP8266_and_ESP32/src/client/SSLClient/bssl/i32_bitlen.c
Using cached library dependencies for file: /home/dejiguru/Arduino/libraries/Firebase_Arduino_Client_Library_for_ESP8266_and_ESP32/src/client/SSLClient/bssl/i32_decmod.c
Using cached library dependencies for file: /home/dejiguru/Arduino/libraries/Firebase_Arduino_Client_Library_for_ESP8266_and_ESP32/src/client/SSLClient/bssl/i32_decode.c
Using cached library dependencies for file: /home/dejiguru/Arduino/libraries/Firebase_Arduino_Client_Library_for_ESP8266_and_ESP32/src/client/SSLClient/bssl/i32_decred.c
Using cached library dependencies for file: /home/dejiguru/Arduino/libraries/Firebase_Arduino_Client_Library_for_ESP8266_and_ESP32/src/client/SSLClient/bssl/i32_div32.c
Using cached library dependencies for file: /home/dejiguru/Arduino/libraries/Firebase_Arduino_Client_Library_for_ESP8266_and_ESP32/src/client/SSLClient/bssl/i32_encode.c
Using cached library dependencies for file: /home/dejiguru/Arduino/libraries/Firebase_Arduino_Client_Library_for_ESP8266_and_ESP32/src/client/SSLClient/bssl/i32_fmont.c
Using cached library dependencies for file: /home/dejiguru/Arduino/libraries/Firebase_Arduino_Client_Library_for_ESP8266_and_ESP32/src/client/SSLClient/bssl/i32_iszero.c
Using cached library dependencies for file: /home/dejiguru/Arduino/libraries/Firebase_Arduino_Client_Library_for_ESP8266_and_ESP32/src/client/SSLClient/bssl/i32_modpow.c
Using cached library dependencies for file: /home/dejiguru/Arduino/libraries/Firebase_Arduino_Client_Library_for_ESP8266_and_ESP32/src/client/SSLClient/bssl/i32_montmul.c
Using cached library dependencies for file: /home/dejiguru/Arduino/libraries/Firebase_Arduino_Client_Library_for_ESP8266_and_ESP32/src/client/SSLClient/bssl/i32_mulacc.c
Using cached library dependencies for file: /home/dejiguru/Arduino/libraries/Firebase_Arduino_Client_Library_for_ESP8266_and_ESP32/src/client/SSLClient/bssl/i32_muladd.c
Using cached library dependencies for file: /home/dejiguru/Arduino/libraries/Firebase_Arduino_Client_Library_for_ESP8266_and_ESP32/src/client/SSLClient/bssl/i32_ninv32.c
Using cached library dependencies for file: /home/dejiguru/Arduino/libraries/Firebase_Arduino_Client_Library_for_ESP8266_and_ESP32/src/client/SSLClient/bssl/i32_reduce.c
Using cached library dependencies for file: /home/dejiguru/Arduino/libraries/Firebase_Arduino_Client_Library_for_ESP8266_and_ESP32/src/client/SSLClient/bssl/i32_sub.c
Using cached library dependencies for file: /home/dejiguru/Arduino/libraries/Firebase_Arduino_Client_Library_for_ESP8266_and_ESP32/src/client/SSLClient/bssl/i32_tmont.c
Using cached library dependencies for file: /home/dejiguru/Arduino/libraries/Firebase_Arduino_Client_Library_for_ESP8266_and_ESP32/src/client/SSLClient/bssl/i62_modpow2.c
Using cached library dependencies for file: /home/dejiguru/Arduino/libraries/Firebase_Arduino_Client_Library_for_ESP8266_and_ESP32/src/client/SSLClient/bssl/md5.c
Using cached library dependencies for file: /home/dejiguru/Arduino/libraries/Firebase_Arduino_Client_Library_for_ESP8266_and_ESP32/src/client/SSLClient/bssl/md5sha1.c
Using cached library dependencies for file: /home/dejiguru/Arduino/libraries/Firebase_Arduino_Client_Library_for_ESP8266_and_ESP32/src/client/SSLClient/bssl/mgf1.c
Using cached library dependencies for file: /home/dejiguru/Arduino/libraries/Firebase_Arduino_Client_Library_for_ESP8266_and_ESP32/src/client/SSLClient/bssl/multihash.c
Using cached library dependencies for file: /home/dejiguru/Arduino/libraries/Firebase_Arduino_Client_Library_for_ESP8266_and_ESP32/src/client/SSLClient/bssl/pemdec.c
Using cached library dependencies for file: /home/dejiguru/Arduino/libraries/Firebase_Arduino_Client_Library_for_ESP8266_and_ESP32/src/client/SSLClient/bssl/pemenc.c
Using cached library dependencies for file: /home/dejiguru/Arduino/libraries/Firebase_Arduino_Client_Library_for_ESP8266_and_ESP32/src/client/SSLClient/bssl/pkey_decoder.c
Using cached library dependencies for file: /home/dejiguru/Arduino/libraries/Firebase_Arduino_Client_Library_for_ESP8266_and_ESP32/src/client/SSLClient/bssl/poly1305_ctmul.c
Using cached library dependencies for file: /home/dejiguru/Arduino/libraries/Firebase_Arduino_Client_Library_for_ESP8266_and_ESP32/src/client/SSLClient/bssl/poly1305_ctmul32.c
Using cached library dependencies for file: /home/dejiguru/Arduino/libraries/Firebase_Arduino_Client_Library_for_ESP8266_and_ESP32/src/client/SSLClient/bssl/poly1305_ctmulq.c
Using cached library dependencies for file: /home/dejiguru/Arduino/libraries/Firebase_Arduino_Client_Library_for_ESP8266_and_ESP32/src/client/SSLClient/bssl/poly1305_i15.c
Using cached library dependencies for file: /home/dejiguru/Arduino/libraries/Firebase_Arduino_Client_Library_for_ESP8266_and_ESP32/src/client/SSLClient/bssl/prf.c
Using cached library dependencies for file: /home/dejiguru/Arduino/libraries/Firebase_Arduino_Client_Library_for_ESP8266_and_ESP32/src/client/SSLClient/bssl/prf_md5sha1.c
Using cached library dependencies for file: /home/dejiguru/Arduino/libraries/Firebase_Arduino_Client_Library_for_ESP8266_and_ESP32/src/client/SSLClient/bssl/prf_sha256.c
Using cached library dependencies for file: /home/dejiguru/Arduino/libraries/Firebase_Arduino_Client_Library_for_ESP8266_and_ESP32/src/client/SSLClient/bssl/prf_sha384.c
Using cached library dependencies for file: /home/dejiguru/Arduino/libraries/Firebase_Arduino_Client_Library_for_ESP8266_and_ESP32/src/client/SSLClient/bssl/rsa_default_keygen.c
Using cached library dependencies for file: /home/dejiguru/Arduino/libraries/Firebase_Arduino_Client_Library_for_ESP8266_and_ESP32/src/client/SSLClient/bssl/rsa_default_modulus.c
Using cached library dependencies for file: /home/dejiguru/Arduino/libraries/Firebase_Arduino_Client_Library_for_ESP8266_and_ESP32/src/client/SSLClient/bssl/rsa_default_oaep_decrypt.c
Using cached library dependencies for file: /home/dejiguru/Arduino/libraries/Firebase_Arduino_Client_Library_for_ESP8266_and_ESP32/src/client/SSLClient/bssl/rsa_default_oaep_encrypt.c
Using cached library dependencies for file: /home/dejiguru/Arduino/libraries/Firebase_Arduino_Client_Library_for_ESP8266_and_ESP32/src/client/SSLClient/bssl/rsa_default_pkcs1_sign.c
Using cached library dependencies for file: /home/dejiguru/Arduino/libraries/Firebase_Arduino_Client_Library_for_ESP8266_and_ESP32/src/client/SSLClient/bssl/rsa_default_pkcs1_vrfy.c
Using cached library dependencies for file: /home/dejiguru/Arduino/libraries/Firebase_Arduino_Client_Library_for_ESP8266_and_ESP32/src/client/SSLClient/bssl/rsa_default_priv.c
Using cached library dependencies for file: /home/dejiguru/Arduino/libraries/Firebase_Arduino_Client_Library_for_ESP8266_and_ESP32/src/client/SSLClient/bssl/rsa_default_privexp.c
Using cached library dependencies for file: /home/dejiguru/Arduino/libraries/Firebase_Arduino_Client_Library_for_ESP8266_and_ESP32/src/client/SSLClient/bssl/rsa_default_pss_sign.c
Using cached library dependencies for file: /home/dejiguru/Arduino/libraries/Firebase_Arduino_Client_Library_for_ESP8266_and_ESP32/src/client/SSLClient/bssl/rsa_default_pss_vrfy.c
Using cached library dependencies for file: /home/dejiguru/Arduino/libraries/Firebase_Arduino_Client_Library_for_ESP8266_and_ESP32/src/client/SSLClient/bssl/rsa_default_pub.c
Using cached library dependencies for file: /home/dejiguru/Arduino/libraries/Firebase_Arduino_Client_Library_for_ESP8266_and_ESP32/src/client/SSLClient/bssl/rsa_default_pubexp.c
Using cached library dependencies for file: /home/dejiguru/Arduino/libraries/Firebase_Arduino_Client_Library_for_ESP8266_and_ESP32/src/client/SSLClient/bssl/rsa_i15_keygen.c
Using cached library dependencies for file: /home/dejiguru/Arduino/libraries/Firebase_Arduino_Client_Library_for_ESP8266_and_ESP32/src/client/SSLClient/bssl/rsa_i15_modulus.c
Using cached library dependencies for file: /home/dejiguru/Arduino/libraries/Firebase_Arduino_Client_Library_for_ESP8266_and_ESP32/src/client/SSLClient/bssl/rsa_i15_oaep_decrypt.c
Using cached library dependencies for file: /home/dejiguru/Arduino/libraries/Firebase_Arduino_Client_Library_for_ESP8266_and_ESP32/src/client/SSLClient/bssl/rsa_i15_oaep_encrypt.c
Using cached library dependencies for file: /home/dejiguru/Arduino/libraries/Firebase_Arduino_Client_Library_for_ESP8266_and_ESP32/src/client/SSLClient/bssl/rsa_i15_pkcs1_sign.c
Using cached library dependencies for file: /home/dejiguru/Arduino/libraries/Firebase_Arduino_Client_Library_for_ESP8266_and_ESP32/src/client/SSLClient/bssl/rsa_i15_pkcs1_vrfy.c
Using cached library dependencies for file: /home/dejiguru/Arduino/libraries/Firebase_Arduino_Client_Library_for_ESP8266_and_ESP32/src/client/SSLClient/bssl/rsa_i15_priv.c
Using cached library dependencies for file: /home/dejiguru/Arduino/libraries/Firebase_Arduino_Client_Library_for_ESP8266_and_ESP32/src/client/SSLClient/bssl/rsa_i15_privexp.c
Using cached library dependencies for file: /home/dejiguru/Arduino/libraries/Firebase_Arduino_Client_Library_for_ESP8266_and_ESP32/src/client/SSLClient/bssl/rsa_i15_pss_sign.c
Using cached library dependencies for file: /home/dejiguru/Arduino/libraries/Firebase_Arduino_Client_Library_for_ESP8266_and_ESP32/src/client/SSLClient/bssl/rsa_i15_pss_vrfy.c
Using cached library dependencies for file: /home/dejiguru/Arduino/libraries/Firebase_Arduino_Client_Library_for_ESP8266_and_ESP32/src/client/SSLClient/bssl/rsa_i15_pub.c
Using cached library dependencies for file: /home/dejiguru/Arduino/libraries/Firebase_Arduino_Client_Library_for_ESP8266_and_ESP32/src/client/SSLClient/bssl/rsa_i15_pubexp.c
Using cached library dependencies for file: /home/dejiguru/Arduino/libraries/Firebase_Arduino_Client_Library_for_ESP8266_and_ESP32/src/client/SSLClient/bssl/rsa_i31_keygen.c
Using cached library dependencies for file: /home/dejiguru/Arduino/libraries/Firebase_Arduino_Client_Library_for_ESP8266_and_ESP32/src/client/SSLClient/bssl/rsa_i31_keygen_inner.c
Using cached library dependencies for file: /home/dejiguru/Arduino/libraries/Firebase_Arduino_Client_Library_for_ESP8266_and_ESP32/src/client/SSLClient/bssl/rsa_i31_modulus.c
Using cached library dependencies for file: /home/dejiguru/Arduino/libraries/Firebase_Arduino_Client_Library_for_ESP8266_and_ESP32/src/client/SSLClient/bssl/rsa_i31_oaep_decrypt.c
Using cached library dependencies for file: /home/dejiguru/Arduino/libraries/Firebase_Arduino_Client_Library_for_ESP8266_and_ESP32/src/client/SSLClient/bssl/rsa_i31_oaep_encrypt.c
Using cached library dependencies for file: /home/dejiguru/Arduino/libraries/Firebase_Arduino_Client_Library_for_ESP8266_and_ESP32/src/client/SSLClient/bssl/rsa_i31_pkcs1_sign.c
Using cached library dependencies for file: /home/dejiguru/Arduino/libraries/Firebase_Arduino_Client_Library_for_ESP8266_and_ESP32/src/client/SSLClient/bssl/rsa_i31_pkcs1_vrfy.c
Using cached library dependencies for file: /home/dejiguru/Arduino/libraries/Firebase_Arduino_Client_Library_for_ESP8266_and_ESP32/src/client/SSLClient/bssl/rsa_i31_priv.c
Using cached library dependencies for file: /home/dejiguru/Arduino/libraries/Firebase_Arduino_Client_Library_for_ESP8266_and_ESP32/src/client/SSLClient/bssl/rsa_i31_privexp.c
Using cached library dependencies for file: /home/dejiguru/Arduino/libraries/Firebase_Arduino_Client_Library_for_ESP8266_and_ESP32/src/client/SSLClient/bssl/rsa_i31_pss_sign.c
Using cached library dependencies for file: /home/dejiguru/Arduino/libraries/Firebase_Arduino_Client_Library_for_ESP8266_and_ESP32/src/client/SSLClient/bssl/rsa_i31_pss_vrfy.c
Using cached library dependencies for file: /home/dejiguru/Arduino/libraries/Firebase_Arduino_Client_Library_for_ESP8266_and_ESP32/src/client/SSLClient/bssl/rsa_i31_pub.c
Using cached library dependencies for file: /home/dejiguru/Arduino/libraries/Firebase_Arduino_Client_Library_for_ESP8266_and_ESP32/src/client/SSLClient/bssl/rsa_i31_pubexp.c
Using cached library dependencies for file: /home/dejiguru/Arduino/libraries/Firebase_Arduino_Client_Library_for_ESP8266_and_ESP32/src/client/SSLClient/bssl/rsa_i32_oaep_decrypt.c
Using cached library dependencies for file: /home/dejiguru/Arduino/libraries/Firebase_Arduino_Client_Library_for_ESP8266_and_ESP32/src/client/SSLClient/bssl/rsa_i32_oaep_encrypt.c
Using cached library dependencies for file: /home/dejiguru/Arduino/libraries/Firebase_Arduino_Client_Library_for_ESP8266_and_ESP32/src/client/SSLClient/bssl/rsa_i32_pkcs1_sign.c
Using cached library dependencies for file: /home/dejiguru/Arduino/libraries/Firebase_Arduino_Client_Library_for_ESP8266_and_ESP32/src/client/SSLClient/bssl/rsa_i32_pkcs1_vrfy.c
Using cached library dependencies for file: /home/dejiguru/Arduino/libraries/Firebase_Arduino_Client_Library_for_ESP8266_and_ESP32/src/client/SSLClient/bssl/rsa_i32_priv.c
Using cached library dependencies for file: /home/dejiguru/Arduino/libraries/Firebase_Arduino_Client_Library_for_ESP8266_and_ESP32/src/client/SSLClient/bssl/rsa_i32_pss_sign.c
Using cached library dependencies for file: /home/dejiguru/Arduino/libraries/Firebase_Arduino_Client_Library_for_ESP8266_and_ESP32/src/client/SSLClient/bssl/rsa_i32_pss_vrfy.c
Using cached library dependencies for file: /home/dejiguru/Arduino/libraries/Firebase_Arduino_Client_Library_for_ESP8266_and_ESP32/src/client/SSLClient/bssl/rsa_i32_pub.c
Using cached library dependencies for file: /home/dejiguru/Arduino/libraries/Firebase_Arduino_Client_Library_for_ESP8266_and_ESP32/src/client/SSLClient/bssl/rsa_i62_keygen.c
Using cached library dependencies for file: /home/dejiguru/Arduino/libraries/Firebase_Arduino_Client_Library_for_ESP8266_and_ESP32/src/client/SSLClient/bssl/rsa_i62_oaep_decrypt.c
Using cached library dependencies for file: /home/dejiguru/Arduino/libraries/Firebase_Arduino_Client_Library_for_ESP8266_and_ESP32/src/client/SSLClient/bssl/rsa_i62_oaep_encrypt.c
Using cached library dependencies for file: /home/dejiguru/Arduino/libraries/Firebase_Arduino_Client_Library_for_ESP8266_and_ESP32/src/client/SSLClient/bssl/rsa_i62_pkcs1_sign.c
Using cached library dependencies for file: /home/dejiguru/Arduino/libraries/Firebase_Arduino_Client_Library_for_ESP8266_and_ESP32/src/client/SSLClient/bssl/rsa_i62_pkcs1_vrfy.c
Using cached library dependencies for file: /home/dejiguru/Arduino/libraries/Firebase_Arduino_Client_Library_for_ESP8266_and_ESP32/src/client/SSLClient/bssl/rsa_i62_priv.c
Using cached library dependencies for file: /home/dejiguru/Arduino/libraries/Firebase_Arduino_Client_Library_for_ESP8266_and_ESP32/src/client/SSLClient/bssl/rsa_i62_pss_sign.c
Using cached library dependencies for file: /home/dejiguru/Arduino/libraries/Firebase_Arduino_Client_Library_for_ESP8266_and_ESP32/src/client/SSLClient/bssl/rsa_i62_pss_vrfy.c
Using cached library dependencies for file: /home/dejiguru/Arduino/libraries/Firebase_Arduino_Client_Library_for_ESP8266_and_ESP32/src/client/SSLClient/bssl/rsa_i62_pub.c
Using cached library dependencies for file: /home/dejiguru/Arduino/libraries/Firebase_Arduino_Client_Library_for_ESP8266_and_ESP32/src/client/SSLClient/bssl/rsa_oaep_pad.c
Using cached library dependencies for file: /home/dejiguru/Arduino/libraries/Firebase_Arduino_Client_Library_for_ESP8266_and_ESP32/src/client/SSLClient/bssl/rsa_oaep_unpad.c
Using cached library dependencies for file: /home/dejiguru/Arduino/libraries/Firebase_Arduino_Client_Library_for_ESP8266_and_ESP32/src/client/SSLClient/bssl/rsa_pkcs1_sig_pad.c
Using cached library dependencies for file: /home/dejiguru/Arduino/libraries/Firebase_Arduino_Client_Library_for_ESP8266_and_ESP32/src/client/SSLClient/bssl/rsa_pkcs1_sig_unpad.c
Using cached library dependencies for file: /home/dejiguru/Arduino/libraries/Firebase_Arduino_Client_Library_for_ESP8266_and_ESP32/src/client/SSLClient/bssl/rsa_pss_sig_pad.c
Using cached library dependencies for file: /home/dejiguru/Arduino/libraries/Firebase_Arduino_Client_Library_for_ESP8266_and_ESP32/src/client/SSLClient/bssl/rsa_pss_sig_unpad.c
Using cached library dependencies for file: /home/dejiguru/Arduino/libraries/Firebase_Arduino_Client_Library_for_ESP8266_and_ESP32/src/client/SSLClient/bssl/rsa_ssl_decrypt.c
Using cached library dependencies for file: /home/dejiguru/Arduino/libraries/Firebase_Arduino_Client_Library_for_ESP8266_and_ESP32/src/client/SSLClient/bssl/settings.c
Using cached library dependencies for file: /home/dejiguru/Arduino/libraries/Firebase_Arduino_Client_Library_for_ESP8266_and_ESP32/src/client/SSLClient/bssl/sha1.c
Using cached library dependencies for file: /home/dejiguru/Arduino/libraries/Firebase_Arduino_Client_Library_for_ESP8266_and_ESP32/src/client/SSLClient/bssl/sha2big.c
Using cached library dependencies for file: /home/dejiguru/Arduino/libraries/Firebase_Arduino_Client_Library_for_ESP8266_and_ESP32/src/client/SSLClient/bssl/sha2small.c
Using cached library dependencies for file: /home/dejiguru/Arduino/libraries/Firebase_Arduino_Client_Library_for_ESP8266_and_ESP32/src/client/SSLClient/bssl/shake.c
Using cached library dependencies for file: /home/dejiguru/Arduino/libraries/Firebase_Arduino_Client_Library_for_ESP8266_and_ESP32/src/client/SSLClient/bssl/skey_decoder.c
Using cached library dependencies for file: /home/dejiguru/Arduino/libraries/Firebase_Arduino_Client_Library_for_ESP8266_and_ESP32/src/client/SSLClient/bssl/ssl_ccert_single_ec.c
Using cached library dependencies for file: /home/dejiguru/Arduino/libraries/Firebase_Arduino_Client_Library_for_ESP8266_and_ESP32/src/client/SSLClient/bssl/ssl_ccert_single_rsa.c
Using cached library dependencies for file: /home/dejiguru/Arduino/libraries/Firebase_Arduino_Client_Library_for_ESP8266_and_ESP32/src/client/SSLClient/bssl/ssl_client.c
Using cached library dependencies for file: /home/dejiguru/Arduino/libraries/Firebase_Arduino_Client_Library_for_ESP8266_and_ESP32/src/client/SSLClient/bssl/ssl_client_default_rsapub.c
Using cached library dependencies for file: /home/dejiguru/Arduino/libraries/Firebase_Arduino_Client_Library_for_ESP8266_and_ESP32/src/client/SSLClient/bssl/ssl_client_full.c
Using cached library dependencies for file: /home/dejiguru/Arduino/libraries/Firebase_Arduino_Client_Library_for_ESP8266_and_ESP32/src/client/SSLClient/bssl/ssl_engine.c
Using cached library dependencies for file: /home/dejiguru/Arduino/libraries/Firebase_Arduino_Client_Library_for_ESP8266_and_ESP32/src/client/SSLClient/bssl/ssl_engine_default_aescbc.c
Using cached library dependencies for file: /home/dejiguru/Arduino/libraries/Firebase_Arduino_Client_Library_for_ESP8266_and_ESP32/src/client/SSLClient/bssl/ssl_engine_default_aesccm.c
Using cached library dependencies for file: /home/dejiguru/Arduino/libraries/Firebase_Arduino_Client_Library_for_ESP8266_and_ESP32/src/client/SSLClient/bssl/ssl_engine_default_aesgcm.c
Using cached library dependencies for file: /home/dejiguru/Arduino/libraries/Firebase_Arduino_Client_Library_for_ESP8266_and_ESP32/src/client/SSLClient/bssl/ssl_engine_default_chapol.c
Using cached library dependencies for file: /home/dejiguru/Arduino/libraries/Firebase_Arduino_Client_Library_for_ESP8266_and_ESP32/src/client/SSLClient/bssl/ssl_engine_default_descbc.c
Using cached library dependencies for file: /home/dejiguru/Arduino/libraries/Firebase_Arduino_Client_Library_for_ESP8266_and_ESP32/src/client/SSLClient/bssl/ssl_engine_default_ec.c
Using cached library dependencies for file: /home/dejiguru/Arduino/libraries/Firebase_Arduino_Client_Library_for_ESP8266_and_ESP32/src/client/SSLClient/bssl/ssl_engine_default_ecdsa.c
Using cached library dependencies for file: /home/dejiguru/Arduino/libraries/Firebase_Arduino_Client_Library_for_ESP8266_and_ESP32/src/client/SSLClient/bssl/ssl_engine_default_rsavrfy.c
Using cached library dependencies for file: /home/dejiguru/Arduino/libraries/Firebase_Arduino_Client_Library_for_ESP8266_and_ESP32/src/client/SSLClient/bssl/ssl_hashes.c
Using cached library dependencies for file: /home/dejiguru/Arduino/libraries/Firebase_Arduino_Client_Library_for_ESP8266_and_ESP32/src/client/SSLClient/bssl/ssl_hs_client.c
Using cached library dependencies for file: /home/dejiguru/Arduino/libraries/Firebase_Arduino_Client_Library_for_ESP8266_and_ESP32/src/client/SSLClient/bssl/ssl_hs_server.c
Using cached library dependencies for file: /home/dejiguru/Arduino/libraries/Firebase_Arduino_Client_Library_for_ESP8266_and_ESP32/src/client/SSLClient/bssl/ssl_io.c
Using cached library dependencies for file: /home/dejiguru/Arduino/libraries/Firebase_Arduino_Client_Library_for_ESP8266_and_ESP32/src/client/SSLClient/bssl/ssl_keyexport.c
Using cached library dependencies for file: /home/dejiguru/Arduino/libraries/Firebase_Arduino_Client_Library_for_ESP8266_and_ESP32/src/client/SSLClient/bssl/ssl_lru.c
Using cached library dependencies for file: /home/dejiguru/Arduino/libraries/Firebase_Arduino_Client_Library_for_ESP8266_and_ESP32/src/client/SSLClient/bssl/ssl_rec_cbc.c
Using cached library dependencies for file: /home/dejiguru/Arduino/libraries/Firebase_Arduino_Client_Library_for_ESP8266_and_ESP32/src/client/SSLClient/bssl/ssl_rec_ccm.c
Using cached library dependencies for file: /home/dejiguru/Arduino/libraries/Firebase_Arduino_Client_Library_for_ESP8266_and_ESP32/src/client/SSLClient/bssl/ssl_rec_chapol.c
Using cached library dependencies for file: /home/dejiguru/Arduino/libraries/Firebase_Arduino_Client_Library_for_ESP8266_and_ESP32/src/client/SSLClient/bssl/ssl_rec_gcm.c
Using cached library dependencies for file: /home/dejiguru/Arduino/libraries/Firebase_Arduino_Client_Library_for_ESP8266_and_ESP32/src/client/SSLClient/bssl/ssl_scert_single_ec.c
Using cached library dependencies for file: /home/dejiguru/Arduino/libraries/Firebase_Arduino_Client_Library_for_ESP8266_and_ESP32/src/client/SSLClient/bssl/ssl_scert_single_rsa.c
Using cached library dependencies for file: /home/dejiguru/Arduino/libraries/Firebase_Arduino_Client_Library_for_ESP8266_and_ESP32/src/client/SSLClient/bssl/ssl_server.c
Using cached library dependencies for file: /home/dejiguru/Arduino/libraries/Firebase_Arduino_Client_Library_for_ESP8266_and_ESP32/src/client/SSLClient/bssl/ssl_server_full_ec.c
Using cached library dependencies for file: /home/dejiguru/Arduino/libraries/Firebase_Arduino_Client_Library_for_ESP8266_and_ESP32/src/client/SSLClient/bssl/ssl_server_full_rsa.c
Using cached library dependencies for file: /home/dejiguru/Arduino/libraries/Firebase_Arduino_Client_Library_for_ESP8266_and_ESP32/src/client/SSLClient/bssl/ssl_server_mine2c.c
Using cached library dependencies for file: /home/dejiguru/Arduino/libraries/Firebase_Arduino_Client_Library_for_ESP8266_and_ESP32/src/client/SSLClient/bssl/ssl_server_mine2g.c
Using cached library dependencies for file: /home/dejiguru/Arduino/libraries/Firebase_Arduino_Client_Library_for_ESP8266_and_ESP32/src/client/SSLClient/bssl/ssl_server_minf2c.c
Using cached library dependencies for file: /home/dejiguru/Arduino/libraries/Firebase_Arduino_Client_Library_for_ESP8266_and_ESP32/src/client/SSLClient/bssl/ssl_server_minf2g.c
Using cached library dependencies for file: /home/dejiguru/Arduino/libraries/Firebase_Arduino_Client_Library_for_ESP8266_and_ESP32/src/client/SSLClient/bssl/ssl_server_minr2g.c
Using cached library dependencies for file: /home/dejiguru/Arduino/libraries/Firebase_Arduino_Client_Library_for_ESP8266_and_ESP32/src/client/SSLClient/bssl/ssl_server_minu2g.c
Using cached library dependencies for file: /home/dejiguru/Arduino/libraries/Firebase_Arduino_Client_Library_for_ESP8266_and_ESP32/src/client/SSLClient/bssl/ssl_server_minv2g.c
Using cached library dependencies for file: /home/dejiguru/Arduino/libraries/Firebase_Arduino_Client_Library_for_ESP8266_and_ESP32/src/client/SSLClient/bssl/sysrng.c
Using cached library dependencies for file: /home/dejiguru/Arduino/libraries/Firebase_Arduino_Client_Library_for_ESP8266_and_ESP32/src/client/SSLClient/bssl/x509_decoder.c
Using cached library dependencies for file: /home/dejiguru/Arduino/libraries/Firebase_Arduino_Client_Library_for_ESP8266_and_ESP32/src/client/SSLClient/bssl/x509_knownkey.c
Using cached library dependencies for file: /home/dejiguru/Arduino/libraries/Firebase_Arduino_Client_Library_for_ESP8266_and_ESP32/src/client/SSLClient/bssl/x509_minimal.c
Using cached library dependencies for file: /home/dejiguru/Arduino/libraries/Firebase_Arduino_Client_Library_for_ESP8266_and_ESP32/src/client/SSLClient/bssl/x509_minimal_full.c
Using cached library dependencies for file: /home/dejiguru/Arduino/libraries/Firebase_Arduino_Client_Library_for_ESP8266_and_ESP32/src/client/SSLClient/client/BSSL_CertStore.cpp
Using cached library dependencies for file: /home/dejiguru/Arduino/libraries/Firebase_Arduino_Client_Library_for_ESP8266_and_ESP32/src/client/SSLClient/client/BSSL_Helper.cpp
Using cached library dependencies for file: /home/dejiguru/Arduino/libraries/Firebase_Arduino_Client_Library_for_ESP8266_and_ESP32/src/client/SSLClient/client/BSSL_SSL_Client.cpp
Using cached library dependencies for file: /home/dejiguru/Arduino/libraries/Firebase_Arduino_Client_Library_for_ESP8266_and_ESP32/src/client/SSLClient/client/BSSL_TCP_Client.cpp
Using cached library dependencies for file: /home/dejiguru/Arduino/libraries/Firebase_Arduino_Client_Library_for_ESP8266_and_ESP32/src/client/SSLClient/client/stm32_time_fix.c
Using cached library dependencies for file: /home/dejiguru/Arduino/libraries/Firebase_Arduino_Client_Library_for_ESP8266_and_ESP32/src/core/FirebaseCore.cpp
Using cached library dependencies for file: /home/dejiguru/Arduino/libraries/Firebase_Arduino_Client_Library_for_ESP8266_and_ESP32/src/firestore/FB_Firestore.cpp
Using cached library dependencies for file: /home/dejiguru/Arduino/libraries/Firebase_Arduino_Client_Library_for_ESP8266_and_ESP32/src/functions/FB_Functions.cpp
Using cached library dependencies for file: /home/dejiguru/Arduino/libraries/Firebase_Arduino_Client_Library_for_ESP8266_and_ESP32/src/functions/FunctionsConfig.cpp
Using cached library dependencies for file: /home/dejiguru/Arduino/libraries/Firebase_Arduino_Client_Library_for_ESP8266_and_ESP32/src/functions/PocicyBuilder.cpp
Using cached library dependencies for file: /home/dejiguru/Arduino/libraries/Firebase_Arduino_Client_Library_for_ESP8266_and_ESP32/src/gcs/GCS.cpp
Using cached library dependencies for file: /home/dejiguru/Arduino/libraries/Firebase_Arduino_Client_Library_for_ESP8266_and_ESP32/src/json/FirebaseJson.cpp
Using cached library dependencies for file: /home/dejiguru/Arduino/libraries/Firebase_Arduino_Client_Library_for_ESP8266_and_ESP32/src/json/MB_JSON/MB_JSON.c
Using cached library dependencies for file: /home/dejiguru/Arduino/libraries/Firebase_Arduino_Client_Library_for_ESP8266_and_ESP32/src/json/extras/print/fb_json_print.c
Using cached library dependencies for file: /home/dejiguru/Arduino/libraries/Firebase_Arduino_Client_Library_for_ESP8266_and_ESP32/src/message/FCM.cpp
Using cached library dependencies for file: /home/dejiguru/Arduino/libraries/Firebase_Arduino_Client_Library_for_ESP8266_and_ESP32/src/rtdb/FB_RTDB.cpp
Using cached library dependencies for file: /home/dejiguru/Arduino/libraries/Firebase_Arduino_Client_Library_for_ESP8266_and_ESP32/src/rtdb/QueryFilter.cpp
Using cached library dependencies for file: /home/dejiguru/Arduino/libraries/Firebase_Arduino_Client_Library_for_ESP8266_and_ESP32/src/rtdb/QueueInfo.cpp
Using cached library dependencies for file: /home/dejiguru/Arduino/libraries/Firebase_Arduino_Client_Library_for_ESP8266_and_ESP32/src/rtdb/QueueManager.cpp
Using cached library dependencies for file: /home/dejiguru/Arduino/libraries/Firebase_Arduino_Client_Library_for_ESP8266_and_ESP32/src/rtdb/stream/FB_MP_Stream.cpp
Using cached library dependencies for file: /home/dejiguru/Arduino/libraries/Firebase_Arduino_Client_Library_for_ESP8266_and_ESP32/src/rtdb/stream/FB_Stream.cpp
Using cached library dependencies for file: /home/dejiguru/Arduino/libraries/Firebase_Arduino_Client_Library_for_ESP8266_and_ESP32/src/session/FB_Session.cpp
Using cached library dependencies for file: /home/dejiguru/Arduino/libraries/Firebase_Arduino_Client_Library_for_ESP8266_and_ESP32/src/storage/FCS.cpp
Using cached library dependencies for file: /home/dejiguru/Arduino/hardware/espressif/esp32/libraries/LittleFS/src/LittleFS.cpp
Using cached library dependencies for file: /home/dejiguru/Arduino/hardware/espressif/esp32/libraries/Preferences/src/Preferences.cpp
Using cached library dependencies for file: /home/dejiguru/Arduino/libraries/VL53L0X/VL53L0X.cpp
Using cached library dependencies for file: /home/dejiguru/Arduino/libraries/libopus/src/libogg-1.3.5/src/bitwise.c
Using cached library dependencies for file: /home/dejiguru/Arduino/libraries/libopus/src/libogg-1.3.5/src/framing.c
Using cached library dependencies for file: /home/dejiguru/Arduino/libraries/libopus/src/liboggz-1.1.1/src/liboggz/dirac.c
Using cached library dependencies for file: /home/dejiguru/Arduino/libraries/libopus/src/liboggz-1.1.1/src/liboggz/metric_internal.c
Using cached library dependencies for file: /home/dejiguru/Arduino/libraries/libopus/src/liboggz-1.1.1/src/liboggz/oggz.c
Using cached library dependencies for file: /home/dejiguru/Arduino/libraries/libopus/src/liboggz-1.1.1/src/liboggz/oggz_auto.c
Using cached library dependencies for file: /home/dejiguru/Arduino/libraries/libopus/src/liboggz-1.1.1/src/liboggz/oggz_comments.c
Using cached library dependencies for file: /home/dejiguru/Arduino/libraries/libopus/src/liboggz-1.1.1/src/liboggz/oggz_dlist.c
Using cached library dependencies for file: /home/dejiguru/Arduino/libraries/libopus/src/liboggz-1.1.1/src/liboggz/oggz_io.c
Using cached library dependencies for file: /home/dejiguru/Arduino/libraries/libopus/src/liboggz-1.1.1/src/liboggz/oggz_read.c
Using cached library dependencies for file: /home/dejiguru/Arduino/libraries/libopus/src/liboggz-1.1.1/src/liboggz/oggz_seek.c
Using cached library dependencies for file: /home/dejiguru/Arduino/libraries/libopus/src/liboggz-1.1.1/src/liboggz/oggz_stream.c
Using cached library dependencies for file: /home/dejiguru/Arduino/libraries/libopus/src/liboggz-1.1.1/src/liboggz/oggz_table.c
Using cached library dependencies for file: /home/dejiguru/Arduino/libraries/libopus/src/liboggz-1.1.1/src/liboggz/oggz_vector.c
Using cached library dependencies for file: /home/dejiguru/Arduino/libraries/libopus/src/liboggz-1.1.1/src/liboggz/oggz_write.c
Using cached library dependencies for file: /home/dejiguru/Arduino/libraries/libopus/src/opus-1.3.1/celt/bands.c
Using cached library dependencies for file: /home/dejiguru/Arduino/libraries/libopus/src/opus-1.3.1/celt/celt.c
Using cached library dependencies for file: /home/dejiguru/Arduino/libraries/libopus/src/opus-1.3.1/celt/celt_decoder.c
Using cached library dependencies for file: /home/dejiguru/Arduino/libraries/libopus/src/opus-1.3.1/celt/celt_encoder.c
Using cached library dependencies for file: /home/dejiguru/Arduino/libraries/libopus/src/opus-1.3.1/celt/celt_lpc.c
Using cached library dependencies for file: /home/dejiguru/Arduino/libraries/libopus/src/opus-1.3.1/celt/cwrs.c
Using cached library dependencies for file: /home/dejiguru/Arduino/libraries/libopus/src/opus-1.3.1/celt/entcode.c
Using cached library dependencies for file: /home/dejiguru/Arduino/libraries/libopus/src/opus-1.3.1/celt/entdec.c
Using cached library dependencies for file: /home/dejiguru/Arduino/libraries/libopus/src/opus-1.3.1/celt/entenc.c
Using cached library dependencies for file: /home/dejiguru/Arduino/libraries/libopus/src/opus-1.3.1/celt/kiss_fft.c
Using cached library dependencies for file: /home/dejiguru/Arduino/libraries/libopus/src/opus-1.3.1/celt/laplace.c
Using cached library dependencies for file: /home/dejiguru/Arduino/libraries/libopus/src/opus-1.3.1/celt/mathops.c
Using cached library dependencies for file: /home/dejiguru/Arduino/libraries/libopus/src/opus-1.3.1/celt/mdct.c
Using cached library dependencies for file: /home/dejiguru/Arduino/libraries/libopus/src/opus-1.3.1/celt/modes.c
Using cached library dependencies for file: /home/dejiguru/Arduino/libraries/libopus/src/opus-1.3.1/celt/pitch.c
Using cached library dependencies for file: /home/dejiguru/Arduino/libraries/libopus/src/opus-1.3.1/celt/quant_bands.c
Using cached library dependencies for file: /home/dejiguru/Arduino/libraries/libopus/src/opus-1.3.1/celt/rate.c
Using cached library dependencies for file: /home/dejiguru/Arduino/libraries/libopus/src/opus-1.3.1/celt/vq.c
Using cached library dependencies for file: /home/dejiguru/Arduino/libraries/libopus/src/opus-1.3.1/silk/A2NLSF.c
Using cached library dependencies for file: /home/dejiguru/Arduino/libraries/libopus/src/opus-1.3.1/silk/CNG.c
Using cached library dependencies for file: /home/dejiguru/Arduino/libraries/libopus/src/opus-1.3.1/silk/HP_variable_cutoff.c
Using cached library dependencies for file: /home/dejiguru/Arduino/libraries/libopus/src/opus-1.3.1/silk/LPC_analysis_filter.c
Using cached library dependencies for file: /home/dejiguru/Arduino/libraries/libopus/src/opus-1.3.1/silk/LPC_fit.c
Using cached library dependencies for file: /home/dejiguru/Arduino/libraries/libopus/src/opus-1.3.1/silk/LPC_inv_pred_gain.c
Using cached library dependencies for file: /home/dejiguru/Arduino/libraries/libopus/src/opus-1.3.1/silk/LP_variable_cutoff.c
Using cached library dependencies for file: /home/dejiguru/Arduino/libraries/libopus/src/opus-1.3.1/silk/NLSF2A.c
Using cached library dependencies for file: /home/dejiguru/Arduino/libraries/libopus/src/opus-1.3.1/silk/NLSF_VQ.c
Using cached library dependencies for file: /home/dejiguru/Arduino/libraries/libopus/src/opus-1.3.1/silk/NLSF_VQ_weights_laroia.c
Using cached library dependencies for file: /home/dejiguru/Arduino/libraries/libopus/src/opus-1.3.1/silk/NLSF_decode.c
Using cached library dependencies for file: /home/dejiguru/Arduino/libraries/libopus/src/opus-1.3.1/silk/NLSF_del_dec_quant.c
Using cached library dependencies for file: /home/dejiguru/Arduino/libraries/libopus/src/opus-1.3.1/silk/NLSF_encode.c
Using cached library dependencies for file: /home/dejiguru/Arduino/libraries/libopus/src/opus-1.3.1/silk/NLSF_stabilize.c
Using cached library dependencies for file: /home/dejiguru/Arduino/libraries/libopus/src/opus-1.3.1/silk/NLSF_unpack.c
Using cached library dependencies for file: /home/dejiguru/Arduino/libraries/libopus/src/opus-1.3.1/silk/NSQ.c
Using cached library dependencies for file: /home/dejiguru/Arduino/libraries/libopus/src/opus-1.3.1/silk/NSQ_del_dec.c
Using cached library dependencies for file: /home/dejiguru/Arduino/libraries/libopus/src/opus-1.3.1/silk/PLC.c
Using cached library dependencies for file: /home/dejiguru/Arduino/libraries/libopus/src/opus-1.3.1/silk/VAD.c
Using cached library dependencies for file: /home/dejiguru/Arduino/libraries/libopus/src/opus-1.3.1/silk/VQ_WMat_EC.c
Using cached library dependencies for file: /home/dejiguru/Arduino/libraries/libopus/src/opus-1.3.1/silk/ana_filt_bank_1.c
Using cached library dependencies for file: /home/dejiguru/Arduino/libraries/libopus/src/opus-1.3.1/silk/biquad_alt.c
Using cached library dependencies for file: /home/dejiguru/Arduino/libraries/libopus/src/opus-1.3.1/silk/bwexpander.c
Using cached library dependencies for file: /home/dejiguru/Arduino/libraries/libopus/src/opus-1.3.1/silk/bwexpander_32.c
Using cached library dependencies for file: /home/dejiguru/Arduino/libraries/libopus/src/opus-1.3.1/silk/check_control_input.c
Using cached library dependencies for file: /home/dejiguru/Arduino/libraries/libopus/src/opus-1.3.1/silk/code_signs.c
Using cached library dependencies for file: /home/dejiguru/Arduino/libraries/libopus/src/opus-1.3.1/silk/control_SNR.c
Using cached library dependencies for file: /home/dejiguru/Arduino/libraries/libopus/src/opus-1.3.1/silk/control_audio_bandwidth.c
Using cached library dependencies for file: /home/dejiguru/Arduino/libraries/libopus/src/opus-1.3.1/silk/control_codec.c
Using cached library dependencies for file: /home/dejiguru/Arduino/libraries/libopus/src/opus-1.3.1/silk/debug.c
Using cached library dependencies for file: /home/dejiguru/Arduino/libraries/libopus/src/opus-1.3.1/silk/dec_API.c
Using cached library dependencies for file: /home/dejiguru/Arduino/libraries/libopus/src/opus-1.3.1/silk/decode_core.c
Using cached library dependencies for file: /home/dejiguru/Arduino/libraries/libopus/src/opus-1.3.1/silk/decode_frame.c
Using cached library dependencies for file: /home/dejiguru/Arduino/libraries/libopus/src/opus-1.3.1/silk/decode_indices.c
Using cached library dependencies for file: /home/dejiguru/Arduino/libraries/libopus/src/opus-1.3.1/silk/decode_parameters.c
Using cached library dependencies for file: /home/dejiguru/Arduino/libraries/libopus/src/opus-1.3.1/silk/decode_pitch.c
Using cached library dependencies for file: /home/dejiguru/Arduino/libraries/libopus/src/opus-1.3.1/silk/decode_pulses.c
Using cached library dependencies for file: /home/dejiguru/Arduino/libraries/libopus/src/opus-1.3.1/silk/decoder_set_fs.c
Using cached library dependencies for file: /home/dejiguru/Arduino/libraries/libopus/src/opus-1.3.1/silk/enc_API.c
Using cached library dependencies for file: /home/dejiguru/Arduino/libraries/libopus/src/opus-1.3.1/silk/encode_indices.c
Using cached library dependencies for file: /home/dejiguru/Arduino/libraries/libopus/src/opus-1.3.1/silk/encode_pulses.c
Using cached library dependencies for file: /home/dejiguru/Arduino/libraries/libopus/src/opus-1.3.1/silk/fixed/LTP_analysis_filter_FIX.c
Using cached library dependencies for file: /home/dejiguru/Arduino/libraries/libopus/src/opus-1.3.1/silk/fixed/LTP_scale_ctrl_FIX.c
Using cached library dependencies for file: /home/dejiguru/Arduino/libraries/libopus/src/opus-1.3.1/silk/fixed/apply_sine_window_FIX.c
Using cached library dependencies for file: /home/dejiguru/Arduino/libraries/libopus/src/opus-1.3.1/silk/fixed/autocorr_FIX.c
Using cached library dependencies for file: /home/dejiguru/Arduino/libraries/libopus/src/opus-1.3.1/silk/fixed/burg_modified_FIX.c
Using cached library dependencies for file: /home/dejiguru/Arduino/libraries/libopus/src/opus-1.3.1/silk/fixed/corrMatrix_FIX.c
Using cached library dependencies for file: /home/dejiguru/Arduino/libraries/libopus/src/opus-1.3.1/silk/fixed/encode_frame_FIX.c
Using cached library dependencies for file: /home/dejiguru/Arduino/libraries/libopus/src/opus-1.3.1/silk/fixed/find_LPC_FIX.c
Using cached library dependencies for file: /home/dejiguru/Arduino/libraries/libopus/src/opus-1.3.1/silk/fixed/find_LTP_FIX.c
Using cached library dependencies for file: /home/dejiguru/Arduino/libraries/libopus/src/opus-1.3.1/silk/fixed/find_pitch_lags_FIX.c
Using cached library dependencies for file: /home/dejiguru/Arduino/libraries/libopus/src/opus-1.3.1/silk/fixed/find_pred_coefs_FIX.c
Using cached library dependencies for file: /home/dejiguru/Arduino/libraries/libopus/src/opus-1.3.1/silk/fixed/k2a_FIX.c
Using cached library dependencies for file: /home/dejiguru/Arduino/libraries/libopus/src/opus-1.3.1/silk/fixed/k2a_Q16_FIX.c
Using cached library dependencies for file: /home/dejiguru/Arduino/libraries/libopus/src/opus-1.3.1/silk/fixed/noise_shape_analysis_FIX.c
Using cached library dependencies for file: /home/dejiguru/Arduino/libraries/libopus/src/opus-1.3.1/silk/fixed/pitch_analysis_core_FIX.c
Using cached library dependencies for file: /home/dejiguru/Arduino/libraries/libopus/src/opus-1.3.1/silk/fixed/process_gains_FIX.c
Using cached library dependencies for file: /home/dejiguru/Arduino/libraries/libopus/src/opus-1.3.1/silk/fixed/regularize_correlations_FIX.c
Using cached library dependencies for file: /home/dejiguru/Arduino/libraries/libopus/src/opus-1.3.1/silk/fixed/residual_energy16_FIX.c
Using cached library dependencies for file: /home/dejiguru/Arduino/libraries/libopus/src/opus-1.3.1/silk/fixed/residual_energy_FIX.c
Using cached library dependencies for file: /home/dejiguru/Arduino/libraries/libopus/src/opus-1.3.1/silk/fixed/schur64_FIX.c
Using cached library dependencies for file: /home/dejiguru/Arduino/libraries/libopus/src/opus-1.3.1/silk/fixed/schur_FIX.c
Using cached library dependencies for file: /home/dejiguru/Arduino/libraries/libopus/src/opus-1.3.1/silk/fixed/vector_ops_FIX.c
Using cached library dependencies for file: /home/dejiguru/Arduino/libraries/libopus/src/opus-1.3.1/silk/fixed/warped_autocorrelation_FIX.c
Using cached library dependencies for file: /home/dejiguru/Arduino/libraries/libopus/src/opus-1.3.1/silk/float/LPC_analysis_filter_FLP.c
Using cached library dependencies for file: /home/dejiguru/Arduino/libraries/libopus/src/opus-1.3.1/silk/float/LPC_inv_pred_gain_FLP.c
Using cached library dependencies for file: /home/dejiguru/Arduino/libraries/libopus/src/opus-1.3.1/silk/float/LTP_analysis_filter_FLP.c
Using cached library dependencies for file: /home/dejiguru/Arduino/libraries/libopus/src/opus-1.3.1/silk/float/LTP_scale_ctrl_FLP.c
Using cached library dependencies for file: /home/dejiguru/Arduino/libraries/libopus/src/opus-1.3.1/silk/float/apply_sine_window_FLP.c
Using cached library dependencies for file: /home/dejiguru/Arduino/libraries/libopus/src/opus-1.3.1/silk/float/autocorrelation_FLP.c
Using cached library dependencies for file: /home/dejiguru/Arduino/libraries/libopus/src/opus-1.3.1/silk/float/burg_modified_FLP.c
Using cached library dependencies for file: /home/dejiguru/Arduino/libraries/libopus/src/opus-1.3.1/silk/float/bwexpander_FLP.c
Using cached library dependencies for file: /home/dejiguru/Arduino/libraries/libopus/src/opus-1.3.1/silk/float/corrMatrix_FLP.c
Using cached library dependencies for file: /home/dejiguru/Arduino/libraries/libopus/src/opus-1.3.1/silk/float/encode_frame_FLP.c
Using cached library dependencies for file: /home/dejiguru/Arduino/libraries/libopus/src/opus-1.3.1/silk/float/energy_FLP.c
Using cached library dependencies for file: /home/dejiguru/Arduino/libraries/libopus/src/opus-1.3.1/silk/float/find_LPC_FLP.c
Using cached library dependencies for file: /home/dejiguru/Arduino/libraries/libopus/src/opus-1.3.1/silk/float/find_LTP_FLP.c
Using cached library dependencies for file: /home/dejiguru/Arduino/libraries/libopus/src/opus-1.3.1/silk/float/find_pitch_lags_FLP.c
Using cached library dependencies for file: /home/dejiguru/Arduino/libraries/libopus/src/opus-1.3.1/silk/float/find_pred_coefs_FLP.c
Using cached library dependencies for file: /home/dejiguru/Arduino/libraries/libopus/src/opus-1.3.1/silk/float/inner_product_FLP.c
Using cached library dependencies for file: /home/dejiguru/Arduino/libraries/libopus/src/opus-1.3.1/silk/float/k2a_FLP.c
Using cached library dependencies for file: /home/dejiguru/Arduino/libraries/libopus/src/opus-1.3.1/silk/float/noise_shape_analysis_FLP.c
Using cached library dependencies for file: /home/dejiguru/Arduino/libraries/libopus/src/opus-1.3.1/silk/float/pitch_analysis_core_FLP.c
Using cached library dependencies for file: /home/dejiguru/Arduino/libraries/libopus/src/opus-1.3.1/silk/float/process_gains_FLP.c
Using cached library dependencies for file: /home/dejiguru/Arduino/libraries/libopus/src/opus-1.3.1/silk/float/regularize_correlations_FLP.c
Using cached library dependencies for file: /home/dejiguru/Arduino/libraries/libopus/src/opus-1.3.1/silk/float/residual_energy_FLP.c
Using cached library dependencies for file: /home/dejiguru/Arduino/libraries/libopus/src/opus-1.3.1/silk/float/scale_copy_vector_FLP.c
Using cached library dependencies for file: /home/dejiguru/Arduino/libraries/libopus/src/opus-1.3.1/silk/float/scale_vector_FLP.c
Using cached library dependencies for file: /home/dejiguru/Arduino/libraries/libopus/src/opus-1.3.1/silk/float/schur_FLP.c
Using cached library dependencies for file: /home/dejiguru/Arduino/libraries/libopus/src/opus-1.3.1/silk/float/sort_FLP.c
Using cached library dependencies for file: /home/dejiguru/Arduino/libraries/libopus/src/opus-1.3.1/silk/float/warped_autocorrelation_FLP.c
Using cached library dependencies for file: /home/dejiguru/Arduino/libraries/libopus/src/opus-1.3.1/silk/float/wrappers_FLP.c
Using cached library dependencies for file: /home/dejiguru/Arduino/libraries/libopus/src/opus-1.3.1/silk/gain_quant.c
Using cached library dependencies for file: /home/dejiguru/Arduino/libraries/libopus/src/opus-1.3.1/silk/init_decoder.c
Using cached library dependencies for file: /home/dejiguru/Arduino/libraries/libopus/src/opus-1.3.1/silk/init_encoder.c
Using cached library dependencies for file: /home/dejiguru/Arduino/libraries/libopus/src/opus-1.3.1/silk/inner_prod_aligned.c
Using cached library dependencies for file: /home/dejiguru/Arduino/libraries/libopus/src/opus-1.3.1/silk/interpolate.c
Using cached library dependencies for file: /home/dejiguru/Arduino/libraries/libopus/src/opus-1.3.1/silk/lin2log.c
Using cached library dependencies for file: /home/dejiguru/Arduino/libraries/libopus/src/opus-1.3.1/silk/log2lin.c
Using cached library dependencies for file: /home/dejiguru/Arduino/libraries/libopus/src/opus-1.3.1/silk/pitch_est_tables.c
Using cached library dependencies for file: /home/dejiguru/Arduino/libraries/libopus/src/opus-1.3.1/silk/process_NLSFs.c
Using cached library dependencies for file: /home/dejiguru/Arduino/libraries/libopus/src/opus-1.3.1/silk/quant_LTP_gains.c
Using cached library dependencies for file: /home/dejiguru/Arduino/libraries/libopus/src/opus-1.3.1/silk/resampler.c
Using cached library dependencies for file: /home/dejiguru/Arduino/libraries/libopus/src/opus-1.3.1/silk/resampler_down2.c
Using cached library dependencies for file: /home/dejiguru/Arduino/libraries/libopus/src/opus-1.3.1/silk/resampler_down2_3.c
Using cached library dependencies for file: /home/dejiguru/Arduino/libraries/libopus/src/opus-1.3.1/silk/resampler_private_AR2.c
Using cached library dependencies for file: /home/dejiguru/Arduino/libraries/libopus/src/opus-1.3.1/silk/resampler_private_IIR_FIR.c
Using cached library dependencies for file: /home/dejiguru/Arduino/libraries/libopus/src/opus-1.3.1/silk/resampler_private_down_FIR.c
Using cached library dependencies for file: /home/dejiguru/Arduino/libraries/libopus/src/opus-1.3.1/silk/resampler_private_up2_HQ.c
Using cached library dependencies for file: /home/dejiguru/Arduino/libraries/libopus/src/opus-1.3.1/silk/resampler_rom.c
Using cached library dependencies for file: /home/dejiguru/Arduino/libraries/libopus/src/opus-1.3.1/silk/shell_coder.c
Using cached library dependencies for file: /home/dejiguru/Arduino/libraries/libopus/src/opus-1.3.1/silk/sigm_Q15.c
Using cached library dependencies for file: /home/dejiguru/Arduino/libraries/libopus/src/opus-1.3.1/silk/sort.c
Using cached library dependencies for file: /home/dejiguru/Arduino/libraries/libopus/src/opus-1.3.1/silk/stereo_LR_to_MS.c
Using cached library dependencies for file: /home/dejiguru/Arduino/libraries/libopus/src/opus-1.3.1/silk/stereo_MS_to_LR.c
Using cached library dependencies for file: /home/dejiguru/Arduino/libraries/libopus/src/opus-1.3.1/silk/stereo_decode_pred.c
Using cached library dependencies for file: /home/dejiguru/Arduino/libraries/libopus/src/opus-1.3.1/silk/stereo_encode_pred.c
Using cached library dependencies for file: /home/dejiguru/Arduino/libraries/libopus/src/opus-1.3.1/silk/stereo_find_predictor.c
Using cached library dependencies for file: /home/dejiguru/Arduino/libraries/libopus/src/opus-1.3.1/silk/stereo_quant_pred.c
Using cached library dependencies for file: /home/dejiguru/Arduino/libraries/libopus/src/opus-1.3.1/silk/sum_sqr_shift.c
Using cached library dependencies for file: /home/dejiguru/Arduino/libraries/libopus/src/opus-1.3.1/silk/table_LSF_cos.c
Using cached library dependencies for file: /home/dejiguru/Arduino/libraries/libopus/src/opus-1.3.1/silk/tables_LTP.c
Using cached library dependencies for file: /home/dejiguru/Arduino/libraries/libopus/src/opus-1.3.1/silk/tables_NLSF_CB_NB_MB.c
Using cached library dependencies for file: /home/dejiguru/Arduino/libraries/libopus/src/opus-1.3.1/silk/tables_NLSF_CB_WB.c
Using cached library dependencies for file: /home/dejiguru/Arduino/libraries/libopus/src/opus-1.3.1/silk/tables_gain.c
Using cached library dependencies for file: /home/dejiguru/Arduino/libraries/libopus/src/opus-1.3.1/silk/tables_other.c
Using cached library dependencies for file: /home/dejiguru/Arduino/libraries/libopus/src/opus-1.3.1/silk/tables_pitch_lag.c
Using cached library dependencies for file: /home/dejiguru/Arduino/libraries/libopus/src/opus-1.3.1/silk/tables_pulses_per_block.c
Using cached library dependencies for file: /home/dejiguru/Arduino/libraries/libopus/src/opus-1.3.1/src/analysis.c
Using cached library dependencies for file: /home/dejiguru/Arduino/libraries/libopus/src/opus-1.3.1/src/mapping_matrix.c
Using cached library dependencies for file: /home/dejiguru/Arduino/libraries/libopus/src/opus-1.3.1/src/mlp.c
Using cached library dependencies for file: /home/dejiguru/Arduino/libraries/libopus/src/opus-1.3.1/src/mlp_data.c
Using cached library dependencies for file: /home/dejiguru/Arduino/libraries/libopus/src/opus-1.3.1/src/opus.c
Using cached library dependencies for file: /home/dejiguru/Arduino/libraries/libopus/src/opus-1.3.1/src/opus_decoder.c
Using cached library dependencies for file: /home/dejiguru/Arduino/libraries/libopus/src/opus-1.3.1/src/opus_encoder.c
Using cached library dependencies for file: /home/dejiguru/Arduino/libraries/libopus/src/opus-1.3.1/src/opus_multistream.c
Using cached library dependencies for file: /home/dejiguru/Arduino/libraries/libopus/src/opus-1.3.1/src/opus_multistream_decoder.c
Using cached library dependencies for file: /home/dejiguru/Arduino/libraries/libopus/src/opus-1.3.1/src/opus_multistream_encoder.c
Using cached library dependencies for file: /home/dejiguru/Arduino/libraries/libopus/src/opus-1.3.1/src/opus_projection_decoder.c
Using cached library dependencies for file: /home/dejiguru/Arduino/libraries/libopus/src/opus-1.3.1/src/opus_projection_encoder.c
Using cached library dependencies for file: /home/dejiguru/Arduino/libraries/libopus/src/opus-1.3.1/src/repacketizer.c
Using cached library dependencies for file: /home/dejiguru/Arduino/libraries/libopus/src/opus-1.3.1/src/repacketizer_demo.c
Using cached library dependencies for file: /home/dejiguru/Arduino/libraries/PubSubClient/src/PubSubClient.cpp
Using cached library dependencies for file: /home/dejiguru/Arduino/libraries/XPT2046_Touchscreen/XPT2046_Touchscreen.cpp
Using cached library dependencies for file: /home/dejiguru/Arduino/libraries/Adafruit_SSD1306/Adafruit_SSD1306.cpp
Using cached library dependencies for file: /home/dejiguru/Arduino/hardware/espressif/esp32/libraries/ESPmDNS/src/ESPmDNS.cpp
Using cached library dependencies for file: /home/dejiguru/Arduino/hardware/espressif/esp32/libraries/Hash/src/PBKDF2_HMACBuilder.cpp
Using cached library dependencies for file: /home/dejiguru/Arduino/hardware/espressif/esp32/libraries/Hash/src/SHA1Builder.cpp
Using cached library dependencies for file: /home/dejiguru/Arduino/hardware/espressif/esp32/libraries/Hash/src/SHA2Builder.cpp
Using cached library dependencies for file: /home/dejiguru/Arduino/hardware/espressif/esp32/libraries/Hash/src/SHA3Builder.cpp
Generating function prototypes...
/home/dejiguru/Arduino/hardware/espressif/esp32/tools/xtensa-esp-elf/bin/xtensa-esp32s3-elf-g++ -c @/home/dejiguru/Arduino/hardware/espressif/esp32/tools/esp32-arduino-libs/esp32s3/flags/cpp_flags -w -Os -Werror=return-type -w -x c++ -E -CC -DF_CPU=240000000L -DARDUINO=10607 -DARDUINO_ESP32S3_DEV -DARDUINO_ARCH_ESP32 -DARDUINO_BOARD="ESP32S3_DEV" -DARDUINO_VARIANT="esp32s3" -DARDUINO_PARTITION_default_8MB -DARDUINO_HOST_OS="linux" -DARDUINO_FQBN="espressif:esp32:esp32s3:PSRAM=opi,FlashSize=8M,PartitionScheme=default_8MB,UploadSpeed=921600,USBMode=hwcdc,CDCOnBoot=default" -DESP32=ESP32 -DCORE_DEBUG_LEVEL=0 -DARDUINO_RUNNING_CORE=1 -DARDUINO_EVENT_RUNNING_CORE=1 -DBOARD_HAS_PSRAM -DARDUINO_USB_MODE=1 -DARDUINO_USB_CDC_ON_BOOT=0 -DARDUINO_USB_MSC_ON_BOOT=0 -DARDUINO_USB_DFU_ON_BOOT=0 @/home/dejiguru/Arduino/hardware/espressif/esp32/tools/esp32-arduino-libs/esp32s3/flags/defines -I/home/dejiguru/Arduino/ellabox -iprefix /home/dejiguru/Arduino/hardware/espressif/esp32/tools/esp32-arduino-libs/esp32s3/include/ @/home/dejiguru/Arduino/hardware/espressif/esp32/tools/esp32-arduino-libs/esp32s3/flags/includes -I/home/dejiguru/Arduino/hardware/espressif/esp32/tools/esp32-arduino-libs/esp32s3/qio_opi/include -I/home/dejiguru/Arduino/hardware/espressif/esp32/cores/esp32 -I/home/dejiguru/Arduino/hardware/espressif/esp32/variants/esp32s3 -I/home/dejiguru/Arduino/hardware/espressif/esp32/libraries/WiFi/src -I/home/dejiguru/Arduino/hardware/espressif/esp32/libraries/Network/src -I/home/dejiguru/Arduino/hardware/espressif/esp32/libraries/ArduinoOTA/src -I/home/dejiguru/Arduino/hardware/espressif/esp32/libraries/Update/src -I/home/dejiguru/Arduino/hardware/espressif/esp32/libraries/HTTPClient/src -I/home/dejiguru/Arduino/hardware/espressif/esp32/libraries/NetworkClientSecure/src -I/home/dejiguru/Arduino/libraries/ArduinoJson/src -I/home/dejiguru/Arduino/libraries/ESP32-audioI2S-master/src -I/home/dejiguru/Arduino/hardware/espressif/esp32/libraries/FFat/src -I/home/dejiguru/Arduino/hardware/espressif/esp32/libraries/FS/src -I/home/dejiguru/Arduino/hardware/espressif/esp32/libraries/SD/src -I/home/dejiguru/Arduino/hardware/espressif/esp32/libraries/SPI/src -I/home/dejiguru/Arduino/hardware/espressif/esp32/libraries/SD_MMC/src -I/home/dejiguru/Arduino/hardware/espressif/esp32/libraries/ESP_I2S/src -I/home/dejiguru/Arduino/hardware/espressif/esp32/libraries/SPIFFS/src -I/home/dejiguru/Arduino/libraries/Adafruit_GFX_Library -I/home/dejiguru/Arduino/libraries/Adafruit_BusIO -I/home/dejiguru/Arduino/hardware/espressif/esp32/libraries/Wire/src -I/home/dejiguru/Arduino/libraries/Adafruit_ILI9341 -I/home/dejiguru/Arduino/libraries/Adafruit_AHTX0 -I/home/dejiguru/Arduino/libraries/Adafruit_Unified_Sensor -I/home/dejiguru/Arduino/libraries/ScioSense_ENS16x/src -I/home/dejiguru/Arduino/libraries/SparkFun_MAX3010x_Pulse_and_Proximity_Sensor_Library/src -I/home/dejiguru/Arduino/libraries/U8g2/src -I/home/dejiguru/Arduino/libraries/Firebase_Arduino_Client_Library_for_ESP8266_and_ESP32/src -I/home/dejiguru/Arduino/hardware/espressif/esp32/libraries/LittleFS/src -I/home/dejiguru/Arduino/hardware/espressif/esp32/libraries/Preferences/src -I/home/dejiguru/Arduino/libraries/VL53L0X -I/home/dejiguru/Arduino/libraries/libopus/src -I/home/dejiguru/Arduino/libraries/PubSubClient/src -I/home/dejiguru/Arduino/libraries/XPT2046_Touchscreen -I/home/dejiguru/Arduino/libraries/Adafruit_SSD1306 -I/home/dejiguru/Arduino/hardware/espressif/esp32/libraries/ESPmDNS/src -I/home/dejiguru/Arduino/hardware/espressif/esp32/libraries/Hash/src @/home/dejiguru/Arduino/ellabox/build-ellabox/build_opt.h @/home/dejiguru/Arduino/ellabox/build-ellabox/file_opts /home/dejiguru/Arduino/ellabox/build-ellabox/sketch/ellabox.ino.cpp -o /tmp/2202294170/sketch_merged.cpp
/home/dejiguru/.arduino15/packages/builtin/tools/ctags/5.8-arduino11/ctags -u --language-force=c++ -f - --c++-kinds=svpf --fields=KSTtzns --line-directives /tmp/2202294170/sketch_merged.cpp
Compiling sketch...
/home/dejiguru/Arduino/hardware/espressif/esp32/tools/xtensa-esp-elf/bin/xtensa-esp32s3-elf-g++ -MMD -c @/home/dejiguru/Arduino/hardware/espressif/esp32/tools/esp32-arduino-libs/esp32s3/flags/cpp_flags -w -Os -Werror=return-type -DF_CPU=240000000L -DARDUINO=10607 -DARDUINO_ESP32S3_DEV -DARDUINO_ARCH_ESP32 "-DARDUINO_BOARD=\"ESP32S3_DEV\"" "-DARDUINO_VARIANT=\"esp32s3\"" -DARDUINO_PARTITION_default_8MB "-DARDUINO_HOST_OS=\"linux\"" "-DARDUINO_FQBN=\"espressif:esp32:esp32s3:PSRAM=opi,FlashSize=8M,PartitionScheme=default_8MB,UploadSpeed=921600,USBMode=hwcdc,CDCOnBoot=default\"" -DESP32=ESP32 -DCORE_DEBUG_LEVEL=0 -DARDUINO_RUNNING_CORE=1 -DARDUINO_EVENT_RUNNING_CORE=1 -DBOARD_HAS_PSRAM -DARDUINO_USB_MODE=1 -DARDUINO_USB_CDC_ON_BOOT=0 -DARDUINO_USB_MSC_ON_BOOT=0 -DARDUINO_USB_DFU_ON_BOOT=0 @/home/dejiguru/Arduino/hardware/espressif/esp32/tools/esp32-arduino-libs/esp32s3/flags/defines -I/home/dejiguru/Arduino/ellabox -iprefix /home/dejiguru/Arduino/hardware/espressif/esp32/tools/esp32-arduino-libs/esp32s3/include/ @/home/dejiguru/Arduino/hardware/espressif/esp32/tools/esp32-arduino-libs/esp32s3/flags/includes -I/home/dejiguru/Arduino/hardware/espressif/esp32/tools/esp32-arduino-libs/esp32s3/qio_opi/include -I/home/dejiguru/Arduino/hardware/espressif/esp32/cores/esp32 -I/home/dejiguru/Arduino/hardware/espressif/esp32/variants/esp32s3 -I/home/dejiguru/Arduino/hardware/espressif/esp32/libraries/WiFi/src -I/home/dejiguru/Arduino/hardware/espressif/esp32/libraries/Network/src -I/home/dejiguru/Arduino/hardware/espressif/esp32/libraries/ArduinoOTA/src -I/home/dejiguru/Arduino/hardware/espressif/esp32/libraries/Update/src -I/home/dejiguru/Arduino/hardware/espressif/esp32/libraries/HTTPClient/src -I/home/dejiguru/Arduino/hardware/espressif/esp32/libraries/NetworkClientSecure/src -I/home/dejiguru/Arduino/libraries/ArduinoJson/src -I/home/dejiguru/Arduino/libraries/ESP32-audioI2S-master/src -I/home/dejiguru/Arduino/hardware/espressif/esp32/libraries/FFat/src -I/home/dejiguru/Arduino/hardware/espressif/esp32/libraries/FS/src -I/home/dejiguru/Arduino/hardware/espressif/esp32/libraries/SD/src -I/home/dejiguru/Arduino/hardware/espressif/esp32/libraries/SPI/src -I/home/dejiguru/Arduino/hardware/espressif/esp32/libraries/SD_MMC/src -I/home/dejiguru/Arduino/hardware/espressif/esp32/libraries/ESP_I2S/src -I/home/dejiguru/Arduino/hardware/espressif/esp32/libraries/SPIFFS/src -I/home/dejiguru/Arduino/libraries/Adafruit_GFX_Library -I/home/dejiguru/Arduino/libraries/Adafruit_BusIO -I/home/dejiguru/Arduino/hardware/espressif/esp32/libraries/Wire/src -I/home/dejiguru/Arduino/libraries/Adafruit_ILI9341 -I/home/dejiguru/Arduino/libraries/Adafruit_AHTX0 -I/home/dejiguru/Arduino/libraries/Adafruit_Unified_Sensor -I/home/dejiguru/Arduino/libraries/ScioSense_ENS16x/src -I/home/dejiguru/Arduino/libraries/SparkFun_MAX3010x_Pulse_and_Proximity_Sensor_Library/src -I/home/dejiguru/Arduino/libraries/U8g2/src -I/home/dejiguru/Arduino/libraries/Firebase_Arduino_Client_Library_for_ESP8266_and_ESP32/src -I/home/dejiguru/Arduino/hardware/espressif/esp32/libraries/LittleFS/src -I/home/dejiguru/Arduino/hardware/espressif/esp32/libraries/Preferences/src -I/home/dejiguru/Arduino/libraries/VL53L0X -I/home/dejiguru/Arduino/libraries/libopus/src -I/home/dejiguru/Arduino/libraries/PubSubClient/src -I/home/dejiguru/Arduino/libraries/XPT2046_Touchscreen -I/home/dejiguru/Arduino/libraries/Adafruit_SSD1306 -I/home/dejiguru/Arduino/hardware/espressif/esp32/libraries/ESPmDNS/src -I/home/dejiguru/Arduino/hardware/espressif/esp32/libraries/Hash/src @/home/dejiguru/Arduino/ellabox/build-ellabox/build_opt.h @/home/dejiguru/Arduino/ellabox/build-ellabox/file_opts /home/dejiguru/Arduino/ellabox/build-ellabox/sketch/ellabox.ino.cpp -o /home/dejiguru/Arduino/ellabox/build-ellabox/sketch/ellabox.ino.cpp.o
Compiling libraries...
Compiling library "WiFi"
Using previously compiled file: /home/dejiguru/Arduino/ellabox/build-ellabox/libraries/WiFi/WiFiAP.cpp.o
Using previously compiled file: /home/dejiguru/Arduino/ellabox/build-ellabox/libraries/WiFi/STA.cpp.o
Using previously compiled file: /home/dejiguru/Arduino/ellabox/build-ellabox/libraries/WiFi/WiFi.cpp.o
Using previously compiled file: /home/dejiguru/Arduino/ellabox/build-ellabox/libraries/WiFi/AP.cpp.o
Using previously compiled file: /home/dejiguru/Arduino/ellabox/build-ellabox/libraries/WiFi/WiFiGeneric.cpp.o
Using previously compiled file: /home/dejiguru/Arduino/ellabox/build-ellabox/libraries/WiFi/WiFiScan.cpp.o
Using previously compiled file: /home/dejiguru/Arduino/ellabox/build-ellabox/libraries/WiFi/WiFiMulti.cpp.o
Using previously compiled file: /home/dejiguru/Arduino/ellabox/build-ellabox/libraries/WiFi/WiFiSTA.cpp.o
Compiling library "Networking"
Using previously compiled file: /home/dejiguru/Arduino/ellabox/build-ellabox/libraries/Network/NetworkClient.cpp.o
Using previously compiled file: /home/dejiguru/Arduino/ellabox/build-ellabox/libraries/Network/NetworkEvents.cpp.o
Using previously compiled file: /home/dejiguru/Arduino/ellabox/build-ellabox/libraries/Network/NetworkInterface.cpp.o
Using previously compiled file: /home/dejiguru/Arduino/ellabox/build-ellabox/libraries/Network/NetworkUdp.cpp.o
Using previously compiled file: /home/dejiguru/Arduino/ellabox/build-ellabox/libraries/Network/NetworkServer.cpp.o
Using previously compiled file: /home/dejiguru/Arduino/ellabox/build-ellabox/libraries/Network/NetworkManager.cpp.o
Compiling library "ArduinoOTA"
Using previously compiled file: /home/dejiguru/Arduino/ellabox/build-ellabox/libraries/ArduinoOTA/ArduinoOTA.cpp.o
Compiling library "Update"
Using previously compiled file: /home/dejiguru/Arduino/ellabox/build-ellabox/libraries/Update/HttpsOTAUpdate.cpp.o
Using previously compiled file: /home/dejiguru/Arduino/ellabox/build-ellabox/libraries/Update/Updater_Signing.cpp.o
Using previously compiled file: /home/dejiguru/Arduino/ellabox/build-ellabox/libraries/Update/Updater.cpp.o
Compiling library "HTTPClient"
Using previously compiled file: /home/dejiguru/Arduino/ellabox/build-ellabox/libraries/HTTPClient/HTTPClient.cpp.o
Compiling library "NetworkClientSecure"
Using previously compiled file: /home/dejiguru/Arduino/ellabox/build-ellabox/libraries/NetworkClientSecure/NetworkClientSecure.cpp.o
Using previously compiled file: /home/dejiguru/Arduino/ellabox/build-ellabox/libraries/NetworkClientSecure/ssl_client.cpp.o
Compiling library "ArduinoJson"
Compiling library "ESP32-audioI2S-master"
Using previously compiled file: /home/dejiguru/Arduino/ellabox/build-ellabox/libraries/ESP32-audioI2S-master/Audio.cpp.o
Using previously compiled file: /home/dejiguru/Arduino/ellabox/build-ellabox/libraries/ESP32-audioI2S-master/aac_decoder/libfaad/neaacdec.cpp.o
Using previously compiled file: /home/dejiguru/Arduino/ellabox/build-ellabox/libraries/ESP32-audioI2S-master/mp3_decoder/mp3_decoder.cpp.o
Using previously compiled file: /home/dejiguru/Arduino/ellabox/build-ellabox/libraries/ESP32-audioI2S-master/flac_decoder/flac_decoder.cpp.o
Using previously compiled file: /home/dejiguru/Arduino/ellabox/build-ellabox/libraries/ESP32-audioI2S-master/aac_decoder/aac_decoder.cpp.o
Using previously compiled file: /home/dejiguru/Arduino/ellabox/build-ellabox/libraries/ESP32-audioI2S-master/opus_decoder/range_decoder.cpp.o
Using previously compiled file: /home/dejiguru/Arduino/ellabox/build-ellabox/libraries/ESP32-audioI2S-master/opus_decoder/celt.cpp.o
Using previously compiled file: /home/dejiguru/Arduino/ellabox/build-ellabox/libraries/ESP32-audioI2S-master/vorbis_decoder/vorbis_decoder.cpp.o
Using previously compiled file: /home/dejiguru/Arduino/ellabox/build-ellabox/libraries/ESP32-audioI2S-master/opus_decoder/silk.cpp.o
Using previously compiled file: /home/dejiguru/Arduino/ellabox/build-ellabox/libraries/ESP32-audioI2S-master/opus_decoder/opus_decoder.cpp.o
Using previously compiled file: /home/dejiguru/Arduino/ellabox/build-ellabox/libraries/ESP32-audioI2S-master/wav_decoder/wav_decoder.cpp.o
Compiling library "FFat"
Using previously compiled file: /home/dejiguru/Arduino/ellabox/build-ellabox/libraries/FFat/FFat.cpp.o
Compiling library "FS"
Using previously compiled file: /home/dejiguru/Arduino/ellabox/build-ellabox/libraries/FS/FS.cpp.o
Using previously compiled file: /home/dejiguru/Arduino/ellabox/build-ellabox/libraries/FS/vfs_api.cpp.o
Compiling library "SD"
Using previously compiled file: /home/dejiguru/Arduino/ellabox/build-ellabox/libraries/SD/SD.cpp.o
Using previously compiled file: /home/dejiguru/Arduino/ellabox/build-ellabox/libraries/SD/sd_diskio_crc.c.o
Using previously compiled file: /home/dejiguru/Arduino/ellabox/build-ellabox/libraries/SD/sd_diskio.cpp.o
Compiling library "SPI"
Using previously compiled file: /home/dejiguru/Arduino/ellabox/build-ellabox/libraries/SPI/SPI.cpp.o
Compiling library "SD_MMC"
Using previously compiled file: /home/dejiguru/Arduino/ellabox/build-ellabox/libraries/SD_MMC/SD_MMC.cpp.o
Compiling library "ESP_I2S"
Using previously compiled file: /home/dejiguru/Arduino/ellabox/build-ellabox/libraries/ESP_I2S/ESP_I2S.cpp.o
Compiling library "SPIFFS"
Using previously compiled file: /home/dejiguru/Arduino/ellabox/build-ellabox/libraries/SPIFFS/SPIFFS.cpp.o
Compiling library "Adafruit GFX Library"
Using previously compiled file: /home/dejiguru/Arduino/ellabox/build-ellabox/libraries/Adafruit_GFX_Library/glcdfont.c.o
Using previously compiled file: /home/dejiguru/Arduino/ellabox/build-ellabox/libraries/Adafruit_GFX_Library/Adafruit_GrayOLED.cpp.o
Using previously compiled file: /home/dejiguru/Arduino/ellabox/build-ellabox/libraries/Adafruit_GFX_Library/Adafruit_SPITFT.cpp.o
Using previously compiled file: /home/dejiguru/Arduino/ellabox/build-ellabox/libraries/Adafruit_GFX_Library/Adafruit_GFX.cpp.o
Compiling library "Adafruit BusIO"
Using previously compiled file: /home/dejiguru/Arduino/ellabox/build-ellabox/libraries/Adafruit_BusIO/Adafruit_I2CDevice.cpp.o
Using previously compiled file: /home/dejiguru/Arduino/ellabox/build-ellabox/libraries/Adafruit_BusIO/Adafruit_GenericDevice.cpp.o
Using previously compiled file: /home/dejiguru/Arduino/ellabox/build-ellabox/libraries/Adafruit_BusIO/Adafruit_BusIO_Register.cpp.o
Using previously compiled file: /home/dejiguru/Arduino/ellabox/build-ellabox/libraries/Adafruit_BusIO/Adafruit_SPIDevice.cpp.o
Compiling library "Wire"
Using previously compiled file: /home/dejiguru/Arduino/ellabox/build-ellabox/libraries/Wire/Wire.cpp.o
Compiling library "Adafruit ILI9341"
Using previously compiled file: /home/dejiguru/Arduino/ellabox/build-ellabox/libraries/Adafruit_ILI9341/Adafruit_ILI9341.cpp.o
Compiling library "Adafruit AHTX0"
Using previously compiled file: /home/dejiguru/Arduino/ellabox/build-ellabox/libraries/Adafruit_AHTX0/Adafruit_AHTX0.cpp.o
Compiling library "Adafruit Unified Sensor"
Using previously compiled file: /home/dejiguru/Arduino/ellabox/build-ellabox/libraries/Adafruit_Unified_Sensor/Adafruit_Sensor.cpp.o
Compiling library "ScioSense_ENS16x"
Compiling library "SparkFun MAX3010x Pulse and Proximity Sensor Library"
Using previously compiled file: /home/dejiguru/Arduino/ellabox/build-ellabox/libraries/SparkFun_MAX3010x_Pulse_and_Proximity_Sensor_Library/spo2_algorithm.cpp.o
Using previously compiled file: /home/dejiguru/Arduino/ellabox/build-ellabox/libraries/SparkFun_MAX3010x_Pulse_and_Proximity_Sensor_Library/heartRate.cpp.o
Using previously compiled file: /home/dejiguru/Arduino/ellabox/build-ellabox/libraries/SparkFun_MAX3010x_Pulse_and_Proximity_Sensor_Library/MAX30105.cpp.o
Compiling library "U8g2"
Using previously compiled file: /home/dejiguru/Arduino/ellabox/build-ellabox/libraries/U8g2/clib/mui_u8g2.c.o
Using previously compiled file: /home/dejiguru/Arduino/ellabox/build-ellabox/libraries/U8g2/U8x8lib.cpp.o
Using previously compiled file: /home/dejiguru/Arduino/ellabox/build-ellabox/libraries/U8g2/clib/mui.c.o
Using previously compiled file: /home/dejiguru/Arduino/ellabox/build-ellabox/libraries/U8g2/clib/u8g2_arc.c.o
Using previously compiled file: /home/dejiguru/Arduino/ellabox/build-ellabox/libraries/U8g2/clib/u8g2_buffer.c.o
Using previously compiled file: /home/dejiguru/Arduino/ellabox/build-ellabox/libraries/U8g2/clib/u8g2_box.c.o
Using previously compiled file: /home/dejiguru/Arduino/ellabox/build-ellabox/libraries/U8g2/clib/u8g2_bitmap.c.o
Using previously compiled file: /home/dejiguru/Arduino/ellabox/build-ellabox/libraries/U8g2/clib/u8g2_button.c.o
Using previously compiled file: /home/dejiguru/Arduino/ellabox/build-ellabox/libraries/U8g2/clib/u8g2_circle.c.o
Using previously compiled file: /home/dejiguru/Arduino/ellabox/build-ellabox/libraries/U8g2/clib/u8g2_cleardisplay.c.o
Using previously compiled file: /home/dejiguru/Arduino/ellabox/build-ellabox/libraries/U8g2/U8g2lib.cpp.o
Using previously compiled file: /home/dejiguru/Arduino/ellabox/build-ellabox/libraries/U8g2/clib/u8g2_d_memory.c.o
Using previously compiled file: /home/dejiguru/Arduino/ellabox/build-ellabox/libraries/U8g2/clib/u8g2_font.c.o
Using previously compiled file: /home/dejiguru/Arduino/ellabox/build-ellabox/libraries/U8g2/clib/u8g2_d_setup.c.o
Using previously compiled file: /home/dejiguru/Arduino/ellabox/build-ellabox/libraries/U8g2/clib/u8g2_hvline.c.o
Using previously compiled file: /home/dejiguru/Arduino/ellabox/build-ellabox/libraries/U8g2/clib/u8g2_fonts.c.o
Using previously compiled file: /home/dejiguru/Arduino/ellabox/build-ellabox/libraries/U8g2/clib/u8g2_input_value.c.o
Using previously compiled file: /home/dejiguru/Arduino/ellabox/build-ellabox/libraries/U8g2/clib/u8g2_line.c.o
Using previously compiled file: /home/dejiguru/Arduino/ellabox/build-ellabox/libraries/U8g2/clib/u8g2_intersection.c.o
Using previously compiled file: /home/dejiguru/Arduino/ellabox/build-ellabox/libraries/U8g2/clib/u8g2_message.c.o
Using previously compiled file: /home/dejiguru/Arduino/ellabox/build-ellabox/libraries/U8g2/clib/u8g2_ll_hvline.c.o
Using previously compiled file: /home/dejiguru/Arduino/ellabox/build-ellabox/libraries/U8g2/clib/u8g2_polygon.c.o
Using previously compiled file: /home/dejiguru/Arduino/ellabox/build-ellabox/libraries/U8g2/clib/u8g2_kerning.c.o
Using previously compiled file: /home/dejiguru/Arduino/ellabox/build-ellabox/libraries/U8g2/clib/u8g2_selection_list.c.o
Using previously compiled file: /home/dejiguru/Arduino/ellabox/build-ellabox/libraries/U8g2/clib/u8log.c.o
Using previously compiled file: /home/dejiguru/Arduino/ellabox/build-ellabox/libraries/U8g2/clib/u8log_u8g2.c.o
Using previously compiled file: /home/dejiguru/Arduino/ellabox/build-ellabox/libraries/U8g2/clib/u8g2_setup.c.o
Using previously compiled file: /home/dejiguru/Arduino/ellabox/build-ellabox/libraries/U8g2/clib/u8x8_cad.c.o
Using previously compiled file: /home/dejiguru/Arduino/ellabox/build-ellabox/libraries/U8g2/clib/u8log_u8x8.c.o
Using previously compiled file: /home/dejiguru/Arduino/ellabox/build-ellabox/libraries/U8g2/clib/u8x8_8x8.c.o
Using previously compiled file: /home/dejiguru/Arduino/ellabox/build-ellabox/libraries/U8g2/clib/u8x8_byte.c.o
Using previously compiled file: /home/dejiguru/Arduino/ellabox/build-ellabox/libraries/U8g2/clib/u8x8_d_gp1247ai.c.o
Using previously compiled file: /home/dejiguru/Arduino/ellabox/build-ellabox/libraries/U8g2/clib/u8x8_capture.c.o
Using previously compiled file: /home/dejiguru/Arduino/ellabox/build-ellabox/libraries/U8g2/clib/u8x8_d_a2printer.c.o
Using previously compiled file: /home/dejiguru/Arduino/ellabox/build-ellabox/libraries/U8g2/clib/u8x8_d_ch1120.c.o
Using previously compiled file: /home/dejiguru/Arduino/ellabox/build-ellabox/libraries/U8g2/clib/u8x8_d_gp1287ai.c.o
Using previously compiled file: /home/dejiguru/Arduino/ellabox/build-ellabox/libraries/U8g2/clib/u8x8_d_il3820_296x128.c.o
Using previously compiled file: /home/dejiguru/Arduino/ellabox/build-ellabox/libraries/U8g2/clib/u8x8_d_gu800.c.o
Using previously compiled file: /home/dejiguru/Arduino/ellabox/build-ellabox/libraries/U8g2/clib/u8x8_d_gp1294ai.c.o
Using previously compiled file: /home/dejiguru/Arduino/ellabox/build-ellabox/libraries/U8g2/clib/u8x8_d_hd44102.c.o
Using previously compiled file: /home/dejiguru/Arduino/ellabox/build-ellabox/libraries/U8g2/clib/u8x8_d_ist3020.c.o
Using previously compiled file: /home/dejiguru/Arduino/ellabox/build-ellabox/libraries/U8g2/clib/u8x8_d_lc7981.c.o
Using previously compiled file: /home/dejiguru/Arduino/ellabox/build-ellabox/libraries/U8g2/clib/u8x8_d_ks0108.c.o
Using previously compiled file: /home/dejiguru/Arduino/ellabox/build-ellabox/libraries/U8g2/clib/u8x8_d_ist7920.c.o
Using previously compiled file: /home/dejiguru/Arduino/ellabox/build-ellabox/libraries/U8g2/clib/u8x8_d_ist3088.c.o
Using previously compiled file: /home/dejiguru/Arduino/ellabox/build-ellabox/libraries/U8g2/clib/u8x8_d_ld7032_60x32.c.o
Using previously compiled file: /home/dejiguru/Arduino/ellabox/build-ellabox/libraries/U8g2/clib/u8x8_d_pcd8544_84x48.c.o
Using previously compiled file: /home/dejiguru/Arduino/ellabox/build-ellabox/libraries/U8g2/clib/u8x8_d_ls013b7dh03.c.o
Using previously compiled file: /home/dejiguru/Arduino/ellabox/build-ellabox/libraries/U8g2/clib/u8x8_d_max7219.c.o
Using previously compiled file: /home/dejiguru/Arduino/ellabox/build-ellabox/libraries/U8g2/clib/u8x8_d_pcf8814_hx1230.c.o
Using previously compiled file: /home/dejiguru/Arduino/ellabox/build-ellabox/libraries/U8g2/clib/u8x8_d_s1d15721.c.o
Using previously compiled file: /home/dejiguru/Arduino/ellabox/build-ellabox/libraries/U8g2/clib/u8x8_d_s1d15300.c.o
Using previously compiled file: /home/dejiguru/Arduino/ellabox/build-ellabox/libraries/U8g2/clib/u8x8_d_sbn1661.c.o
Using previously compiled file: /home/dejiguru/Arduino/ellabox/build-ellabox/libraries/U8g2/clib/u8x8_d_s1d15e06.c.o
Using previously compiled file: /home/dejiguru/Arduino/ellabox/build-ellabox/libraries/U8g2/clib/u8x8_d_sed1330.c.o
Using previously compiled file: /home/dejiguru/Arduino/ellabox/build-ellabox/libraries/U8g2/clib/u8x8_d_sh1106_72x40.c.o
Using previously compiled file: /home/dejiguru/Arduino/ellabox/build-ellabox/libraries/U8g2/clib/u8x8_d_pcf8812.c.o
Using previously compiled file: /home/dejiguru/Arduino/ellabox/build-ellabox/libraries/U8g2/clib/u8x8_d_sh1108.c.o
Using previously compiled file: /home/dejiguru/Arduino/ellabox/build-ellabox/libraries/U8g2/clib/u8x8_d_sh1122.c.o
Using previously compiled file: /home/dejiguru/Arduino/ellabox/build-ellabox/libraries/U8g2/clib/u8x8_d_sh1106_64x32.c.o
Using previously compiled file: /home/dejiguru/Arduino/ellabox/build-ellabox/libraries/U8g2/clib/u8x8_d_sh1107.c.o
Using previously compiled file: /home/dejiguru/Arduino/ellabox/build-ellabox/libraries/U8g2/clib/u8x8_d_ssd1306_128x32.c.o
Using previously compiled file: /home/dejiguru/Arduino/ellabox/build-ellabox/libraries/U8g2/clib/u8x8_d_ssd1306_128x64_noname.c.o
Using previously compiled file: /home/dejiguru/Arduino/ellabox/build-ellabox/libraries/U8g2/clib/u8x8_d_ssd1305.c.o
Using previously compiled file: /home/dejiguru/Arduino/ellabox/build-ellabox/libraries/U8g2/clib/u8x8_d_ssd1306_48x64.c.o
Using previously compiled file: /home/dejiguru/Arduino/ellabox/build-ellabox/libraries/U8g2/clib/u8x8_d_ssd1306_64x32.c.o
Using previously compiled file: /home/dejiguru/Arduino/ellabox/build-ellabox/libraries/U8g2/clib/u8x8_d_ssd1306_2040x16.c.o
Using previously compiled file: /home/dejiguru/Arduino/ellabox/build-ellabox/libraries/U8g2/clib/u8x8_d_ssd1306_64x48.c.o
Using previously compiled file: /home/dejiguru/Arduino/ellabox/build-ellabox/libraries/U8g2/clib/u8x8_d_ssd1306_72x40.c.o
Using previously compiled file: /home/dejiguru/Arduino/ellabox/build-ellabox/libraries/U8g2/clib/u8x8_d_ssd1306_96x16.c.o
Using previously compiled file: /home/dejiguru/Arduino/ellabox/build-ellabox/libraries/U8g2/clib/u8x8_d_ssd1309.c.o
Using previously compiled file: /home/dejiguru/Arduino/ellabox/build-ellabox/libraries/U8g2/clib/u8x8_d_ssd1312.c.o
Using previously compiled file: /home/dejiguru/Arduino/ellabox/build-ellabox/libraries/U8g2/clib/u8x8_d_ssd1316.c.o
Using previously compiled file: /home/dejiguru/Arduino/ellabox/build-ellabox/libraries/U8g2/clib/u8x8_d_ssd1318.c.o
Using previously compiled file: /home/dejiguru/Arduino/ellabox/build-ellabox/libraries/U8g2/clib/u8x8_d_ssd1320.c.o
Using previously compiled file: /home/dejiguru/Arduino/ellabox/build-ellabox/libraries/U8g2/clib/u8x8_d_ssd1317.c.o
Using previously compiled file: /home/dejiguru/Arduino/ellabox/build-ellabox/libraries/U8g2/clib/u8x8_d_ssd1325.c.o
Using previously compiled file: /home/dejiguru/Arduino/ellabox/build-ellabox/libraries/U8g2/clib/u8x8_d_ssd1322.c.o
Using previously compiled file: /home/dejiguru/Arduino/ellabox/build-ellabox/libraries/U8g2/clib/u8x8_d_ssd1306_96x40.c.o
Using previously compiled file: /home/dejiguru/Arduino/ellabox/build-ellabox/libraries/U8g2/clib/u8x8_d_ssd1329.c.o
Using previously compiled file: /home/dejiguru/Arduino/ellabox/build-ellabox/libraries/U8g2/clib/u8x8_d_ssd1326.c.o
Using previously compiled file: /home/dejiguru/Arduino/ellabox/build-ellabox/libraries/U8g2/clib/u8x8_d_ssd1363.c.o
Using previously compiled file: /home/dejiguru/Arduino/ellabox/build-ellabox/libraries/U8g2/clib/u8x8_d_ssd1327.c.o
Using previously compiled file: /home/dejiguru/Arduino/ellabox/build-ellabox/libraries/U8g2/clib/u8x8_d_ssd1362.c.o
Using previously compiled file: /home/dejiguru/Arduino/ellabox/build-ellabox/libraries/U8g2/clib/u8x8_d_ssd1607_200x200.c.o
Using previously compiled file: /home/dejiguru/Arduino/ellabox/build-ellabox/libraries/U8g2/clib/u8x8_d_st7302.c.o
Using previously compiled file: /home/dejiguru/Arduino/ellabox/build-ellabox/libraries/U8g2/clib/u8x8_d_ssd1606_172x72.c.o
Using previously compiled file: /home/dejiguru/Arduino/ellabox/build-ellabox/libraries/U8g2/clib/u8x8_d_st7511.c.o
Using previously compiled file: /home/dejiguru/Arduino/ellabox/build-ellabox/libraries/U8g2/clib/u8x8_d_st7301.c.o
Using previously compiled file: /home/dejiguru/Arduino/ellabox/build-ellabox/libraries/U8g2/clib/u8x8_d_st75160.c.o
Using previously compiled file: /home/dejiguru/Arduino/ellabox/build-ellabox/libraries/U8g2/clib/u8x8_d_st7528.c.o
Using previously compiled file: /home/dejiguru/Arduino/ellabox/build-ellabox/libraries/U8g2/clib/u8x8_d_st75256.c.o
Using previously compiled file: /home/dejiguru/Arduino/ellabox/build-ellabox/libraries/U8g2/clib/u8x8_d_st75161.c.o
Using previously compiled file: /home/dejiguru/Arduino/ellabox/build-ellabox/libraries/U8g2/clib/u8x8_d_st7565.c.o
Using previously compiled file: /home/dejiguru/Arduino/ellabox/build-ellabox/libraries/U8g2/clib/u8x8_d_st7539.c.o
Using previously compiled file: /home/dejiguru/Arduino/ellabox/build-ellabox/libraries/U8g2/clib/u8x8_d_st7567.c.o
Using previously compiled file: /home/dejiguru/Arduino/ellabox/build-ellabox/libraries/U8g2/clib/u8x8_d_st75320.c.o
Using previously compiled file: /home/dejiguru/Arduino/ellabox/build-ellabox/libraries/U8g2/clib/u8x8_d_st7571.c.o
Using previously compiled file: /home/dejiguru/Arduino/ellabox/build-ellabox/libraries/U8g2/clib/u8x8_d_st7586s_erc240160.c.o
Using previously compiled file: /home/dejiguru/Arduino/ellabox/build-ellabox/libraries/U8g2/clib/u8x8_d_st7586s_jlx384160.c.o
Using previously compiled file: /home/dejiguru/Arduino/ellabox/build-ellabox/libraries/U8g2/clib/u8x8_d_st7586s_jlx320160.c.o
Using previously compiled file: /home/dejiguru/Arduino/ellabox/build-ellabox/libraries/U8g2/clib/u8x8_d_st7588.c.o
Using previously compiled file: /home/dejiguru/Arduino/ellabox/build-ellabox/libraries/U8g2/clib/u8x8_d_st7586s_ymc240160.c.o
Using previously compiled file: /home/dejiguru/Arduino/ellabox/build-ellabox/libraries/U8g2/clib/u8x8_d_st7586s_s028hn118a.c.o
Using previously compiled file: /home/dejiguru/Arduino/ellabox/build-ellabox/libraries/U8g2/clib/u8x8_d_st7586s_md240128.c.o
Using previously compiled file: /home/dejiguru/Arduino/ellabox/build-ellabox/libraries/U8g2/clib/u8x8_d_st7920.c.o
Using previously compiled file: /home/dejiguru/Arduino/ellabox/build-ellabox/libraries/U8g2/clib/u8x8_d_uc1604.c.o
Using previously compiled file: /home/dejiguru/Arduino/ellabox/build-ellabox/libraries/U8g2/clib/u8x8_d_t6963.c.o
Using previously compiled file: /home/dejiguru/Arduino/ellabox/build-ellabox/libraries/U8g2/clib/u8x8_d_uc1601.c.o
Using previously compiled file: /home/dejiguru/Arduino/ellabox/build-ellabox/libraries/U8g2/clib/u8x8_d_uc1608.c.o
Using previously compiled file: /home/dejiguru/Arduino/ellabox/build-ellabox/libraries/U8g2/clib/u8x8_d_uc1609.c.o
Using previously compiled file: /home/dejiguru/Arduino/ellabox/build-ellabox/libraries/U8g2/clib/u8x8_d_uc1610.c.o
Using previously compiled file: /home/dejiguru/Arduino/ellabox/build-ellabox/libraries/U8g2/clib/u8x8_d_uc1611.c.o
Using previously compiled file: /home/dejiguru/Arduino/ellabox/build-ellabox/libraries/U8g2/clib/u8x8_d_uc1617.c.o
Using previously compiled file: /home/dejiguru/Arduino/ellabox/build-ellabox/libraries/U8g2/clib/u8x8_d_uc1628.c.o
Using previously compiled file: /home/dejiguru/Arduino/ellabox/build-ellabox/libraries/U8g2/clib/u8x8_d_uc1638.c.o
Using previously compiled file: /home/dejiguru/Arduino/ellabox/build-ellabox/libraries/U8g2/clib/u8x8_d_uc1701_dogs102.c.o
Using previously compiled file: /home/dejiguru/Arduino/ellabox/build-ellabox/libraries/U8g2/clib/u8x8_d_uc1701_mini12864.c.o
Using previously compiled file: /home/dejiguru/Arduino/ellabox/build-ellabox/libraries/U8g2/clib/u8x8_display.c.o
Using previously compiled file: /home/dejiguru/Arduino/ellabox/build-ellabox/libraries/U8g2/clib/u8x8_debounce.c.o
Using previously compiled file: /home/dejiguru/Arduino/ellabox/build-ellabox/libraries/U8g2/clib/u8x8_input_value.c.o
Using previously compiled file: /home/dejiguru/Arduino/ellabox/build-ellabox/libraries/U8g2/clib/u8x8_gpio.c.o
Using previously compiled file: /home/dejiguru/Arduino/ellabox/build-ellabox/libraries/U8g2/clib/u8x8_fonts.c.o
Using previously compiled file: /home/dejiguru/Arduino/ellabox/build-ellabox/libraries/U8g2/clib/u8x8_message.c.o
Using previously compiled file: /home/dejiguru/Arduino/ellabox/build-ellabox/libraries/U8g2/clib/u8x8_selection_list.c.o
Using previously compiled file: /home/dejiguru/Arduino/ellabox/build-ellabox/libraries/U8g2/clib/u8x8_setup.c.o
Using previously compiled file: /home/dejiguru/Arduino/ellabox/build-ellabox/libraries/U8g2/clib/u8x8_string.c.o
Using previously compiled file: /home/dejiguru/Arduino/ellabox/build-ellabox/libraries/U8g2/clib/u8x8_u8toa.c.o
Using previously compiled file: /home/dejiguru/Arduino/ellabox/build-ellabox/libraries/U8g2/clib/u8x8_u16toa.c.o
Compiling library "Firebase Arduino Client Library for ESP8266 and ESP32"
Using previously compiled file: /home/dejiguru/Arduino/ellabox/build-ellabox/libraries/Firebase_Arduino_Client_Library_for_ESP8266_and_ESP32/client/SSLClient/bssl/aes_big_cbcdec.c.o
Using previously compiled file: /home/dejiguru/Arduino/ellabox/build-ellabox/libraries/Firebase_Arduino_Client_Library_for_ESP8266_and_ESP32/client/SSLClient/bssl/aes_big_ctrcbc.c.o
Using previously compiled file: /home/dejiguru/Arduino/ellabox/build-ellabox/libraries/Firebase_Arduino_Client_Library_for_ESP8266_and_ESP32/Firebase.cpp.o
Using previously compiled file: /home/dejiguru/Arduino/ellabox/build-ellabox/libraries/Firebase_Arduino_Client_Library_for_ESP8266_and_ESP32/client/SSLClient/bssl/aes_big_dec.c.o
Using previously compiled file: /home/dejiguru/Arduino/ellabox/build-ellabox/libraries/Firebase_Arduino_Client_Library_for_ESP8266_and_ESP32/client/SSLClient/bssl/aes_big_ctr.c.o
Using previously compiled file: /home/dejiguru/Arduino/ellabox/build-ellabox/libraries/Firebase_Arduino_Client_Library_for_ESP8266_and_ESP32/client/SSLClient/bssl/aes_ct.c.o
Using previously compiled file: /home/dejiguru/Arduino/ellabox/build-ellabox/libraries/Firebase_Arduino_Client_Library_for_ESP8266_and_ESP32/client/SSLClient/bssl/aes_big_enc.c.o
Using previously compiled file: /home/dejiguru/Arduino/ellabox/build-ellabox/libraries/Firebase_Arduino_Client_Library_for_ESP8266_and_ESP32/client/SSLClient/bssl/aes_common.c.o
Using previously compiled file: /home/dejiguru/Arduino/ellabox/build-ellabox/libraries/Firebase_Arduino_Client_Library_for_ESP8266_and_ESP32/client/SSLClient/bssl/aes_ct64.c.o
Using previously compiled file: /home/dejiguru/Arduino/ellabox/build-ellabox/libraries/Firebase_Arduino_Client_Library_for_ESP8266_and_ESP32/client/SSLClient/bssl/aes_ct64_ctr.c.o
Using previously compiled file: /home/dejiguru/Arduino/ellabox/build-ellabox/libraries/Firebase_Arduino_Client_Library_for_ESP8266_and_ESP32/client/SSLClient/bssl/aes_big_cbcenc.c.o
Using previously compiled file: /home/dejiguru/Arduino/ellabox/build-ellabox/libraries/Firebase_Arduino_Client_Library_for_ESP8266_and_ESP32/client/SSLClient/bssl/aes_ct64_dec.c.o
Using previously compiled file: /home/dejiguru/Arduino/ellabox/build-ellabox/libraries/Firebase_Arduino_Client_Library_for_ESP8266_and_ESP32/client/SSLClient/bssl/aes_ct64_ctrcbc.c.o
Using previously compiled file: /home/dejiguru/Arduino/ellabox/build-ellabox/libraries/Firebase_Arduino_Client_Library_for_ESP8266_and_ESP32/client/SSLClient/bssl/aes_ct64_cbcenc.c.o
Using previously compiled file: /home/dejiguru/Arduino/ellabox/build-ellabox/libraries/Firebase_Arduino_Client_Library_for_ESP8266_and_ESP32/client/SSLClient/bssl/aes_ct64_cbcdec.c.o
Using previously compiled file: /home/dejiguru/Arduino/ellabox/build-ellabox/libraries/Firebase_Arduino_Client_Library_for_ESP8266_and_ESP32/client/SSLClient/bssl/aes_ct64_enc.c.o
Using previously compiled file: /home/dejiguru/Arduino/ellabox/build-ellabox/libraries/Firebase_Arduino_Client_Library_for_ESP8266_and_ESP32/client/SSLClient/bssl/aes_ct_cbcdec.c.o
Using previously compiled file: /home/dejiguru/Arduino/ellabox/build-ellabox/libraries/Firebase_Arduino_Client_Library_for_ESP8266_and_ESP32/client/SSLClient/bssl/aes_ct_ctrcbc.c.o
Using previously compiled file: /home/dejiguru/Arduino/ellabox/build-ellabox/libraries/Firebase_Arduino_Client_Library_for_ESP8266_and_ESP32/client/SSLClient/bssl/aes_ct_cbcenc.c.o
Using previously compiled file: /home/dejiguru/Arduino/ellabox/build-ellabox/libraries/Firebase_Arduino_Client_Library_for_ESP8266_and_ESP32/client/SSLClient/bssl/aes_ct_dec.c.o
Using previously compiled file: /home/dejiguru/Arduino/ellabox/build-ellabox/libraries/Firebase_Arduino_Client_Library_for_ESP8266_and_ESP32/client/SSLClient/bssl/aes_ct_ctr.c.o
Using previously compiled file: /home/dejiguru/Arduino/ellabox/build-ellabox/libraries/Firebase_Arduino_Client_Library_for_ESP8266_and_ESP32/client/SSLClient/bssl/aes_ct_enc.c.o
Using previously compiled file: /home/dejiguru/Arduino/ellabox/build-ellabox/libraries/Firebase_Arduino_Client_Library_for_ESP8266_and_ESP32/client/SSLClient/bssl/aes_pwr8_cbcdec.c.o
Using previously compiled file: /home/dejiguru/Arduino/ellabox/build-ellabox/libraries/Firebase_Arduino_Client_Library_for_ESP8266_and_ESP32/client/SSLClient/bssl/aes_pwr8_cbcenc.c.o
Using previously compiled file: /home/dejiguru/Arduino/ellabox/build-ellabox/libraries/Firebase_Arduino_Client_Library_for_ESP8266_and_ESP32/client/SSLClient/bssl/aes_pwr8_ctr.c.o
Using previously compiled file: /home/dejiguru/Arduino/ellabox/build-ellabox/libraries/Firebase_Arduino_Client_Library_for_ESP8266_and_ESP32/client/SSLClient/bssl/aes_small_cbcdec.c.o
Using previously compiled file: /home/dejiguru/Arduino/ellabox/build-ellabox/libraries/Firebase_Arduino_Client_Library_for_ESP8266_and_ESP32/client/SSLClient/bssl/aes_pwr8.c.o
Using previously compiled file: /home/dejiguru/Arduino/ellabox/build-ellabox/libraries/Firebase_Arduino_Client_Library_for_ESP8266_and_ESP32/client/SSLClient/bssl/aes_pwr8_ctrcbc.c.o
Using previously compiled file: /home/dejiguru/Arduino/ellabox/build-ellabox/libraries/Firebase_Arduino_Client_Library_for_ESP8266_and_ESP32/client/SSLClient/bssl/aes_small_ctr.c.o
Using previously compiled file: /home/dejiguru/Arduino/ellabox/build-ellabox/libraries/Firebase_Arduino_Client_Library_for_ESP8266_and_ESP32/client/SSLClient/bssl/aes_small_enc.c.o
Using previously compiled file: /home/dejiguru/Arduino/ellabox/build-ellabox/libraries/Firebase_Arduino_Client_Library_for_ESP8266_and_ESP32/client/SSLClient/bssl/aes_small_dec.c.o
Using previously compiled file: /home/dejiguru/Arduino/ellabox/build-ellabox/libraries/Firebase_Arduino_Client_Library_for_ESP8266_and_ESP32/client/SSLClient/bssl/aes_small_ctrcbc.c.o
Using previously compiled file: /home/dejiguru/Arduino/ellabox/build-ellabox/libraries/Firebase_Arduino_Client_Library_for_ESP8266_and_ESP32/client/SSLClient/bssl/aes_x86ni.c.o
Using previously compiled file: /home/dejiguru/Arduino/ellabox/build-ellabox/libraries/Firebase_Arduino_Client_Library_for_ESP8266_and_ESP32/client/SSLClient/bssl/aes_x86ni_cbcenc.c.o
Using previously compiled file: /home/dejiguru/Arduino/ellabox/build-ellabox/libraries/Firebase_Arduino_Client_Library_for_ESP8266_and_ESP32/client/SSLClient/bssl/aes_x86ni_cbcdec.c.o
Using previously compiled file: /home/dejiguru/Arduino/ellabox/build-ellabox/libraries/Firebase_Arduino_Client_Library_for_ESP8266_and_ESP32/client/SSLClient/bssl/aes_small_cbcenc.c.o
Using previously compiled file: /home/dejiguru/Arduino/ellabox/build-ellabox/libraries/Firebase_Arduino_Client_Library_for_ESP8266_and_ESP32/client/SSLClient/bssl/aesctr_drbg.c.o
Using previously compiled file: /home/dejiguru/Arduino/ellabox/build-ellabox/libraries/Firebase_Arduino_Client_Library_for_ESP8266_and_ESP32/client/SSLClient/bssl/asn1enc.c.o
Using previously compiled file: /home/dejiguru/Arduino/ellabox/build-ellabox/libraries/Firebase_Arduino_Client_Library_for_ESP8266_and_ESP32/client/SSLClient/bssl/aes_x86ni_ctr.c.o
Using previously compiled file: /home/dejiguru/Arduino/ellabox/build-ellabox/libraries/Firebase_Arduino_Client_Library_for_ESP8266_and_ESP32/client/SSLClient/bssl/chacha20_ct.c.o
Using previously compiled file: /home/dejiguru/Arduino/ellabox/build-ellabox/libraries/Firebase_Arduino_Client_Library_for_ESP8266_and_ESP32/client/SSLClient/bssl/aes_x86ni_ctrcbc.c.o
Using previously compiled file: /home/dejiguru/Arduino/ellabox/build-ellabox/libraries/Firebase_Arduino_Client_Library_for_ESP8266_and_ESP32/client/SSLClient/bssl/ccopy.c.o
Using previously compiled file: /home/dejiguru/Arduino/ellabox/build-ellabox/libraries/Firebase_Arduino_Client_Library_for_ESP8266_and_ESP32/client/SSLClient/bssl/chacha20_sse2.c.o
Using previously compiled file: /home/dejiguru/Arduino/ellabox/build-ellabox/libraries/Firebase_Arduino_Client_Library_for_ESP8266_and_ESP32/client/SSLClient/bssl/dec16be.c.o
Using previously compiled file: /home/dejiguru/Arduino/ellabox/build-ellabox/libraries/Firebase_Arduino_Client_Library_for_ESP8266_and_ESP32/client/SSLClient/bssl/dec32be.c.o
Using previously compiled file: /home/dejiguru/Arduino/ellabox/build-ellabox/libraries/Firebase_Arduino_Client_Library_for_ESP8266_and_ESP32/client/SSLClient/bssl/dec32le.c.o
Using previously compiled file: /home/dejiguru/Arduino/ellabox/build-ellabox/libraries/Firebase_Arduino_Client_Library_for_ESP8266_and_ESP32/client/SSLClient/bssl/ccm.c.o
Using previously compiled file: /home/dejiguru/Arduino/ellabox/build-ellabox/libraries/Firebase_Arduino_Client_Library_for_ESP8266_and_ESP32/client/SSLClient/bssl/dec64le.c.o
Using previously compiled file: /home/dejiguru/Arduino/ellabox/build-ellabox/libraries/Firebase_Arduino_Client_Library_for_ESP8266_and_ESP32/client/SSLClient/bssl/dec16le.c.o
Using previously compiled file: /home/dejiguru/Arduino/ellabox/build-ellabox/libraries/Firebase_Arduino_Client_Library_for_ESP8266_and_ESP32/client/SSLClient/bssl/des_ct_cbcenc.c.o
Using previously compiled file: /home/dejiguru/Arduino/ellabox/build-ellabox/libraries/Firebase_Arduino_Client_Library_for_ESP8266_and_ESP32/client/SSLClient/bssl/des_support.c.o
Using previously compiled file: /home/dejiguru/Arduino/ellabox/build-ellabox/libraries/Firebase_Arduino_Client_Library_for_ESP8266_and_ESP32/client/SSLClient/bssl/des_tab.c.o
Using previously compiled file: /home/dejiguru/Arduino/ellabox/build-ellabox/libraries/Firebase_Arduino_Client_Library_for_ESP8266_and_ESP32/client/SSLClient/bssl/des_ct_cbcdec.c.o
Using previously compiled file: /home/dejiguru/Arduino/ellabox/build-ellabox/libraries/Firebase_Arduino_Client_Library_for_ESP8266_and_ESP32/client/SSLClient/bssl/dec64be.c.o
Using previously compiled file: /home/dejiguru/Arduino/ellabox/build-ellabox/libraries/Firebase_Arduino_Client_Library_for_ESP8266_and_ESP32/client/SSLClient/bssl/des_ct.c.o
Using previously compiled file: /home/dejiguru/Arduino/ellabox/build-ellabox/libraries/Firebase_Arduino_Client_Library_for_ESP8266_and_ESP32/client/SSLClient/bssl/des_tab_cbcenc.c.o
Using previously compiled file: /home/dejiguru/Arduino/ellabox/build-ellabox/libraries/Firebase_Arduino_Client_Library_for_ESP8266_and_ESP32/client/SSLClient/bssl/dig_size.c.o
Using previously compiled file: /home/dejiguru/Arduino/ellabox/build-ellabox/libraries/Firebase_Arduino_Client_Library_for_ESP8266_and_ESP32/client/SSLClient/bssl/dig_oid.c.o
Using previously compiled file: /home/dejiguru/Arduino/ellabox/build-ellabox/libraries/Firebase_Arduino_Client_Library_for_ESP8266_and_ESP32/client/SSLClient/bssl/eax.c.o
Using previously compiled file: /home/dejiguru/Arduino/ellabox/build-ellabox/libraries/Firebase_Arduino_Client_Library_for_ESP8266_and_ESP32/client/SSLClient/bssl/ec_all_m15.c.o
Using previously compiled file: /home/dejiguru/Arduino/ellabox/build-ellabox/libraries/Firebase_Arduino_Client_Library_for_ESP8266_and_ESP32/client/SSLClient/bssl/ec_c25519_i15.c.o
Using previously compiled file: /home/dejiguru/Arduino/ellabox/build-ellabox/libraries/Firebase_Arduino_Client_Library_for_ESP8266_and_ESP32/client/SSLClient/bssl/des_tab_cbcdec.c.o
Using previously compiled file: /home/dejiguru/Arduino/ellabox/build-ellabox/libraries/Firebase_Arduino_Client_Library_for_ESP8266_and_ESP32/client/SSLClient/bssl/ec_all_m31.c.o
Using previously compiled file: /home/dejiguru/Arduino/ellabox/build-ellabox/libraries/Firebase_Arduino_Client_Library_for_ESP8266_and_ESP32/client/SSLClient/bssl/ec_c25519_i31.c.o
Using previously compiled file: /home/dejiguru/Arduino/ellabox/build-ellabox/libraries/Firebase_Arduino_Client_Library_for_ESP8266_and_ESP32/client/SSLClient/bssl/ec_c25519_m62.c.o
Using previously compiled file: /home/dejiguru/Arduino/ellabox/build-ellabox/libraries/Firebase_Arduino_Client_Library_for_ESP8266_and_ESP32/client/SSLClient/bssl/ec_c25519_m31.c.o
Using previously compiled file: /home/dejiguru/Arduino/ellabox/build-ellabox/libraries/Firebase_Arduino_Client_Library_for_ESP8266_and_ESP32/client/SSLClient/bssl/ec_c25519_m15.c.o
Using previously compiled file: /home/dejiguru/Arduino/ellabox/build-ellabox/libraries/Firebase_Arduino_Client_Library_for_ESP8266_and_ESP32/client/SSLClient/bssl/ec_c25519_m64.c.o
Using previously compiled file: /home/dejiguru/Arduino/ellabox/build-ellabox/libraries/Firebase_Arduino_Client_Library_for_ESP8266_and_ESP32/client/SSLClient/bssl/ec_keygen.c.o
Using previously compiled file: /home/dejiguru/Arduino/ellabox/build-ellabox/libraries/Firebase_Arduino_Client_Library_for_ESP8266_and_ESP32/client/SSLClient/bssl/ec_default.c.o
Using previously compiled file: /home/dejiguru/Arduino/ellabox/build-ellabox/libraries/Firebase_Arduino_Client_Library_for_ESP8266_and_ESP32/client/SSLClient/bssl/ec_curve25519.c.o
Using previously compiled file: /home/dejiguru/Arduino/ellabox/build-ellabox/libraries/Firebase_Arduino_Client_Library_for_ESP8266_and_ESP32/client/SSLClient/bssl/ec_p256_m62.c.o
Using previously compiled file: /home/dejiguru/Arduino/ellabox/build-ellabox/libraries/Firebase_Arduino_Client_Library_for_ESP8266_and_ESP32/client/SSLClient/bssl/ec_p256_m31.c.o
Using previously compiled file: /home/dejiguru/Arduino/ellabox/build-ellabox/libraries/Firebase_Arduino_Client_Library_for_ESP8266_and_ESP32/client/SSLClient/bssl/ec_p256_m15.c.o
Using previously compiled file: /home/dejiguru/Arduino/ellabox/build-ellabox/libraries/Firebase_Arduino_Client_Library_for_ESP8266_and_ESP32/client/SSLClient/bssl/ec_prime_i15.c.o
Using previously compiled file: /home/dejiguru/Arduino/ellabox/build-ellabox/libraries/Firebase_Arduino_Client_Library_for_ESP8266_and_ESP32/client/SSLClient/bssl/ec_secp256r1.c.o
Using previously compiled file: /home/dejiguru/Arduino/ellabox/build-ellabox/libraries/Firebase_Arduino_Client_Library_for_ESP8266_and_ESP32/client/SSLClient/bssl/ec_prime_i31.c.o
Using previously compiled file: /home/dejiguru/Arduino/ellabox/build-ellabox/libraries/Firebase_Arduino_Client_Library_for_ESP8266_and_ESP32/client/SSLClient/bssl/ec_p256_m64.c.o
Using previously compiled file: /home/dejiguru/Arduino/ellabox/build-ellabox/libraries/Firebase_Arduino_Client_Library_for_ESP8266_and_ESP32/client/SSLClient/bssl/ec_secp384r1.c.o
Using previously compiled file: /home/dejiguru/Arduino/ellabox/build-ellabox/libraries/Firebase_Arduino_Client_Library_for_ESP8266_and_ESP32/client/SSLClient/bssl/ec_pubkey.c.o
Using previously compiled file: /home/dejiguru/Arduino/ellabox/build-ellabox/libraries/Firebase_Arduino_Client_Library_for_ESP8266_and_ESP32/client/SSLClient/bssl/ec_secp521r1.c.o
Using previously compiled file: /home/dejiguru/Arduino/ellabox/build-ellabox/libraries/Firebase_Arduino_Client_Library_for_ESP8266_and_ESP32/client/SSLClient/bssl/ecdsa_default_sign_asn1.c.o
Using previously compiled file: /home/dejiguru/Arduino/ellabox/build-ellabox/libraries/Firebase_Arduino_Client_Library_for_ESP8266_and_ESP32/client/SSLClient/bssl/ecdsa_default_vrfy_asn1.c.o
Using previously compiled file: /home/dejiguru/Arduino/ellabox/build-ellabox/libraries/Firebase_Arduino_Client_Library_for_ESP8266_and_ESP32/client/SSLClient/bssl/ecdsa_default_sign_raw.c.o
Using previously compiled file: /home/dejiguru/Arduino/ellabox/build-ellabox/libraries/Firebase_Arduino_Client_Library_for_ESP8266_and_ESP32/client/SSLClient/bssl/ecdsa_atr.c.o
Using previously compiled file: /home/dejiguru/Arduino/ellabox/build-ellabox/libraries/Firebase_Arduino_Client_Library_for_ESP8266_and_ESP32/client/SSLClient/bssl/ecdsa_i15_bits.c.o
Using previously compiled file: /home/dejiguru/Arduino/ellabox/build-ellabox/libraries/Firebase_Arduino_Client_Library_for_ESP8266_and_ESP32/client/SSLClient/bssl/ecdsa_default_vrfy_raw.c.o
Using previously compiled file: /home/dejiguru/Arduino/ellabox/build-ellabox/libraries/Firebase_Arduino_Client_Library_for_ESP8266_and_ESP32/client/SSLClient/bssl/ecdsa_i15_sign_raw.c.o
Using previously compiled file: /home/dejiguru/Arduino/ellabox/build-ellabox/libraries/Firebase_Arduino_Client_Library_for_ESP8266_and_ESP32/client/SSLClient/bssl/ecdsa_i15_sign_asn1.c.o
Using previously compiled file: /home/dejiguru/Arduino/ellabox/build-ellabox/libraries/Firebase_Arduino_Client_Library_for_ESP8266_and_ESP32/client/SSLClient/bssl/ecdsa_i15_vrfy_asn1.c.o
Using previously compiled file: /home/dejiguru/Arduino/ellabox/build-ellabox/libraries/Firebase_Arduino_Client_Library_for_ESP8266_and_ESP32/client/SSLClient/bssl/ecdsa_i15_vrfy_raw.c.o
Using previously compiled file: /home/dejiguru/Arduino/ellabox/build-ellabox/libraries/Firebase_Arduino_Client_Library_for_ESP8266_and_ESP32/client/SSLClient/bssl/ecdsa_i31_sign_asn1.c.o
Using previously compiled file: /home/dejiguru/Arduino/ellabox/build-ellabox/libraries/Firebase_Arduino_Client_Library_for_ESP8266_and_ESP32/client/SSLClient/bssl/ecdsa_i31_bits.c.o
Using previously compiled file: /home/dejiguru/Arduino/ellabox/build-ellabox/libraries/Firebase_Arduino_Client_Library_for_ESP8266_and_ESP32/client/SSLClient/bssl/ecdsa_i31_sign_raw.c.o
Using previously compiled file: /home/dejiguru/Arduino/ellabox/build-ellabox/libraries/Firebase_Arduino_Client_Library_for_ESP8266_and_ESP32/client/SSLClient/bssl/enc16be.c.o
Using previously compiled file: /home/dejiguru/Arduino/ellabox/build-ellabox/libraries/Firebase_Arduino_Client_Library_for_ESP8266_and_ESP32/client/SSLClient/bssl/ecdsa_rta.c.o
Using previously compiled file: /home/dejiguru/Arduino/ellabox/build-ellabox/libraries/Firebase_Arduino_Client_Library_for_ESP8266_and_ESP32/client/SSLClient/bssl/ecdsa_i31_vrfy_raw.c.o
Using previously compiled file: /home/dejiguru/Arduino/ellabox/build-ellabox/libraries/Firebase_Arduino_Client_Library_for_ESP8266_and_ESP32/client/SSLClient/bssl/ecdsa_i31_vrfy_asn1.c.o
Using previously compiled file: /home/dejiguru/Arduino/ellabox/build-ellabox/libraries/Firebase_Arduino_Client_Library_for_ESP8266_and_ESP32/client/SSLClient/bssl/enc16le.c.o
Using previously compiled file: /home/dejiguru/Arduino/ellabox/build-ellabox/libraries/Firebase_Arduino_Client_Library_for_ESP8266_and_ESP32/client/SSLClient/bssl/enc32be.c.o
Using previously compiled file: /home/dejiguru/Arduino/ellabox/build-ellabox/libraries/Firebase_Arduino_Client_Library_for_ESP8266_and_ESP32/client/SSLClient/bssl/enc32le.c.o
Using previously compiled file: /home/dejiguru/Arduino/ellabox/build-ellabox/libraries/Firebase_Arduino_Client_Library_for_ESP8266_and_ESP32/client/SSLClient/bssl/enc64be.c.o
Using previously compiled file: /home/dejiguru/Arduino/ellabox/build-ellabox/libraries/Firebase_Arduino_Client_Library_for_ESP8266_and_ESP32/client/SSLClient/bssl/encode_ec_rawder.c.o
Using previously compiled file: /home/dejiguru/Arduino/ellabox/build-ellabox/libraries/Firebase_Arduino_Client_Library_for_ESP8266_and_ESP32/client/SSLClient/bssl/enc64le.c.o
Using previously compiled file: /home/dejiguru/Arduino/ellabox/build-ellabox/libraries/Firebase_Arduino_Client_Library_for_ESP8266_and_ESP32/client/SSLClient/bssl/encode_ec_pk8der.c.o
Using previously compiled file: /home/dejiguru/Arduino/ellabox/build-ellabox/libraries/Firebase_Arduino_Client_Library_for_ESP8266_and_ESP32/client/SSLClient/bssl/encode_rsa_rawder.c.o
Using previously compiled file: /home/dejiguru/Arduino/ellabox/build-ellabox/libraries/Firebase_Arduino_Client_Library_for_ESP8266_and_ESP32/client/SSLClient/bssl/encode_rsa_pk8der.c.o
Using previously compiled file: /home/dejiguru/Arduino/ellabox/build-ellabox/libraries/Firebase_Arduino_Client_Library_for_ESP8266_and_ESP32/client/SSLClient/bssl/ghash_ctmul.c.o
Using previously compiled file: /home/dejiguru/Arduino/ellabox/build-ellabox/libraries/Firebase_Arduino_Client_Library_for_ESP8266_and_ESP32/client/SSLClient/bssl/gcm.c.o
Using previously compiled file: /home/dejiguru/Arduino/ellabox/build-ellabox/libraries/Firebase_Arduino_Client_Library_for_ESP8266_and_ESP32/client/SSLClient/bssl/ghash_pclmul.c.o
Using previously compiled file: /home/dejiguru/Arduino/ellabox/build-ellabox/libraries/Firebase_Arduino_Client_Library_for_ESP8266_and_ESP32/client/SSLClient/bssl/ghash_ctmul32.c.o
Using previously compiled file: /home/dejiguru/Arduino/ellabox/build-ellabox/libraries/Firebase_Arduino_Client_Library_for_ESP8266_and_ESP32/client/SSLClient/bssl/ghash_ctmul64.c.o
Using previously compiled file: /home/dejiguru/Arduino/ellabox/build-ellabox/libraries/Firebase_Arduino_Client_Library_for_ESP8266_and_ESP32/client/SSLClient/bssl/hkdf.c.o
Using previously compiled file: /home/dejiguru/Arduino/ellabox/build-ellabox/libraries/Firebase_Arduino_Client_Library_for_ESP8266_and_ESP32/client/SSLClient/bssl/hmac_ct.c.o
Using previously compiled file: /home/dejiguru/Arduino/ellabox/build-ellabox/libraries/Firebase_Arduino_Client_Library_for_ESP8266_and_ESP32/client/SSLClient/bssl/hmac.c.o
Using previously compiled file: /home/dejiguru/Arduino/ellabox/build-ellabox/libraries/Firebase_Arduino_Client_Library_for_ESP8266_and_ESP32/client/SSLClient/bssl/ghash_pwr8.c.o
Using previously compiled file: /home/dejiguru/Arduino/ellabox/build-ellabox/libraries/Firebase_Arduino_Client_Library_for_ESP8266_and_ESP32/client/SSLClient/bssl/i15_bitlen.c.o
Using previously compiled file: /home/dejiguru/Arduino/ellabox/build-ellabox/libraries/Firebase_Arduino_Client_Library_for_ESP8266_and_ESP32/client/SSLClient/bssl/i15_add.c.o
Using previously compiled file: /home/dejiguru/Arduino/ellabox/build-ellabox/libraries/Firebase_Arduino_Client_Library_for_ESP8266_and_ESP32/client/SSLClient/bssl/i15_decmod.c.o
Using previously compiled file: /home/dejiguru/Arduino/ellabox/build-ellabox/libraries/Firebase_Arduino_Client_Library_for_ESP8266_and_ESP32/client/SSLClient/bssl/hmac_drbg.c.o
Using previously compiled file: /home/dejiguru/Arduino/ellabox/build-ellabox/libraries/Firebase_Arduino_Client_Library_for_ESP8266_and_ESP32/client/SSLClient/bssl/i15_encode.c.o
Using previously compiled file: /home/dejiguru/Arduino/ellabox/build-ellabox/libraries/Firebase_Arduino_Client_Library_for_ESP8266_and_ESP32/client/SSLClient/bssl/i15_decred.c.o
Using previously compiled file: /home/dejiguru/Arduino/ellabox/build-ellabox/libraries/Firebase_Arduino_Client_Library_for_ESP8266_and_ESP32/client/SSLClient/bssl/i15_fmont.c.o
Using previously compiled file: /home/dejiguru/Arduino/ellabox/build-ellabox/libraries/Firebase_Arduino_Client_Library_for_ESP8266_and_ESP32/client/SSLClient/bssl/i15_moddiv.c.o
Using previously compiled file: /home/dejiguru/Arduino/ellabox/build-ellabox/libraries/Firebase_Arduino_Client_Library_for_ESP8266_and_ESP32/client/SSLClient/bssl/i15_modpow.c.o
Using previously compiled file: /home/dejiguru/Arduino/ellabox/build-ellabox/libraries/Firebase_Arduino_Client_Library_for_ESP8266_and_ESP32/client/SSLClient/bssl/i15_iszero.c.o
Using previously compiled file: /home/dejiguru/Arduino/ellabox/build-ellabox/libraries/Firebase_Arduino_Client_Library_for_ESP8266_and_ESP32/client/SSLClient/bssl/i15_decode.c.o
Using previously compiled file: /home/dejiguru/Arduino/ellabox/build-ellabox/libraries/Firebase_Arduino_Client_Library_for_ESP8266_and_ESP32/client/SSLClient/bssl/i15_montmul.c.o
Using previously compiled file: /home/dejiguru/Arduino/ellabox/build-ellabox/libraries/Firebase_Arduino_Client_Library_for_ESP8266_and_ESP32/client/SSLClient/bssl/i15_modpow2.c.o
Using previously compiled file: /home/dejiguru/Arduino/ellabox/build-ellabox/libraries/Firebase_Arduino_Client_Library_for_ESP8266_and_ESP32/client/SSLClient/bssl/i15_ninv15.c.o
Using previously compiled file: /home/dejiguru/Arduino/ellabox/build-ellabox/libraries/Firebase_Arduino_Client_Library_for_ESP8266_and_ESP32/client/SSLClient/bssl/i15_muladd.c.o
Using previously compiled file: /home/dejiguru/Arduino/ellabox/build-ellabox/libraries/Firebase_Arduino_Client_Library_for_ESP8266_and_ESP32/client/SSLClient/bssl/i15_mulacc.c.o
Using previously compiled file: /home/dejiguru/Arduino/ellabox/build-ellabox/libraries/Firebase_Arduino_Client_Library_for_ESP8266_and_ESP32/client/SSLClient/bssl/i15_reduce.c.o
Using previously compiled file: /home/dejiguru/Arduino/ellabox/build-ellabox/libraries/Firebase_Arduino_Client_Library_for_ESP8266_and_ESP32/client/SSLClient/bssl/i15_rshift.c.o
Using previously compiled file: /home/dejiguru/Arduino/ellabox/build-ellabox/libraries/Firebase_Arduino_Client_Library_for_ESP8266_and_ESP32/client/SSLClient/bssl/i15_sub.c.o
Using previously compiled file: /home/dejiguru/Arduino/ellabox/build-ellabox/libraries/Firebase_Arduino_Client_Library_for_ESP8266_and_ESP32/client/SSLClient/bssl/i15_tmont.c.o
Using previously compiled file: /home/dejiguru/Arduino/ellabox/build-ellabox/libraries/Firebase_Arduino_Client_Library_for_ESP8266_and_ESP32/client/SSLClient/bssl/i31_bitlen.c.o
Using previously compiled file: /home/dejiguru/Arduino/ellabox/build-ellabox/libraries/Firebase_Arduino_Client_Library_for_ESP8266_and_ESP32/client/SSLClient/bssl/i31_decred.c.o
Using previously compiled file: /home/dejiguru/Arduino/ellabox/build-ellabox/libraries/Firebase_Arduino_Client_Library_for_ESP8266_and_ESP32/client/SSLClient/bssl/i31_decode.c.o
Using previously compiled file: /home/dejiguru/Arduino/ellabox/build-ellabox/libraries/Firebase_Arduino_Client_Library_for_ESP8266_and_ESP32/client/SSLClient/bssl/i31_decmod.c.o
Using previously compiled file: /home/dejiguru/Arduino/ellabox/build-ellabox/libraries/Firebase_Arduino_Client_Library_for_ESP8266_and_ESP32/client/SSLClient/bssl/i31_add.c.o
Using previously compiled file: /home/dejiguru/Arduino/ellabox/build-ellabox/libraries/Firebase_Arduino_Client_Library_for_ESP8266_and_ESP32/client/SSLClient/bssl/i31_encode.c.o
Using previously compiled file: /home/dejiguru/Arduino/ellabox/build-ellabox/libraries/Firebase_Arduino_Client_Library_for_ESP8266_and_ESP32/client/SSLClient/bssl/i31_modpow.c.o
Using previously compiled file: /home/dejiguru/Arduino/ellabox/build-ellabox/libraries/Firebase_Arduino_Client_Library_for_ESP8266_and_ESP32/client/SSLClient/bssl/i31_iszero.c.o
Using previously compiled file: /home/dejiguru/Arduino/ellabox/build-ellabox/libraries/Firebase_Arduino_Client_Library_for_ESP8266_and_ESP32/client/SSLClient/bssl/i31_moddiv.c.o
Using previously compiled file: /home/dejiguru/Arduino/ellabox/build-ellabox/libraries/Firebase_Arduino_Client_Library_for_ESP8266_and_ESP32/client/SSLClient/bssl/i31_fmont.c.o
Using previously compiled file: /home/dejiguru/Arduino/ellabox/build-ellabox/libraries/Firebase_Arduino_Client_Library_for_ESP8266_and_ESP32/client/SSLClient/bssl/i31_mulacc.c.o
Using previously compiled file: /home/dejiguru/Arduino/ellabox/build-ellabox/libraries/Firebase_Arduino_Client_Library_for_ESP8266_and_ESP32/client/SSLClient/bssl/i31_ninv31.c.o
Using previously compiled file: /home/dejiguru/Arduino/ellabox/build-ellabox/libraries/Firebase_Arduino_Client_Library_for_ESP8266_and_ESP32/client/SSLClient/bssl/i31_muladd.c.o
Using previously compiled file: /home/dejiguru/Arduino/ellabox/build-ellabox/libraries/Firebase_Arduino_Client_Library_for_ESP8266_and_ESP32/client/SSLClient/bssl/i31_montmul.c.o
Using previously compiled file: /home/dejiguru/Arduino/ellabox/build-ellabox/libraries/Firebase_Arduino_Client_Library_for_ESP8266_and_ESP32/client/SSLClient/bssl/i31_modpow2.c.o
Using previously compiled file: /home/dejiguru/Arduino/ellabox/build-ellabox/libraries/Firebase_Arduino_Client_Library_for_ESP8266_and_ESP32/client/SSLClient/bssl/i31_rshift.c.o
Using previously compiled file: /home/dejiguru/Arduino/ellabox/build-ellabox/libraries/Firebase_Arduino_Client_Library_for_ESP8266_and_ESP32/client/SSLClient/bssl/i31_tmont.c.o
Using previously compiled file: /home/dejiguru/Arduino/ellabox/build-ellabox/libraries/Firebase_Arduino_Client_Library_for_ESP8266_and_ESP32/client/SSLClient/bssl/i31_reduce.c.o
Using previously compiled file: /home/dejiguru/Arduino/ellabox/build-ellabox/libraries/Firebase_Arduino_Client_Library_for_ESP8266_and_ESP32/client/SSLClient/bssl/i31_sub.c.o
Using previously compiled file: /home/dejiguru/Arduino/ellabox/build-ellabox/libraries/Firebase_Arduino_Client_Library_for_ESP8266_and_ESP32/client/SSLClient/bssl/i32_bitlen.c.o
Using previously compiled file: /home/dejiguru/Arduino/ellabox/build-ellabox/libraries/Firebase_Arduino_Client_Library_for_ESP8266_and_ESP32/client/SSLClient/bssl/i32_decred.c.o
Using previously compiled file: /home/dejiguru/Arduino/ellabox/build-ellabox/libraries/Firebase_Arduino_Client_Library_for_ESP8266_and_ESP32/client/SSLClient/bssl/i32_decode.c.o
Using previously compiled file: /home/dejiguru/Arduino/ellabox/build-ellabox/libraries/Firebase_Arduino_Client_Library_for_ESP8266_and_ESP32/client/SSLClient/bssl/i32_decmod.c.o
Using previously compiled file: /home/dejiguru/Arduino/ellabox/build-ellabox/libraries/Firebase_Arduino_Client_Library_for_ESP8266_and_ESP32/client/SSLClient/bssl/i32_add.c.o
Using previously compiled file: /home/dejiguru/Arduino/ellabox/build-ellabox/libraries/Firebase_Arduino_Client_Library_for_ESP8266_and_ESP32/client/SSLClient/bssl/i32_div32.c.o
Using previously compiled file: /home/dejiguru/Arduino/ellabox/build-ellabox/libraries/Firebase_Arduino_Client_Library_for_ESP8266_and_ESP32/client/SSLClient/bssl/i32_encode.c.o
Using previously compiled file: /home/dejiguru/Arduino/ellabox/build-ellabox/libraries/Firebase_Arduino_Client_Library_for_ESP8266_and_ESP32/client/SSLClient/bssl/i32_fmont.c.o
Using previously compiled file: /home/dejiguru/Arduino/ellabox/build-ellabox/libraries/Firebase_Arduino_Client_Library_for_ESP8266_and_ESP32/client/SSLClient/bssl/i32_mulacc.c.o
Using previously compiled file: /home/dejiguru/Arduino/ellabox/build-ellabox/libraries/Firebase_Arduino_Client_Library_for_ESP8266_and_ESP32/client/SSLClient/bssl/i32_montmul.c.o
Using previously compiled file: /home/dejiguru/Arduino/ellabox/build-ellabox/libraries/Firebase_Arduino_Client_Library_for_ESP8266_and_ESP32/client/SSLClient/bssl/i32_iszero.c.o
Using previously compiled file: /home/dejiguru/Arduino/ellabox/build-ellabox/libraries/Firebase_Arduino_Client_Library_for_ESP8266_and_ESP32/client/SSLClient/bssl/i32_modpow.c.o
Using previously compiled file: /home/dejiguru/Arduino/ellabox/build-ellabox/libraries/Firebase_Arduino_Client_Library_for_ESP8266_and_ESP32/client/SSLClient/bssl/i32_muladd.c.o
Using previously compiled file: /home/dejiguru/Arduino/ellabox/build-ellabox/libraries/Firebase_Arduino_Client_Library_for_ESP8266_and_ESP32/client/SSLClient/bssl/i32_reduce.c.o
Using previously compiled file: /home/dejiguru/Arduino/ellabox/build-ellabox/libraries/Firebase_Arduino_Client_Library_for_ESP8266_and_ESP32/client/SSLClient/bssl/i32_ninv32.c.o
Using previously compiled file: /home/dejiguru/Arduino/ellabox/build-ellabox/libraries/Firebase_Arduino_Client_Library_for_ESP8266_and_ESP32/client/SSLClient/bssl/i32_tmont.c.o
Using previously compiled file: /home/dejiguru/Arduino/ellabox/build-ellabox/libraries/Firebase_Arduino_Client_Library_for_ESP8266_and_ESP32/client/SSLClient/bssl/i32_sub.c.o
Using previously compiled file: /home/dejiguru/Arduino/ellabox/build-ellabox/libraries/Firebase_Arduino_Client_Library_for_ESP8266_and_ESP32/client/SSLClient/bssl/md5sha1.c.o
Using previously compiled file: /home/dejiguru/Arduino/ellabox/build-ellabox/libraries/Firebase_Arduino_Client_Library_for_ESP8266_and_ESP32/client/SSLClient/bssl/md5.c.o
Using previously compiled file: /home/dejiguru/Arduino/ellabox/build-ellabox/libraries/Firebase_Arduino_Client_Library_for_ESP8266_and_ESP32/client/SSLClient/bssl/i62_modpow2.c.o
Using previously compiled file: /home/dejiguru/Arduino/ellabox/build-ellabox/libraries/Firebase_Arduino_Client_Library_for_ESP8266_and_ESP32/client/SSLClient/bssl/mgf1.c.o
Using previously compiled file: /home/dejiguru/Arduino/ellabox/build-ellabox/libraries/Firebase_Arduino_Client_Library_for_ESP8266_and_ESP32/client/SSLClient/bssl/pkey_decoder.c.o
Using previously compiled file: /home/dejiguru/Arduino/ellabox/build-ellabox/libraries/Firebase_Arduino_Client_Library_for_ESP8266_and_ESP32/client/SSLClient/bssl/pemdec.c.o
Using previously compiled file: /home/dejiguru/Arduino/ellabox/build-ellabox/libraries/Firebase_Arduino_Client_Library_for_ESP8266_and_ESP32/client/SSLClient/bssl/pemenc.c.o
Using previously compiled file: /home/dejiguru/Arduino/ellabox/build-ellabox/libraries/Firebase_Arduino_Client_Library_for_ESP8266_and_ESP32/client/SSLClient/bssl/multihash.c.o
Using previously compiled file: /home/dejiguru/Arduino/ellabox/build-ellabox/libraries/Firebase_Arduino_Client_Library_for_ESP8266_and_ESP32/client/SSLClient/bssl/poly1305_ctmul.c.o
Using previously compiled file: /home/dejiguru/Arduino/ellabox/build-ellabox/libraries/Firebase_Arduino_Client_Library_for_ESP8266_and_ESP32/client/SSLClient/bssl/poly1305_ctmul32.c.o
Using previously compiled file: /home/dejiguru/Arduino/ellabox/build-ellabox/libraries/Firebase_Arduino_Client_Library_for_ESP8266_and_ESP32/client/SSLClient/bssl/prf.c.o
Using previously compiled file: /home/dejiguru/Arduino/ellabox/build-ellabox/libraries/Firebase_Arduino_Client_Library_for_ESP8266_and_ESP32/client/SSLClient/bssl/poly1305_i15.c.o
Using previously compiled file: /home/dejiguru/Arduino/ellabox/build-ellabox/libraries/Firebase_Arduino_Client_Library_for_ESP8266_and_ESP32/client/SSLClient/bssl/poly1305_ctmulq.c.o
Using previously compiled file: /home/dejiguru/Arduino/ellabox/build-ellabox/libraries/Firebase_Arduino_Client_Library_for_ESP8266_and_ESP32/client/SSLClient/bssl/rsa_default_keygen.c.o
Using previously compiled file: /home/dejiguru/Arduino/ellabox/build-ellabox/libraries/Firebase_Arduino_Client_Library_for_ESP8266_and_ESP32/client/SSLClient/bssl/prf_md5sha1.c.o
Using previously compiled file: /home/dejiguru/Arduino/ellabox/build-ellabox/libraries/Firebase_Arduino_Client_Library_for_ESP8266_and_ESP32/client/SSLClient/bssl/prf_sha384.c.o
Using previously compiled file: /home/dejiguru/Arduino/ellabox/build-ellabox/libraries/Firebase_Arduino_Client_Library_for_ESP8266_and_ESP32/client/SSLClient/bssl/prf_sha256.c.o
Using previously compiled file: /home/dejiguru/Arduino/ellabox/build-ellabox/libraries/Firebase_Arduino_Client_Library_for_ESP8266_and_ESP32/client/SSLClient/bssl/rsa_default_modulus.c.o
Using previously compiled file: /home/dejiguru/Arduino/ellabox/build-ellabox/libraries/Firebase_Arduino_Client_Library_for_ESP8266_and_ESP32/client/SSLClient/bssl/rsa_default_oaep_decrypt.c.o
Using previously compiled file: /home/dejiguru/Arduino/ellabox/build-ellabox/libraries/Firebase_Arduino_Client_Library_for_ESP8266_and_ESP32/client/SSLClient/bssl/rsa_default_priv.c.o
Using previously compiled file: /home/dejiguru/Arduino/ellabox/build-ellabox/libraries/Firebase_Arduino_Client_Library_for_ESP8266_and_ESP32/client/SSLClient/bssl/rsa_default_pkcs1_vrfy.c.o
Using previously compiled file: /home/dejiguru/Arduino/ellabox/build-ellabox/libraries/Firebase_Arduino_Client_Library_for_ESP8266_and_ESP32/client/SSLClient/bssl/rsa_default_privexp.c.o
Using previously compiled file: /home/dejiguru/Arduino/ellabox/build-ellabox/libraries/Firebase_Arduino_Client_Library_for_ESP8266_and_ESP32/client/SSLClient/bssl/rsa_default_oaep_encrypt.c.o
Using previously compiled file: /home/dejiguru/Arduino/ellabox/build-ellabox/libraries/Firebase_Arduino_Client_Library_for_ESP8266_and_ESP32/client/SSLClient/bssl/rsa_default_pub.c.o
Using previously compiled file: /home/dejiguru/Arduino/ellabox/build-ellabox/libraries/Firebase_Arduino_Client_Library_for_ESP8266_and_ESP32/client/SSLClient/bssl/rsa_default_pkcs1_sign.c.o
Using previously compiled file: /home/dejiguru/Arduino/ellabox/build-ellabox/libraries/Firebase_Arduino_Client_Library_for_ESP8266_and_ESP32/client/SSLClient/bssl/rsa_default_pss_sign.c.o
Using previously compiled file: /home/dejiguru/Arduino/ellabox/build-ellabox/libraries/Firebase_Arduino_Client_Library_for_ESP8266_and_ESP32/client/SSLClient/bssl/rsa_default_pubexp.c.o
Using previously compiled file: /home/dejiguru/Arduino/ellabox/build-ellabox/libraries/Firebase_Arduino_Client_Library_for_ESP8266_and_ESP32/client/SSLClient/bssl/rsa_default_pss_vrfy.c.o
Using previously compiled file: /home/dejiguru/Arduino/ellabox/build-ellabox/libraries/Firebase_Arduino_Client_Library_for_ESP8266_and_ESP32/client/SSLClient/bssl/rsa_i15_keygen.c.o
Using previously compiled file: /home/dejiguru/Arduino/ellabox/build-ellabox/libraries/Firebase_Arduino_Client_Library_for_ESP8266_and_ESP32/client/SSLClient/bssl/rsa_i15_oaep_decrypt.c.o
Using previously compiled file: /home/dejiguru/Arduino/ellabox/build-ellabox/libraries/Firebase_Arduino_Client_Library_for_ESP8266_and_ESP32/client/SSLClient/bssl/rsa_i15_modulus.c.o
Using previously compiled file: /home/dejiguru/Arduino/ellabox/build-ellabox/libraries/Firebase_Arduino_Client_Library_for_ESP8266_and_ESP32/client/SSLClient/bssl/rsa_i15_pkcs1_vrfy.c.o
Using previously compiled file: /home/dejiguru/Arduino/ellabox/build-ellabox/libraries/Firebase_Arduino_Client_Library_for_ESP8266_and_ESP32/client/SSLClient/bssl/rsa_i15_pkcs1_sign.c.o
Using previously compiled file: /home/dejiguru/Arduino/ellabox/build-ellabox/libraries/Firebase_Arduino_Client_Library_for_ESP8266_and_ESP32/client/SSLClient/bssl/rsa_i15_oaep_encrypt.c.o
Using previously compiled file: /home/dejiguru/Arduino/ellabox/build-ellabox/libraries/Firebase_Arduino_Client_Library_for_ESP8266_and_ESP32/client/SSLClient/bssl/rsa_i15_privexp.c.o
Using previously compiled file: /home/dejiguru/Arduino/ellabox/build-ellabox/libraries/Firebase_Arduino_Client_Library_for_ESP8266_and_ESP32/client/SSLClient/bssl/rsa_i15_pss_sign.c.o
Using previously compiled file: /home/dejiguru/Arduino/ellabox/build-ellabox/libraries/Firebase_Arduino_Client_Library_for_ESP8266_and_ESP32/client/SSLClient/bssl/rsa_i15_priv.c.o
Using previously compiled file: /home/dejiguru/Arduino/ellabox/build-ellabox/libraries/Firebase_Arduino_Client_Library_for_ESP8266_and_ESP32/client/SSLClient/bssl/rsa_i15_pub.c.o
Using previously compiled file: /home/dejiguru/Arduino/ellabox/build-ellabox/libraries/Firebase_Arduino_Client_Library_for_ESP8266_and_ESP32/client/SSLClient/bssl/rsa_i15_pss_vrfy.c.o
Using previously compiled file: /home/dejiguru/Arduino/ellabox/build-ellabox/libraries/Firebase_Arduino_Client_Library_for_ESP8266_and_ESP32/client/SSLClient/bssl/rsa_i15_pubexp.c.o
Using previously compiled file: /home/dejiguru/Arduino/ellabox/build-ellabox/libraries/Firebase_Arduino_Client_Library_for_ESP8266_and_ESP32/client/SSLClient/bssl/rsa_i31_keygen_inner.c.o
Using previously compiled file: /home/dejiguru/Arduino/ellabox/build-ellabox/libraries/Firebase_Arduino_Client_Library_for_ESP8266_and_ESP32/client/SSLClient/bssl/rsa_i31_keygen.c.o
Using previously compiled file: /home/dejiguru/Arduino/ellabox/build-ellabox/libraries/Firebase_Arduino_Client_Library_for_ESP8266_and_ESP32/client/SSLClient/bssl/rsa_i31_oaep_decrypt.c.o
Using previously compiled file: /home/dejiguru/Arduino/ellabox/build-ellabox/libraries/Firebase_Arduino_Client_Library_for_ESP8266_and_ESP32/client/SSLClient/bssl/rsa_i31_modulus.c.o
Using previously compiled file: /home/dejiguru/Arduino/ellabox/build-ellabox/libraries/Firebase_Arduino_Client_Library_for_ESP8266_and_ESP32/client/SSLClient/bssl/rsa_i31_pkcs1_vrfy.c.o
Using previously compiled file: /home/dejiguru/Arduino/ellabox/build-ellabox/libraries/Firebase_Arduino_Client_Library_for_ESP8266_and_ESP32/client/SSLClient/bssl/rsa_i31_pkcs1_sign.c.o
Using previously compiled file: /home/dejiguru/Arduino/ellabox/build-ellabox/libraries/Firebase_Arduino_Client_Library_for_ESP8266_and_ESP32/client/SSLClient/bssl/rsa_i31_oaep_encrypt.c.o
Using previously compiled file: /home/dejiguru/Arduino/ellabox/build-ellabox/libraries/Firebase_Arduino_Client_Library_for_ESP8266_and_ESP32/client/SSLClient/bssl/rsa_i31_priv.c.o
Using previously compiled file: /home/dejiguru/Arduino/ellabox/build-ellabox/libraries/Firebase_Arduino_Client_Library_for_ESP8266_and_ESP32/client/SSLClient/bssl/rsa_i31_privexp.c.o
Using previously compiled file: /home/dejiguru/Arduino/ellabox/build-ellabox/libraries/Firebase_Arduino_Client_Library_for_ESP8266_and_ESP32/client/SSLClient/bssl/rsa_i31_pub.c.o
Using previously compiled file: /home/dejiguru/Arduino/ellabox/build-ellabox/libraries/Firebase_Arduino_Client_Library_for_ESP8266_and_ESP32/client/SSLClient/bssl/rsa_i31_pss_vrfy.c.o
Using previously compiled file: /home/dejiguru/Arduino/ellabox/build-ellabox/libraries/Firebase_Arduino_Client_Library_for_ESP8266_and_ESP32/client/SSLClient/bssl/rsa_i31_pss_sign.c.o
Using previously compiled file: /home/dejiguru/Arduino/ellabox/build-ellabox/libraries/Firebase_Arduino_Client_Library_for_ESP8266_and_ESP32/client/SSLClient/bssl/rsa_i31_pubexp.c.o
Using previously compiled file: /home/dejiguru/Arduino/ellabox/build-ellabox/libraries/Firebase_Arduino_Client_Library_for_ESP8266_and_ESP32/client/SSLClient/bssl/rsa_i32_oaep_decrypt.c.o
Using previously compiled file: /home/dejiguru/Arduino/ellabox/build-ellabox/libraries/Firebase_Arduino_Client_Library_for_ESP8266_and_ESP32/client/SSLClient/bssl/rsa_i32_oaep_encrypt.c.o
Using previously compiled file: /home/dejiguru/Arduino/ellabox/build-ellabox/libraries/Firebase_Arduino_Client_Library_for_ESP8266_and_ESP32/client/SSLClient/bssl/rsa_i32_pkcs1_sign.c.o
Using previously compiled file: /home/dejiguru/Arduino/ellabox/build-ellabox/libraries/Firebase_Arduino_Client_Library_for_ESP8266_and_ESP32/client/SSLClient/bssl/rsa_i32_pkcs1_vrfy.c.o
Using previously compiled file: /home/dejiguru/Arduino/ellabox/build-ellabox/libraries/Firebase_Arduino_Client_Library_for_ESP8266_and_ESP32/client/SSLClient/bssl/rsa_i32_priv.c.o
Using previously compiled file: /home/dejiguru/Arduino/ellabox/build-ellabox/libraries/Firebase_Arduino_Client_Library_for_ESP8266_and_ESP32/client/SSLClient/bssl/rsa_i32_pss_sign.c.o
Using previously compiled file: /home/dejiguru/Arduino/ellabox/build-ellabox/libraries/Firebase_Arduino_Client_Library_for_ESP8266_and_ESP32/client/SSLClient/bssl/rsa_i32_pub.c.o
Using previously compiled file: /home/dejiguru/Arduino/ellabox/build-ellabox/libraries/Firebase_Arduino_Client_Library_for_ESP8266_and_ESP32/client/SSLClient/bssl/rsa_i62_oaep_decrypt.c.o
Using previously compiled file: /home/dejiguru/Arduino/ellabox/build-ellabox/libraries/Firebase_Arduino_Client_Library_for_ESP8266_and_ESP32/client/SSLClient/bssl/rsa_i62_keygen.c.o
Using previously compiled file: /home/dejiguru/Arduino/ellabox/build-ellabox/libraries/Firebase_Arduino_Client_Library_for_ESP8266_and_ESP32/client/SSLClient/bssl/rsa_i62_oaep_encrypt.c.o
Using previously compiled file: /home/dejiguru/Arduino/ellabox/build-ellabox/libraries/Firebase_Arduino_Client_Library_for_ESP8266_and_ESP32/client/SSLClient/bssl/rsa_i32_pss_vrfy.c.o
Using previously compiled file: /home/dejiguru/Arduino/ellabox/build-ellabox/libraries/Firebase_Arduino_Client_Library_for_ESP8266_and_ESP32/client/SSLClient/bssl/rsa_i62_pkcs1_sign.c.o
Using previously compiled file: /home/dejiguru/Arduino/ellabox/build-ellabox/libraries/Firebase_Arduino_Client_Library_for_ESP8266_and_ESP32/client/SSLClient/bssl/rsa_i62_priv.c.o
Using previously compiled file: /home/dejiguru/Arduino/ellabox/build-ellabox/libraries/Firebase_Arduino_Client_Library_for_ESP8266_and_ESP32/client/SSLClient/bssl/rsa_i62_pss_sign.c.o
Using previously compiled file: /home/dejiguru/Arduino/ellabox/build-ellabox/libraries/Firebase_Arduino_Client_Library_for_ESP8266_and_ESP32/client/SSLClient/bssl/rsa_i62_pkcs1_vrfy.c.o
Using previously compiled file: /home/dejiguru/Arduino/ellabox/build-ellabox/libraries/Firebase_Arduino_Client_Library_for_ESP8266_and_ESP32/client/SSLClient/bssl/rsa_i62_pss_vrfy.c.o
Using previously compiled file: /home/dejiguru/Arduino/ellabox/build-ellabox/libraries/Firebase_Arduino_Client_Library_for_ESP8266_and_ESP32/client/SSLClient/bssl/rsa_oaep_unpad.c.o
Using previously compiled file: /home/dejiguru/Arduino/ellabox/build-ellabox/libraries/Firebase_Arduino_Client_Library_for_ESP8266_and_ESP32/client/SSLClient/bssl/rsa_pkcs1_sig_pad.c.o
Using previously compiled file: /home/dejiguru/Arduino/ellabox/build-ellabox/libraries/Firebase_Arduino_Client_Library_for_ESP8266_and_ESP32/client/SSLClient/bssl/rsa_oaep_pad.c.o
Using previously compiled file: /home/dejiguru/Arduino/ellabox/build-ellabox/libraries/Firebase_Arduino_Client_Library_for_ESP8266_and_ESP32/client/SSLClient/bssl/rsa_pkcs1_sig_unpad.c.o
Using previously compiled file: /home/dejiguru/Arduino/ellabox/build-ellabox/libraries/Firebase_Arduino_Client_Library_for_ESP8266_and_ESP32/client/SSLClient/bssl/rsa_pss_sig_pad.c.o
Using previously compiled file: /home/dejiguru/Arduino/ellabox/build-ellabox/libraries/Firebase_Arduino_Client_Library_for_ESP8266_and_ESP32/client/SSLClient/bssl/rsa_i62_pub.c.o
Using previously compiled file: /home/dejiguru/Arduino/ellabox/build-ellabox/libraries/Firebase_Arduino_Client_Library_for_ESP8266_and_ESP32/client/SSLClient/bssl/settings.c.o
Using previously compiled file: /home/dejiguru/Arduino/ellabox/build-ellabox/libraries/Firebase_Arduino_Client_Library_for_ESP8266_and_ESP32/client/SSLClient/bssl/rsa_ssl_decrypt.c.o
Using previously compiled file: /home/dejiguru/Arduino/ellabox/build-ellabox/libraries/Firebase_Arduino_Client_Library_for_ESP8266_and_ESP32/client/SSLClient/bssl/sha1.c.o
Using previously compiled file: /home/dejiguru/Arduino/ellabox/build-ellabox/libraries/Firebase_Arduino_Client_Library_for_ESP8266_and_ESP32/client/SSLClient/bssl/sha2big.c.o
Using previously compiled file: /home/dejiguru/Arduino/ellabox/build-ellabox/libraries/Firebase_Arduino_Client_Library_for_ESP8266_and_ESP32/client/SSLClient/bssl/shake.c.o
Using previously compiled file: /home/dejiguru/Arduino/ellabox/build-ellabox/libraries/Firebase_Arduino_Client_Library_for_ESP8266_and_ESP32/client/SSLClient/bssl/sha2small.c.o
Using previously compiled file: /home/dejiguru/Arduino/ellabox/build-ellabox/libraries/Firebase_Arduino_Client_Library_for_ESP8266_and_ESP32/client/SSLClient/bssl/rsa_pss_sig_unpad.c.o
Using previously compiled file: /home/dejiguru/Arduino/ellabox/build-ellabox/libraries/Firebase_Arduino_Client_Library_for_ESP8266_and_ESP32/client/SSLClient/bssl/skey_decoder.c.o
Using previously compiled file: /home/dejiguru/Arduino/ellabox/build-ellabox/libraries/Firebase_Arduino_Client_Library_for_ESP8266_and_ESP32/client/SSLClient/bssl/ssl_ccert_single_rsa.c.o
Using previously compiled file: /home/dejiguru/Arduino/ellabox/build-ellabox/libraries/Firebase_Arduino_Client_Library_for_ESP8266_and_ESP32/client/SSLClient/bssl/ssl_ccert_single_ec.c.o
Using previously compiled file: /home/dejiguru/Arduino/ellabox/build-ellabox/libraries/Firebase_Arduino_Client_Library_for_ESP8266_and_ESP32/client/SSLClient/bssl/ssl_engine.c.o
Using previously compiled file: /home/dejiguru/Arduino/ellabox/build-ellabox/libraries/Firebase_Arduino_Client_Library_for_ESP8266_and_ESP32/client/SSLClient/bssl/ssl_engine_default_aescbc.c.o
Using previously compiled file: /home/dejiguru/Arduino/ellabox/build-ellabox/libraries/Firebase_Arduino_Client_Library_for_ESP8266_and_ESP32/client/SSLClient/bssl/ssl_client.c.o
Using previously compiled file: /home/dejiguru/Arduino/ellabox/build-ellabox/libraries/Firebase_Arduino_Client_Library_for_ESP8266_and_ESP32/client/SSLClient/bssl/ssl_client_default_rsapub.c.o
Using previously compiled file: /home/dejiguru/Arduino/ellabox/build-ellabox/libraries/Firebase_Arduino_Client_Library_for_ESP8266_and_ESP32/client/SSLClient/bssl/ssl_engine_default_aesgcm.c.o
Using previously compiled file: /home/dejiguru/Arduino/ellabox/build-ellabox/libraries/Firebase_Arduino_Client_Library_for_ESP8266_and_ESP32/client/SSLClient/bssl/ssl_engine_default_aesccm.c.o
Using previously compiled file: /home/dejiguru/Arduino/ellabox/build-ellabox/libraries/Firebase_Arduino_Client_Library_for_ESP8266_and_ESP32/client/SSLClient/bssl/ssl_engine_default_chapol.c.o
Using previously compiled file: /home/dejiguru/Arduino/ellabox/build-ellabox/libraries/Firebase_Arduino_Client_Library_for_ESP8266_and_ESP32/client/SSLClient/bssl/ssl_client_full.c.o
Using previously compiled file: /home/dejiguru/Arduino/ellabox/build-ellabox/libraries/Firebase_Arduino_Client_Library_for_ESP8266_and_ESP32/client/SSLClient/bssl/ssl_engine_default_descbc.c.o
Using previously compiled file: /home/dejiguru/Arduino/ellabox/build-ellabox/libraries/Firebase_Arduino_Client_Library_for_ESP8266_and_ESP32/client/SSLClient/bssl/ssl_engine_default_ec.c.o
Using previously compiled file: /home/dejiguru/Arduino/ellabox/build-ellabox/libraries/Firebase_Arduino_Client_Library_for_ESP8266_and_ESP32/client/SSLClient/bssl/ssl_engine_default_rsavrfy.c.o
Using previously compiled file: /home/dejiguru/Arduino/ellabox/build-ellabox/libraries/Firebase_Arduino_Client_Library_for_ESP8266_and_ESP32/client/SSLClient/bssl/ssl_hs_server.c.o
Using previously compiled file: /home/dejiguru/Arduino/ellabox/build-ellabox/libraries/Firebase_Arduino_Client_Library_for_ESP8266_and_ESP32/client/SSLClient/bssl/ssl_engine_default_ecdsa.c.o
Using previously compiled file: /home/dejiguru/Arduino/ellabox/build-ellabox/libraries/Firebase_Arduino_Client_Library_for_ESP8266_and_ESP32/client/SSLClient/bssl/ssl_io.c.o
Using previously compiled file: /home/dejiguru/Arduino/ellabox/build-ellabox/libraries/Firebase_Arduino_Client_Library_for_ESP8266_and_ESP32/client/SSLClient/bssl/ssl_hashes.c.o
Using previously compiled file: /home/dejiguru/Arduino/ellabox/build-ellabox/libraries/Firebase_Arduino_Client_Library_for_ESP8266_and_ESP32/client/SSLClient/bssl/ssl_keyexport.c.o
Using previously compiled file: /home/dejiguru/Arduino/ellabox/build-ellabox/libraries/Firebase_Arduino_Client_Library_for_ESP8266_and_ESP32/client/SSLClient/bssl/ssl_hs_client.c.o
Using previously compiled file: /home/dejiguru/Arduino/ellabox/build-ellabox/libraries/Firebase_Arduino_Client_Library_for_ESP8266_and_ESP32/client/SSLClient/bssl/ssl_lru.c.o
Using previously compiled file: /home/dejiguru/Arduino/ellabox/build-ellabox/libraries/Firebase_Arduino_Client_Library_for_ESP8266_and_ESP32/client/SSLClient/bssl/ssl_rec_ccm.c.o
Using previously compiled file: /home/dejiguru/Arduino/ellabox/build-ellabox/libraries/Firebase_Arduino_Client_Library_for_ESP8266_and_ESP32/client/SSLClient/bssl/ssl_rec_gcm.c.o
Using previously compiled file: /home/dejiguru/Arduino/ellabox/build-ellabox/libraries/Firebase_Arduino_Client_Library_for_ESP8266_and_ESP32/client/SSLClient/bssl/ssl_rec_chapol.c.o
Using previously compiled file: /home/dejiguru/Arduino/ellabox/build-ellabox/libraries/Firebase_Arduino_Client_Library_for_ESP8266_and_ESP32/client/SSLClient/bssl/ssl_rec_cbc.c.o
Using previously compiled file: /home/dejiguru/Arduino/ellabox/build-ellabox/libraries/Firebase_Arduino_Client_Library_for_ESP8266_and_ESP32/client/SSLClient/bssl/ssl_server.c.o
Using previously compiled file: /home/dejiguru/Arduino/ellabox/build-ellabox/libraries/Firebase_Arduino_Client_Library_for_ESP8266_and_ESP32/client/SSLClient/bssl/ssl_scert_single_ec.c.o
Using previously compiled file: /home/dejiguru/Arduino/ellabox/build-ellabox/libraries/Firebase_Arduino_Client_Library_for_ESP8266_and_ESP32/client/SSLClient/bssl/ssl_scert_single_rsa.c.o
Using previously compiled file: /home/dejiguru/Arduino/ellabox/build-ellabox/libraries/Firebase_Arduino_Client_Library_for_ESP8266_and_ESP32/client/SSLClient/bssl/ssl_server_full_rsa.c.o
Using previously compiled file: /home/dejiguru/Arduino/ellabox/build-ellabox/libraries/Firebase_Arduino_Client_Library_for_ESP8266_and_ESP32/client/SSLClient/bssl/ssl_server_full_ec.c.o
Using previously compiled file: /home/dejiguru/Arduino/ellabox/build-ellabox/libraries/Firebase_Arduino_Client_Library_for_ESP8266_and_ESP32/client/SSLClient/bssl/ssl_server_mine2c.c.o
Using previously compiled file: /home/dejiguru/Arduino/ellabox/build-ellabox/libraries/Firebase_Arduino_Client_Library_for_ESP8266_and_ESP32/client/SSLClient/bssl/ssl_server_mine2g.c.o
Using previously compiled file: /home/dejiguru/Arduino/ellabox/build-ellabox/libraries/Firebase_Arduino_Client_Library_for_ESP8266_and_ESP32/client/SSLClient/bssl/ssl_server_minr2g.c.o
Using previously compiled file: /home/dejiguru/Arduino/ellabox/build-ellabox/libraries/Firebase_Arduino_Client_Library_for_ESP8266_and_ESP32/client/SSLClient/bssl/ssl_server_minu2g.c.o
Using previously compiled file: /home/dejiguru/Arduino/ellabox/build-ellabox/libraries/Firebase_Arduino_Client_Library_for_ESP8266_and_ESP32/client/SSLClient/bssl/ssl_server_minf2g.c.o
Using previously compiled file: /home/dejiguru/Arduino/ellabox/build-ellabox/libraries/Firebase_Arduino_Client_Library_for_ESP8266_and_ESP32/client/SSLClient/bssl/ssl_server_minf2c.c.o
Using previously compiled file: /home/dejiguru/Arduino/ellabox/build-ellabox/libraries/Firebase_Arduino_Client_Library_for_ESP8266_and_ESP32/client/SSLClient/bssl/ssl_server_minv2g.c.o
Using previously compiled file: /home/dejiguru/Arduino/ellabox/build-ellabox/libraries/Firebase_Arduino_Client_Library_for_ESP8266_and_ESP32/client/SSLClient/bssl/sysrng.c.o
Using previously compiled file: /home/dejiguru/Arduino/ellabox/build-ellabox/libraries/Firebase_Arduino_Client_Library_for_ESP8266_and_ESP32/client/SSLClient/bssl/x509_knownkey.c.o
Using previously compiled file: /home/dejiguru/Arduino/ellabox/build-ellabox/libraries/Firebase_Arduino_Client_Library_for_ESP8266_and_ESP32/client/SSLClient/bssl/x509_minimal_full.c.o
Using previously compiled file: /home/dejiguru/Arduino/ellabox/build-ellabox/libraries/Firebase_Arduino_Client_Library_for_ESP8266_and_ESP32/client/SSLClient/bssl/x509_minimal.c.o
Using previously compiled file: /home/dejiguru/Arduino/ellabox/build-ellabox/libraries/Firebase_Arduino_Client_Library_for_ESP8266_and_ESP32/client/SSLClient/client/BSSL_Helper.cpp.o
Using previously compiled file: /home/dejiguru/Arduino/ellabox/build-ellabox/libraries/Firebase_Arduino_Client_Library_for_ESP8266_and_ESP32/client/SSLClient/bssl/x509_decoder.c.o
Using previously compiled file: /home/dejiguru/Arduino/ellabox/build-ellabox/libraries/Firebase_Arduino_Client_Library_for_ESP8266_and_ESP32/client/SSLClient/client/stm32_time_fix.c.o
Using previously compiled file: /home/dejiguru/Arduino/ellabox/build-ellabox/libraries/Firebase_Arduino_Client_Library_for_ESP8266_and_ESP32/client/SSLClient/client/BSSL_CertStore.cpp.o
Using previously compiled file: /home/dejiguru/Arduino/ellabox/build-ellabox/libraries/Firebase_Arduino_Client_Library_for_ESP8266_and_ESP32/client/SSLClient/client/BSSL_TCP_Client.cpp.o
Using previously compiled file: /home/dejiguru/Arduino/ellabox/build-ellabox/libraries/Firebase_Arduino_Client_Library_for_ESP8266_and_ESP32/client/SSLClient/client/BSSL_SSL_Client.cpp.o
Using previously compiled file: /home/dejiguru/Arduino/ellabox/build-ellabox/libraries/Firebase_Arduino_Client_Library_for_ESP8266_and_ESP32/firestore/FB_Firestore.cpp.o
Using previously compiled file: /home/dejiguru/Arduino/ellabox/build-ellabox/libraries/Firebase_Arduino_Client_Library_for_ESP8266_and_ESP32/core/FirebaseCore.cpp.o
Using previously compiled file: /home/dejiguru/Arduino/ellabox/build-ellabox/libraries/Firebase_Arduino_Client_Library_for_ESP8266_and_ESP32/functions/FunctionsConfig.cpp.o
Using previously compiled file: /home/dejiguru/Arduino/ellabox/build-ellabox/libraries/Firebase_Arduino_Client_Library_for_ESP8266_and_ESP32/functions/FB_Functions.cpp.o
Using previously compiled file: /home/dejiguru/Arduino/ellabox/build-ellabox/libraries/Firebase_Arduino_Client_Library_for_ESP8266_and_ESP32/functions/PocicyBuilder.cpp.o
Using previously compiled file: /home/dejiguru/Arduino/ellabox/build-ellabox/libraries/Firebase_Arduino_Client_Library_for_ESP8266_and_ESP32/json/MB_JSON/MB_JSON.c.o
Using previously compiled file: /home/dejiguru/Arduino/ellabox/build-ellabox/libraries/Firebase_Arduino_Client_Library_for_ESP8266_and_ESP32/json/extras/print/fb_json_print.c.o
Using previously compiled file: /home/dejiguru/Arduino/ellabox/build-ellabox/libraries/Firebase_Arduino_Client_Library_for_ESP8266_and_ESP32/gcs/GCS.cpp.o
Using previously compiled file: /home/dejiguru/Arduino/ellabox/build-ellabox/libraries/Firebase_Arduino_Client_Library_for_ESP8266_and_ESP32/json/FirebaseJson.cpp.o
Using previously compiled file: /home/dejiguru/Arduino/ellabox/build-ellabox/libraries/Firebase_Arduino_Client_Library_for_ESP8266_and_ESP32/message/FCM.cpp.o
Using previously compiled file: /home/dejiguru/Arduino/ellabox/build-ellabox/libraries/Firebase_Arduino_Client_Library_for_ESP8266_and_ESP32/rtdb/FB_RTDB.cpp.o
Using previously compiled file: /home/dejiguru/Arduino/ellabox/build-ellabox/libraries/Firebase_Arduino_Client_Library_for_ESP8266_and_ESP32/rtdb/QueryFilter.cpp.o
Using previously compiled file: /home/dejiguru/Arduino/ellabox/build-ellabox/libraries/Firebase_Arduino_Client_Library_for_ESP8266_and_ESP32/rtdb/QueueInfo.cpp.o
Using previously compiled file: /home/dejiguru/Arduino/ellabox/build-ellabox/libraries/Firebase_Arduino_Client_Library_for_ESP8266_and_ESP32/session/FB_Session.cpp.o
Using previously compiled file: /home/dejiguru/Arduino/ellabox/build-ellabox/libraries/Firebase_Arduino_Client_Library_for_ESP8266_and_ESP32/rtdb/QueueManager.cpp.o
Using previously compiled file: /home/dejiguru/Arduino/ellabox/build-ellabox/libraries/Firebase_Arduino_Client_Library_for_ESP8266_and_ESP32/rtdb/stream/FB_MP_Stream.cpp.o
Using previously compiled file: /home/dejiguru/Arduino/ellabox/build-ellabox/libraries/Firebase_Arduino_Client_Library_for_ESP8266_and_ESP32/storage/FCS.cpp.o
Using previously compiled file: /home/dejiguru/Arduino/ellabox/build-ellabox/libraries/Firebase_Arduino_Client_Library_for_ESP8266_and_ESP32/rtdb/stream/FB_Stream.cpp.o
Compiling library "LittleFS"
Using previously compiled file: /home/dejiguru/Arduino/ellabox/build-ellabox/libraries/LittleFS/LittleFS.cpp.o
Compiling library "Preferences"
Using previously compiled file: /home/dejiguru/Arduino/ellabox/build-ellabox/libraries/Preferences/Preferences.cpp.o
Compiling library "VL53L0X"
Using previously compiled file: /home/dejiguru/Arduino/ellabox/build-ellabox/libraries/VL53L0X/VL53L0X.cpp.o
Compiling library "libopus"
Using previously compiled file: /home/dejiguru/Arduino/ellabox/build-ellabox/libraries/libopus/libogg-1.3.5/src/bitwise.c.o
Using previously compiled file: /home/dejiguru/Arduino/ellabox/build-ellabox/libraries/libopus/liboggz-1.1.1/src/liboggz/dirac.c.o
Using previously compiled file: /home/dejiguru/Arduino/ellabox/build-ellabox/libraries/libopus/libogg-1.3.5/src/framing.c.o
Using previously compiled file: /home/dejiguru/Arduino/ellabox/build-ellabox/libraries/libopus/liboggz-1.1.1/src/liboggz/metric_internal.c.o
Using previously compiled file: /home/dejiguru/Arduino/ellabox/build-ellabox/libraries/libopus/liboggz-1.1.1/src/liboggz/oggz.c.o
Using previously compiled file: /home/dejiguru/Arduino/ellabox/build-ellabox/libraries/libopus/liboggz-1.1.1/src/liboggz/oggz_io.c.o
Using previously compiled file: /home/dejiguru/Arduino/ellabox/build-ellabox/libraries/libopus/liboggz-1.1.1/src/liboggz/oggz_auto.c.o
Using previously compiled file: /home/dejiguru/Arduino/ellabox/build-ellabox/libraries/libopus/liboggz-1.1.1/src/liboggz/oggz_comments.c.o
Using previously compiled file: /home/dejiguru/Arduino/ellabox/build-ellabox/libraries/libopus/liboggz-1.1.1/src/liboggz/oggz_dlist.c.o
Using previously compiled file: /home/dejiguru/Arduino/ellabox/build-ellabox/libraries/libopus/liboggz-1.1.1/src/liboggz/oggz_table.c.o
Using previously compiled file: /home/dejiguru/Arduino/ellabox/build-ellabox/libraries/libopus/liboggz-1.1.1/src/liboggz/oggz_seek.c.o
Using previously compiled file: /home/dejiguru/Arduino/ellabox/build-ellabox/libraries/libopus/liboggz-1.1.1/src/liboggz/oggz_vector.c.o
Using previously compiled file: /home/dejiguru/Arduino/ellabox/build-ellabox/libraries/libopus/liboggz-1.1.1/src/liboggz/oggz_write.c.o
Using previously compiled file: /home/dejiguru/Arduino/ellabox/build-ellabox/libraries/libopus/opus-1.3.1/celt/celt.c.o
Using previously compiled file: /home/dejiguru/Arduino/ellabox/build-ellabox/libraries/libopus/opus-1.3.1/celt/bands.c.o
Using previously compiled file: /home/dejiguru/Arduino/ellabox/build-ellabox/libraries/libopus/liboggz-1.1.1/src/liboggz/oggz_stream.c.o
Using previously compiled file: /home/dejiguru/Arduino/ellabox/build-ellabox/libraries/libopus/opus-1.3.1/celt/celt_decoder.c.o
Using previously compiled file: /home/dejiguru/Arduino/ellabox/build-ellabox/libraries/libopus/liboggz-1.1.1/src/liboggz/oggz_read.c.o
Using previously compiled file: /home/dejiguru/Arduino/ellabox/build-ellabox/libraries/libopus/opus-1.3.1/celt/cwrs.c.o
Using previously compiled file: /home/dejiguru/Arduino/ellabox/build-ellabox/libraries/libopus/opus-1.3.1/celt/celt_encoder.c.o
Using previously compiled file: /home/dejiguru/Arduino/ellabox/build-ellabox/libraries/libopus/opus-1.3.1/celt/celt_lpc.c.o
Using previously compiled file: /home/dejiguru/Arduino/ellabox/build-ellabox/libraries/libopus/opus-1.3.1/celt/entdec.c.o
Using previously compiled file: /home/dejiguru/Arduino/ellabox/build-ellabox/libraries/libopus/opus-1.3.1/celt/entenc.c.o
Using previously compiled file: /home/dejiguru/Arduino/ellabox/build-ellabox/libraries/libopus/opus-1.3.1/celt/entcode.c.o
Using previously compiled file: /home/dejiguru/Arduino/ellabox/build-ellabox/libraries/libopus/opus-1.3.1/celt/mathops.c.o
Using previously compiled file: /home/dejiguru/Arduino/ellabox/build-ellabox/libraries/libopus/opus-1.3.1/celt/mdct.c.o
Using previously compiled file: /home/dejiguru/Arduino/ellabox/build-ellabox/libraries/libopus/opus-1.3.1/celt/modes.c.o
Using previously compiled file: /home/dejiguru/Arduino/ellabox/build-ellabox/libraries/libopus/opus-1.3.1/celt/kiss_fft.c.o
Using previously compiled file: /home/dejiguru/Arduino/ellabox/build-ellabox/libraries/libopus/opus-1.3.1/celt/pitch.c.o
Using previously compiled file: /home/dejiguru/Arduino/ellabox/build-ellabox/libraries/libopus/opus-1.3.1/celt/laplace.c.o
Using previously compiled file: /home/dejiguru/Arduino/ellabox/build-ellabox/libraries/libopus/opus-1.3.1/silk/A2NLSF.c.o
Using previously compiled file: /home/dejiguru/Arduino/ellabox/build-ellabox/libraries/libopus/opus-1.3.1/celt/quant_bands.c.o
Using previously compiled file: /home/dejiguru/Arduino/ellabox/build-ellabox/libraries/libopus/opus-1.3.1/celt/vq.c.o
Using previously compiled file: /home/dejiguru/Arduino/ellabox/build-ellabox/libraries/libopus/opus-1.3.1/celt/rate.c.o
Using previously compiled file: /home/dejiguru/Arduino/ellabox/build-ellabox/libraries/libopus/opus-1.3.1/silk/LPC_fit.c.o
Using previously compiled file: /home/dejiguru/Arduino/ellabox/build-ellabox/libraries/libopus/opus-1.3.1/silk/CNG.c.o
Using previously compiled file: /home/dejiguru/Arduino/ellabox/build-ellabox/libraries/libopus/opus-1.3.1/silk/LPC_analysis_filter.c.o
Using previously compiled file: /home/dejiguru/Arduino/ellabox/build-ellabox/libraries/libopus/opus-1.3.1/silk/HP_variable_cutoff.c.o
Using previously compiled file: /home/dejiguru/Arduino/ellabox/build-ellabox/libraries/libopus/opus-1.3.1/silk/LPC_inv_pred_gain.c.o
Using previously compiled file: /home/dejiguru/Arduino/ellabox/build-ellabox/libraries/libopus/opus-1.3.1/silk/LP_variable_cutoff.c.o
Using previously compiled file: /home/dejiguru/Arduino/ellabox/build-ellabox/libraries/libopus/opus-1.3.1/silk/NLSF_VQ.c.o
Using previously compiled file: /home/dejiguru/Arduino/ellabox/build-ellabox/libraries/libopus/opus-1.3.1/silk/NLSF2A.c.o
Using previously compiled file: /home/dejiguru/Arduino/ellabox/build-ellabox/libraries/libopus/opus-1.3.1/silk/NLSF_VQ_weights_laroia.c.o
Using previously compiled file: /home/dejiguru/Arduino/ellabox/build-ellabox/libraries/libopus/opus-1.3.1/silk/NLSF_decode.c.o
Using previously compiled file: /home/dejiguru/Arduino/ellabox/build-ellabox/libraries/libopus/opus-1.3.1/silk/NLSF_encode.c.o
Using previously compiled file: /home/dejiguru/Arduino/ellabox/build-ellabox/libraries/libopus/opus-1.3.1/silk/NLSF_del_dec_quant.c.o
Using previously compiled file: /home/dejiguru/Arduino/ellabox/build-ellabox/libraries/libopus/opus-1.3.1/silk/NLSF_stabilize.c.o
Using previously compiled file: /home/dejiguru/Arduino/ellabox/build-ellabox/libraries/libopus/opus-1.3.1/silk/NSQ_del_dec.c.o
Using previously compiled file: /home/dejiguru/Arduino/ellabox/build-ellabox/libraries/libopus/opus-1.3.1/silk/NLSF_unpack.c.o
Using previously compiled file: /home/dejiguru/Arduino/ellabox/build-ellabox/libraries/libopus/opus-1.3.1/silk/NSQ.c.o
Using previously compiled file: /home/dejiguru/Arduino/ellabox/build-ellabox/libraries/libopus/opus-1.3.1/silk/PLC.c.o
Using previously compiled file: /home/dejiguru/Arduino/ellabox/build-ellabox/libraries/libopus/opus-1.3.1/silk/VAD.c.o
Using previously compiled file: /home/dejiguru/Arduino/ellabox/build-ellabox/libraries/libopus/opus-1.3.1/silk/VQ_WMat_EC.c.o
Using previously compiled file: /home/dejiguru/Arduino/ellabox/build-ellabox/libraries/libopus/opus-1.3.1/silk/bwexpander.c.o
Using previously compiled file: /home/dejiguru/Arduino/ellabox/build-ellabox/libraries/libopus/opus-1.3.1/silk/biquad_alt.c.o
Using previously compiled file: /home/dejiguru/Arduino/ellabox/build-ellabox/libraries/libopus/opus-1.3.1/silk/bwexpander_32.c.o
Using previously compiled file: /home/dejiguru/Arduino/ellabox/build-ellabox/libraries/libopus/opus-1.3.1/silk/ana_filt_bank_1.c.o
Using previously compiled file: /home/dejiguru/Arduino/ellabox/build-ellabox/libraries/libopus/opus-1.3.1/silk/code_signs.c.o
Using previously compiled file: /home/dejiguru/Arduino/ellabox/build-ellabox/libraries/libopus/opus-1.3.1/silk/check_control_input.c.o
Using previously compiled file: /home/dejiguru/Arduino/ellabox/build-ellabox/libraries/libopus/opus-1.3.1/silk/debug.c.o
Using previously compiled file: /home/dejiguru/Arduino/ellabox/build-ellabox/libraries/libopus/opus-1.3.1/silk/control_audio_bandwidth.c.o
Using previously compiled file: /home/dejiguru/Arduino/ellabox/build-ellabox/libraries/libopus/opus-1.3.1/silk/control_codec.c.o
Using previously compiled file: /home/dejiguru/Arduino/ellabox/build-ellabox/libraries/libopus/opus-1.3.1/silk/control_SNR.c.o
Using previously compiled file: /home/dejiguru/Arduino/ellabox/build-ellabox/libraries/libopus/opus-1.3.1/silk/decode_core.c.o
Using previously compiled file: /home/dejiguru/Arduino/ellabox/build-ellabox/libraries/libopus/opus-1.3.1/silk/decode_frame.c.o
Using previously compiled file: /home/dejiguru/Arduino/ellabox/build-ellabox/libraries/libopus/opus-1.3.1/silk/decode_indices.c.o
Using previously compiled file: /home/dejiguru/Arduino/ellabox/build-ellabox/libraries/libopus/opus-1.3.1/silk/dec_API.c.o
Using previously compiled file: /home/dejiguru/Arduino/ellabox/build-ellabox/libraries/libopus/opus-1.3.1/silk/decode_pitch.c.o
Using previously compiled file: /home/dejiguru/Arduino/ellabox/build-ellabox/libraries/libopus/opus-1.3.1/silk/decoder_set_fs.c.o
Using previously compiled file: /home/dejiguru/Arduino/ellabox/build-ellabox/libraries/libopus/opus-1.3.1/silk/enc_API.c.o
Using previously compiled file: /home/dejiguru/Arduino/ellabox/build-ellabox/libraries/libopus/opus-1.3.1/silk/decode_parameters.c.o
Using previously compiled file: /home/dejiguru/Arduino/ellabox/build-ellabox/libraries/libopus/opus-1.3.1/silk/decode_pulses.c.o
Using previously compiled file: /home/dejiguru/Arduino/ellabox/build-ellabox/libraries/libopus/opus-1.3.1/silk/encode_indices.c.o
Using previously compiled file: /home/dejiguru/Arduino/ellabox/build-ellabox/libraries/libopus/opus-1.3.1/silk/fixed/LTP_scale_ctrl_FIX.c.o
Using previously compiled file: /home/dejiguru/Arduino/ellabox/build-ellabox/libraries/libopus/opus-1.3.1/silk/encode_pulses.c.o
Using previously compiled file: /home/dejiguru/Arduino/ellabox/build-ellabox/libraries/libopus/opus-1.3.1/silk/fixed/LTP_analysis_filter_FIX.c.o
Using previously compiled file: /home/dejiguru/Arduino/ellabox/build-ellabox/libraries/libopus/opus-1.3.1/silk/fixed/apply_sine_window_FIX.c.o
Using previously compiled file: /home/dejiguru/Arduino/ellabox/build-ellabox/libraries/libopus/opus-1.3.1/silk/fixed/burg_modified_FIX.c.o
Using previously compiled file: /home/dejiguru/Arduino/ellabox/build-ellabox/libraries/libopus/opus-1.3.1/silk/fixed/autocorr_FIX.c.o
Using previously compiled file: /home/dejiguru/Arduino/ellabox/build-ellabox/libraries/libopus/opus-1.3.1/silk/fixed/corrMatrix_FIX.c.o
Using previously compiled file: /home/dejiguru/Arduino/ellabox/build-ellabox/libraries/libopus/opus-1.3.1/silk/fixed/find_LPC_FIX.c.o
Using previously compiled file: /home/dejiguru/Arduino/ellabox/build-ellabox/libraries/libopus/opus-1.3.1/silk/fixed/encode_frame_FIX.c.o
Using previously compiled file: /home/dejiguru/Arduino/ellabox/build-ellabox/libraries/libopus/opus-1.3.1/silk/fixed/find_LTP_FIX.c.o
Using previously compiled file: /home/dejiguru/Arduino/ellabox/build-ellabox/libraries/libopus/opus-1.3.1/silk/fixed/k2a_FIX.c.o
Using previously compiled file: /home/dejiguru/Arduino/ellabox/build-ellabox/libraries/libopus/opus-1.3.1/silk/fixed/find_pred_coefs_FIX.c.o
Using previously compiled file: /home/dejiguru/Arduino/ellabox/build-ellabox/libraries/libopus/opus-1.3.1/silk/fixed/find_pitch_lags_FIX.c.o
Using previously compiled file: /home/dejiguru/Arduino/ellabox/build-ellabox/libraries/libopus/opus-1.3.1/silk/fixed/k2a_Q16_FIX.c.o
Using previously compiled file: /home/dejiguru/Arduino/ellabox/build-ellabox/libraries/libopus/opus-1.3.1/silk/fixed/noise_shape_analysis_FIX.c.o
Using previously compiled file: /home/dejiguru/Arduino/ellabox/build-ellabox/libraries/libopus/opus-1.3.1/silk/fixed/pitch_analysis_core_FIX.c.o
Using previously compiled file: /home/dejiguru/Arduino/ellabox/build-ellabox/libraries/libopus/opus-1.3.1/silk/fixed/residual_energy16_FIX.c.o
Using previously compiled file: /home/dejiguru/Arduino/ellabox/build-ellabox/libraries/libopus/opus-1.3.1/silk/fixed/residual_energy_FIX.c.o
Using previously compiled file: /home/dejiguru/Arduino/ellabox/build-ellabox/libraries/libopus/opus-1.3.1/silk/fixed/regularize_correlations_FIX.c.o
Using previously compiled file: /home/dejiguru/Arduino/ellabox/build-ellabox/libraries/libopus/opus-1.3.1/silk/fixed/schur_FIX.c.o
Using previously compiled file: /home/dejiguru/Arduino/ellabox/build-ellabox/libraries/libopus/opus-1.3.1/silk/fixed/schur64_FIX.c.o
Using previously compiled file: /home/dejiguru/Arduino/ellabox/build-ellabox/libraries/libopus/opus-1.3.1/silk/fixed/vector_ops_FIX.c.o
Using previously compiled file: /home/dejiguru/Arduino/ellabox/build-ellabox/libraries/libopus/opus-1.3.1/silk/float/LPC_analysis_filter_FLP.c.o
Using previously compiled file: /home/dejiguru/Arduino/ellabox/build-ellabox/libraries/libopus/opus-1.3.1/silk/fixed/warped_autocorrelation_FIX.c.o
Using previously compiled file: /home/dejiguru/Arduino/ellabox/build-ellabox/libraries/libopus/opus-1.3.1/silk/float/LPC_inv_pred_gain_FLP.c.o
Using previously compiled file: /home/dejiguru/Arduino/ellabox/build-ellabox/libraries/libopus/opus-1.3.1/silk/float/LTP_analysis_filter_FLP.c.o
Using previously compiled file: /home/dejiguru/Arduino/ellabox/build-ellabox/libraries/libopus/opus-1.3.1/silk/fixed/process_gains_FIX.c.o
Using previously compiled file: /home/dejiguru/Arduino/ellabox/build-ellabox/libraries/libopus/opus-1.3.1/silk/float/LTP_scale_ctrl_FLP.c.o
Using previously compiled file: /home/dejiguru/Arduino/ellabox/build-ellabox/libraries/libopus/opus-1.3.1/silk/float/burg_modified_FLP.c.o
Using previously compiled file: /home/dejiguru/Arduino/ellabox/build-ellabox/libraries/libopus/opus-1.3.1/silk/float/apply_sine_window_FLP.c.o
Using previously compiled file: /home/dejiguru/Arduino/ellabox/build-ellabox/libraries/libopus/opus-1.3.1/silk/float/autocorrelation_FLP.c.o
Using previously compiled file: /home/dejiguru/Arduino/ellabox/build-ellabox/libraries/libopus/opus-1.3.1/silk/float/bwexpander_FLP.c.o
Using previously compiled file: /home/dejiguru/Arduino/ellabox/build-ellabox/libraries/libopus/opus-1.3.1/silk/float/corrMatrix_FLP.c.o
Using previously compiled file: /home/dejiguru/Arduino/ellabox/build-ellabox/libraries/libopus/opus-1.3.1/silk/float/energy_FLP.c.o
Using previously compiled file: /home/dejiguru/Arduino/ellabox/build-ellabox/libraries/libopus/opus-1.3.1/silk/float/find_LPC_FLP.c.o
Using previously compiled file: /home/dejiguru/Arduino/ellabox/build-ellabox/libraries/libopus/opus-1.3.1/silk/float/find_pitch_lags_FLP.c.o
Using previously compiled file: /home/dejiguru/Arduino/ellabox/build-ellabox/libraries/libopus/opus-1.3.1/silk/float/encode_frame_FLP.c.o
Using previously compiled file: /home/dejiguru/Arduino/ellabox/build-ellabox/libraries/libopus/opus-1.3.1/silk/float/inner_product_FLP.c.o
Using previously compiled file: /home/dejiguru/Arduino/ellabox/build-ellabox/libraries/libopus/opus-1.3.1/silk/float/find_LTP_FLP.c.o
Using previously compiled file: /home/dejiguru/Arduino/ellabox/build-ellabox/libraries/libopus/opus-1.3.1/silk/float/k2a_FLP.c.o
Using previously compiled file: /home/dejiguru/Arduino/ellabox/build-ellabox/libraries/libopus/opus-1.3.1/silk/float/find_pred_coefs_FLP.c.o
Using previously compiled file: /home/dejiguru/Arduino/ellabox/build-ellabox/libraries/libopus/opus-1.3.1/silk/float/noise_shape_analysis_FLP.c.o
Using previously compiled file: /home/dejiguru/Arduino/ellabox/build-ellabox/libraries/libopus/opus-1.3.1/silk/float/regularize_correlations_FLP.c.o
Using previously compiled file: /home/dejiguru/Arduino/ellabox/build-ellabox/libraries/libopus/opus-1.3.1/silk/float/process_gains_FLP.c.o
Using previously compiled file: /home/dejiguru/Arduino/ellabox/build-ellabox/libraries/libopus/opus-1.3.1/silk/float/pitch_analysis_core_FLP.c.o
Using previously compiled file: /home/dejiguru/Arduino/ellabox/build-ellabox/libraries/libopus/opus-1.3.1/silk/float/residual_energy_FLP.c.o
Using previously compiled file: /home/dejiguru/Arduino/ellabox/build-ellabox/libraries/libopus/opus-1.3.1/silk/float/scale_copy_vector_FLP.c.o
Using previously compiled file: /home/dejiguru/Arduino/ellabox/build-ellabox/libraries/libopus/opus-1.3.1/silk/float/scale_vector_FLP.c.o
Using previously compiled file: /home/dejiguru/Arduino/ellabox/build-ellabox/libraries/libopus/opus-1.3.1/silk/float/warped_autocorrelation_FLP.c.o
Using previously compiled file: /home/dejiguru/Arduino/ellabox/build-ellabox/libraries/libopus/opus-1.3.1/silk/float/schur_FLP.c.o
Using previously compiled file: /home/dejiguru/Arduino/ellabox/build-ellabox/libraries/libopus/opus-1.3.1/silk/float/sort_FLP.c.o
Using previously compiled file: /home/dejiguru/Arduino/ellabox/build-ellabox/libraries/libopus/opus-1.3.1/silk/gain_quant.c.o
Using previously compiled file: /home/dejiguru/Arduino/ellabox/build-ellabox/libraries/libopus/opus-1.3.1/silk/float/wrappers_FLP.c.o
Using previously compiled file: /home/dejiguru/Arduino/ellabox/build-ellabox/libraries/libopus/opus-1.3.1/silk/inner_prod_aligned.c.o
Using previously compiled file: /home/dejiguru/Arduino/ellabox/build-ellabox/libraries/libopus/opus-1.3.1/silk/init_encoder.c.o
Using previously compiled file: /home/dejiguru/Arduino/ellabox/build-ellabox/libraries/libopus/opus-1.3.1/silk/init_decoder.c.o
Using previously compiled file: /home/dejiguru/Arduino/ellabox/build-ellabox/libraries/libopus/opus-1.3.1/silk/interpolate.c.o
Using previously compiled file: /home/dejiguru/Arduino/ellabox/build-ellabox/libraries/libopus/opus-1.3.1/silk/pitch_est_tables.c.o
Using previously compiled file: /home/dejiguru/Arduino/ellabox/build-ellabox/libraries/libopus/opus-1.3.1/silk/process_NLSFs.c.o
Using previously compiled file: /home/dejiguru/Arduino/ellabox/build-ellabox/libraries/libopus/opus-1.3.1/silk/lin2log.c.o
Using previously compiled file: /home/dejiguru/Arduino/ellabox/build-ellabox/libraries/libopus/opus-1.3.1/silk/log2lin.c.o
Using previously compiled file: /home/dejiguru/Arduino/ellabox/build-ellabox/libraries/libopus/opus-1.3.1/silk/resampler_down2.c.o
Using previously compiled file: /home/dejiguru/Arduino/ellabox/build-ellabox/libraries/libopus/opus-1.3.1/silk/resampler.c.o
Using previously compiled file: /home/dejiguru/Arduino/ellabox/build-ellabox/libraries/libopus/opus-1.3.1/silk/quant_LTP_gains.c.o
Using previously compiled file: /home/dejiguru/Arduino/ellabox/build-ellabox/libraries/libopus/opus-1.3.1/silk/resampler_down2_3.c.o
Using previously compiled file: /home/dejiguru/Arduino/ellabox/build-ellabox/libraries/libopus/opus-1.3.1/silk/resampler_private_IIR_FIR.c.o
Using previously compiled file: /home/dejiguru/Arduino/ellabox/build-ellabox/libraries/libopus/opus-1.3.1/silk/resampler_private_down_FIR.c.o
Using previously compiled file: /home/dejiguru/Arduino/ellabox/build-ellabox/libraries/libopus/opus-1.3.1/silk/resampler_private_AR2.c.o
Using previously compiled file: /home/dejiguru/Arduino/ellabox/build-ellabox/libraries/libopus/opus-1.3.1/silk/resampler_rom.c.o
Using previously compiled file: /home/dejiguru/Arduino/ellabox/build-ellabox/libraries/libopus/opus-1.3.1/silk/resampler_private_up2_HQ.c.o
Using previously compiled file: /home/dejiguru/Arduino/ellabox/build-ellabox/libraries/libopus/opus-1.3.1/silk/shell_coder.c.o
Using previously compiled file: /home/dejiguru/Arduino/ellabox/build-ellabox/libraries/libopus/opus-1.3.1/silk/stereo_LR_to_MS.c.o
Using previously compiled file: /home/dejiguru/Arduino/ellabox/build-ellabox/libraries/libopus/opus-1.3.1/silk/sort.c.o
Using previously compiled file: /home/dejiguru/Arduino/ellabox/build-ellabox/libraries/libopus/opus-1.3.1/silk/stereo_MS_to_LR.c.o
Using previously compiled file: /home/dejiguru/Arduino/ellabox/build-ellabox/libraries/libopus/opus-1.3.1/silk/stereo_find_predictor.c.o
Using previously compiled file: /home/dejiguru/Arduino/ellabox/build-ellabox/libraries/libopus/opus-1.3.1/silk/stereo_encode_pred.c.o
Using previously compiled file: /home/dejiguru/Arduino/ellabox/build-ellabox/libraries/libopus/opus-1.3.1/silk/sigm_Q15.c.o
Using previously compiled file: /home/dejiguru/Arduino/ellabox/build-ellabox/libraries/libopus/opus-1.3.1/silk/stereo_decode_pred.c.o
Using previously compiled file: /home/dejiguru/Arduino/ellabox/build-ellabox/libraries/libopus/opus-1.3.1/silk/stereo_quant_pred.c.o
Using previously compiled file: /home/dejiguru/Arduino/ellabox/build-ellabox/libraries/libopus/opus-1.3.1/silk/table_LSF_cos.c.o
Using previously compiled file: /home/dejiguru/Arduino/ellabox/build-ellabox/libraries/libopus/opus-1.3.1/silk/sum_sqr_shift.c.o
Using previously compiled file: /home/dejiguru/Arduino/ellabox/build-ellabox/libraries/libopus/opus-1.3.1/silk/tables_LTP.c.o
Using previously compiled file: /home/dejiguru/Arduino/ellabox/build-ellabox/libraries/libopus/opus-1.3.1/silk/tables_NLSF_CB_WB.c.o
Using previously compiled file: /home/dejiguru/Arduino/ellabox/build-ellabox/libraries/libopus/opus-1.3.1/silk/tables_NLSF_CB_NB_MB.c.o
Using previously compiled file: /home/dejiguru/Arduino/ellabox/build-ellabox/libraries/libopus/opus-1.3.1/silk/tables_pitch_lag.c.o
Using previously compiled file: /home/dejiguru/Arduino/ellabox/build-ellabox/libraries/libopus/opus-1.3.1/silk/tables_other.c.o
Using previously compiled file: /home/dejiguru/Arduino/ellabox/build-ellabox/libraries/libopus/opus-1.3.1/silk/tables_gain.c.o
Using previously compiled file: /home/dejiguru/Arduino/ellabox/build-ellabox/libraries/libopus/opus-1.3.1/src/analysis.c.o
Using previously compiled file: /home/dejiguru/Arduino/ellabox/build-ellabox/libraries/libopus/opus-1.3.1/silk/tables_pulses_per_block.c.o
Using previously compiled file: /home/dejiguru/Arduino/ellabox/build-ellabox/libraries/libopus/opus-1.3.1/src/mapping_matrix.c.o
Using previously compiled file: /home/dejiguru/Arduino/ellabox/build-ellabox/libraries/libopus/opus-1.3.1/src/mlp.c.o
Using previously compiled file: /home/dejiguru/Arduino/ellabox/build-ellabox/libraries/libopus/opus-1.3.1/src/opus_decoder.c.o
Using previously compiled file: /home/dejiguru/Arduino/ellabox/build-ellabox/libraries/libopus/opus-1.3.1/src/mlp_data.c.o
Using previously compiled file: /home/dejiguru/Arduino/ellabox/build-ellabox/libraries/libopus/opus-1.3.1/src/opus_encoder.c.o
Using previously compiled file: /home/dejiguru/Arduino/ellabox/build-ellabox/libraries/libopus/opus-1.3.1/src/opus.c.o
Using previously compiled file: /home/dejiguru/Arduino/ellabox/build-ellabox/libraries/libopus/opus-1.3.1/src/opus_multistream.c.o
Using previously compiled file: /home/dejiguru/Arduino/ellabox/build-ellabox/libraries/libopus/opus-1.3.1/src/opus_multistream_encoder.c.o
Using previously compiled file: /home/dejiguru/Arduino/ellabox/build-ellabox/libraries/libopus/opus-1.3.1/src/opus_projection_encoder.c.o
Using previously compiled file: /home/dejiguru/Arduino/ellabox/build-ellabox/libraries/libopus/opus-1.3.1/src/opus_multistream_decoder.c.o
Using previously compiled file: /home/dejiguru/Arduino/ellabox/build-ellabox/libraries/libopus/opus-1.3.1/src/repacketizer.c.o
Using previously compiled file: /home/dejiguru/Arduino/ellabox/build-ellabox/libraries/libopus/opus-1.3.1/src/opus_projection_decoder.c.o
Using previously compiled file: /home/dejiguru/Arduino/ellabox/build-ellabox/libraries/libopus/opus-1.3.1/src/repacketizer_demo.c.o
Compiling library "PubSubClient"
Using previously compiled file: /home/dejiguru/Arduino/ellabox/build-ellabox/libraries/PubSubClient/PubSubClient.cpp.o
Compiling library "XPT2046_Touchscreen"
Using previously compiled file: /home/dejiguru/Arduino/ellabox/build-ellabox/libraries/XPT2046_Touchscreen/XPT2046_Touchscreen.cpp.o
Compiling library "Adafruit SSD1306"
Using previously compiled file: /home/dejiguru/Arduino/ellabox/build-ellabox/libraries/Adafruit_SSD1306/Adafruit_SSD1306.cpp.o
Compiling library "ESPmDNS"
Using previously compiled file: /home/dejiguru/Arduino/ellabox/build-ellabox/libraries/ESPmDNS/ESPmDNS.cpp.o
Compiling library "Hash"
Using previously compiled file: /home/dejiguru/Arduino/ellabox/build-ellabox/libraries/Hash/SHA3Builder.cpp.o
Using previously compiled file: /home/dejiguru/Arduino/ellabox/build-ellabox/libraries/Hash/SHA1Builder.cpp.o
Using previously compiled file: /home/dejiguru/Arduino/ellabox/build-ellabox/libraries/Hash/SHA2Builder.cpp.o
Using previously compiled file: /home/dejiguru/Arduino/ellabox/build-ellabox/libraries/Hash/PBKDF2_HMACBuilder.cpp.o
Compiling core...
/usr/bin/env bash -c "echo -DARDUINO_CORE_BUILD > '/home/dejiguru/Arduino/ellabox/build-ellabox/file_opts'"
Using precompiled core: /home/dejiguru/Arduino/ellabox/.arduino-cache/core/64b8bae94a26dd20c980bcadc41cf442/core.a
/usr/bin/env bash -c ": > '/home/dejiguru/Arduino/ellabox/build-ellabox/file_opts'"
Linking everything together...
/home/dejiguru/Arduino/hardware/espressif/esp32/tools/xtensa-esp-elf/bin/xtensa-esp32s3-elf-gcc-ar cr /home/dejiguru/Arduino/ellabox/build-ellabox/sketch/objs.a /home/dejiguru/Arduino/ellabox/build-ellabox/sketch/ellabox.ino.cpp.o
Using previously compiled file: /home/dejiguru/Arduino/ellabox/build-ellabox/libraries/WiFi/objs.a
Using previously compiled file: /home/dejiguru/Arduino/ellabox/build-ellabox/libraries/Network/objs.a
Using previously compiled file: /home/dejiguru/Arduino/ellabox/build-ellabox/libraries/ArduinoOTA/objs.a
Using previously compiled file: /home/dejiguru/Arduino/ellabox/build-ellabox/libraries/Update/objs.a
Using previously compiled file: /home/dejiguru/Arduino/ellabox/build-ellabox/libraries/HTTPClient/objs.a
Using previously compiled file: /home/dejiguru/Arduino/ellabox/build-ellabox/libraries/NetworkClientSecure/objs.a
Using previously compiled file: /home/dejiguru/Arduino/ellabox/build-ellabox/libraries/ESP32-audioI2S-master/objs.a
Using previously compiled file: /home/dejiguru/Arduino/ellabox/build-ellabox/libraries/ESP32-audioI2S-master/aac_decoder/objs.a
Using previously compiled file: /home/dejiguru/Arduino/ellabox/build-ellabox/libraries/ESP32-audioI2S-master/aac_decoder/libfaad/objs.a
Using previously compiled file: /home/dejiguru/Arduino/ellabox/build-ellabox/libraries/ESP32-audioI2S-master/flac_decoder/objs.a
Using previously compiled file: /home/dejiguru/Arduino/ellabox/build-ellabox/libraries/ESP32-audioI2S-master/mp3_decoder/objs.a
Using previously compiled file: /home/dejiguru/Arduino/ellabox/build-ellabox/libraries/ESP32-audioI2S-master/opus_decoder/objs.a
Using previously compiled file: /home/dejiguru/Arduino/ellabox/build-ellabox/libraries/ESP32-audioI2S-master/vorbis_decoder/objs.a
Using previously compiled file: /home/dejiguru/Arduino/ellabox/build-ellabox/libraries/ESP32-audioI2S-master/wav_decoder/objs.a
Using previously compiled file: /home/dejiguru/Arduino/ellabox/build-ellabox/libraries/FFat/objs.a
Using previously compiled file: /home/dejiguru/Arduino/ellabox/build-ellabox/libraries/FS/objs.a
Using previously compiled file: /home/dejiguru/Arduino/ellabox/build-ellabox/libraries/SD/objs.a
Using previously compiled file: /home/dejiguru/Arduino/ellabox/build-ellabox/libraries/SPI/objs.a
Using previously compiled file: /home/dejiguru/Arduino/ellabox/build-ellabox/libraries/SD_MMC/objs.a
Using previously compiled file: /home/dejiguru/Arduino/ellabox/build-ellabox/libraries/ESP_I2S/objs.a
Using previously compiled file: /home/dejiguru/Arduino/ellabox/build-ellabox/libraries/SPIFFS/objs.a
Using previously compiled file: /home/dejiguru/Arduino/ellabox/build-ellabox/libraries/Adafruit_GFX_Library/objs.a
Using previously compiled file: /home/dejiguru/Arduino/ellabox/build-ellabox/libraries/Adafruit_BusIO/objs.a
Using previously compiled file: /home/dejiguru/Arduino/ellabox/build-ellabox/libraries/Wire/objs.a
Using previously compiled file: /home/dejiguru/Arduino/ellabox/build-ellabox/libraries/Adafruit_ILI9341/objs.a
Using previously compiled file: /home/dejiguru/Arduino/ellabox/build-ellabox/libraries/Adafruit_AHTX0/objs.a
Using previously compiled file: /home/dejiguru/Arduino/ellabox/build-ellabox/libraries/Adafruit_Unified_Sensor/objs.a
Using previously compiled file: /home/dejiguru/Arduino/ellabox/build-ellabox/libraries/SparkFun_MAX3010x_Pulse_and_Proximity_Sensor_Library/objs.a
Using previously compiled file: /home/dejiguru/Arduino/ellabox/build-ellabox/libraries/U8g2/objs.a
Using previously compiled file: /home/dejiguru/Arduino/ellabox/build-ellabox/libraries/U8g2/clib/objs.a
Using previously compiled file: /home/dejiguru/Arduino/ellabox/build-ellabox/libraries/Firebase_Arduino_Client_Library_for_ESP8266_and_ESP32/objs.a
Using previously compiled file: /home/dejiguru/Arduino/ellabox/build-ellabox/libraries/Firebase_Arduino_Client_Library_for_ESP8266_and_ESP32/client/SSLClient/bssl/objs.a
Using previously compiled file: /home/dejiguru/Arduino/ellabox/build-ellabox/libraries/Firebase_Arduino_Client_Library_for_ESP8266_and_ESP32/client/SSLClient/client/objs.a
Using previously compiled file: /home/dejiguru/Arduino/ellabox/build-ellabox/libraries/Firebase_Arduino_Client_Library_for_ESP8266_and_ESP32/core/objs.a
Using previously compiled file: /home/dejiguru/Arduino/ellabox/build-ellabox/libraries/Firebase_Arduino_Client_Library_for_ESP8266_and_ESP32/firestore/objs.a
Using previously compiled file: /home/dejiguru/Arduino/ellabox/build-ellabox/libraries/Firebase_Arduino_Client_Library_for_ESP8266_and_ESP32/functions/objs.a
Using previously compiled file: /home/dejiguru/Arduino/ellabox/build-ellabox/libraries/Firebase_Arduino_Client_Library_for_ESP8266_and_ESP32/gcs/objs.a
Using previously compiled file: /home/dejiguru/Arduino/ellabox/build-ellabox/libraries/Firebase_Arduino_Client_Library_for_ESP8266_and_ESP32/json/objs.a
Using previously compiled file: /home/dejiguru/Arduino/ellabox/build-ellabox/libraries/Firebase_Arduino_Client_Library_for_ESP8266_and_ESP32/json/MB_JSON/objs.a
Using previously compiled file: /home/dejiguru/Arduino/ellabox/build-ellabox/libraries/Firebase_Arduino_Client_Library_for_ESP8266_and_ESP32/json/extras/print/objs.a
Using previously compiled file: /home/dejiguru/Arduino/ellabox/build-ellabox/libraries/Firebase_Arduino_Client_Library_for_ESP8266_and_ESP32/message/objs.a
Using previously compiled file: /home/dejiguru/Arduino/ellabox/build-ellabox/libraries/Firebase_Arduino_Client_Library_for_ESP8266_and_ESP32/rtdb/objs.a
Using previously compiled file: /home/dejiguru/Arduino/ellabox/build-ellabox/libraries/Firebase_Arduino_Client_Library_for_ESP8266_and_ESP32/rtdb/stream/objs.a
Using previously compiled file: /home/dejiguru/Arduino/ellabox/build-ellabox/libraries/Firebase_Arduino_Client_Library_for_ESP8266_and_ESP32/session/objs.a
Using previously compiled file: /home/dejiguru/Arduino/ellabox/build-ellabox/libraries/Firebase_Arduino_Client_Library_for_ESP8266_and_ESP32/storage/objs.a
Using previously compiled file: /home/dejiguru/Arduino/ellabox/build-ellabox/libraries/LittleFS/objs.a
Using previously compiled file: /home/dejiguru/Arduino/ellabox/build-ellabox/libraries/Preferences/objs.a
Using previously compiled file: /home/dejiguru/Arduino/ellabox/build-ellabox/libraries/VL53L0X/objs.a
Using previously compiled file: /home/dejiguru/Arduino/ellabox/build-ellabox/libraries/libopus/libogg-1.3.5/src/objs.a
Using previously compiled file: /home/dejiguru/Arduino/ellabox/build-ellabox/libraries/libopus/liboggz-1.1.1/src/liboggz/objs.a
Using previously compiled file: /home/dejiguru/Arduino/ellabox/build-ellabox/libraries/libopus/opus-1.3.1/celt/objs.a
Using previously compiled file: /home/dejiguru/Arduino/ellabox/build-ellabox/libraries/libopus/opus-1.3.1/silk/objs.a
Using previously compiled file: /home/dejiguru/Arduino/ellabox/build-ellabox/libraries/libopus/opus-1.3.1/silk/fixed/objs.a
Using previously compiled file: /home/dejiguru/Arduino/ellabox/build-ellabox/libraries/libopus/opus-1.3.1/silk/float/objs.a
Using previously compiled file: /home/dejiguru/Arduino/ellabox/build-ellabox/libraries/libopus/opus-1.3.1/src/objs.a
Using previously compiled file: /home/dejiguru/Arduino/ellabox/build-ellabox/libraries/PubSubClient/objs.a
Using previously compiled file: /home/dejiguru/Arduino/ellabox/build-ellabox/libraries/XPT2046_Touchscreen/objs.a
Using previously compiled file: /home/dejiguru/Arduino/ellabox/build-ellabox/libraries/Adafruit_SSD1306/objs.a
Using previously compiled file: /home/dejiguru/Arduino/ellabox/build-ellabox/libraries/ESPmDNS/objs.a
Using previously compiled file: /home/dejiguru/Arduino/ellabox/build-ellabox/libraries/Hash/objs.a
/home/dejiguru/Arduino/hardware/espressif/esp32/tools/xtensa-esp-elf/bin/xtensa-esp32s3-elf-g++ -Wl,--Map=/home/dejiguru/Arduino/ellabox/build-ellabox/ellabox.ino.map -L/home/dejiguru/Arduino/hardware/espressif/esp32/tools/esp32-arduino-libs/esp32s3/lib -L/home/dejiguru/Arduino/hardware/espressif/esp32/tools/esp32-arduino-libs/esp32s3/ld -L/home/dejiguru/Arduino/hardware/espressif/esp32/tools/esp32-arduino-libs/esp32s3/qio_opi -Wl,--wrap=esp_panic_handler @/home/dejiguru/Arduino/hardware/espressif/esp32/tools/esp32-arduino-libs/esp32s3/flags/ld_flags @/home/dejiguru/Arduino/hardware/espressif/esp32/tools/esp32-arduino-libs/esp32s3/flags/ld_scripts -Wl,--start-group -Wl,--whole-archive /home/dejiguru/Arduino/ellabox/build-ellabox/sketch/objs.a /home/dejiguru/Arduino/ellabox/build-ellabox/libraries/WiFi/objs.a /home/dejiguru/Arduino/ellabox/build-ellabox/libraries/Network/objs.a /home/dejiguru/Arduino/ellabox/build-ellabox/libraries/ArduinoOTA/objs.a /home/dejiguru/Arduino/ellabox/build-ellabox/libraries/Update/objs.a /home/dejiguru/Arduino/ellabox/build-ellabox/libraries/HTTPClient/objs.a /home/dejiguru/Arduino/ellabox/build-ellabox/libraries/NetworkClientSecure/objs.a /home/dejiguru/Arduino/ellabox/build-ellabox/libraries/ESP32-audioI2S-master/objs.a /home/dejiguru/Arduino/ellabox/build-ellabox/libraries/ESP32-audioI2S-master/aac_decoder/objs.a /home/dejiguru/Arduino/ellabox/build-ellabox/libraries/ESP32-audioI2S-master/aac_decoder/libfaad/objs.a /home/dejiguru/Arduino/ellabox/build-ellabox/libraries/ESP32-audioI2S-master/flac_decoder/objs.a /home/dejiguru/Arduino/ellabox/build-ellabox/libraries/ESP32-audioI2S-master/mp3_decoder/objs.a /home/dejiguru/Arduino/ellabox/build-ellabox/libraries/ESP32-audioI2S-master/opus_decoder/objs.a /home/dejiguru/Arduino/ellabox/build-ellabox/libraries/ESP32-audioI2S-master/vorbis_decoder/objs.a /home/dejiguru/Arduino/ellabox/build-ellabox/libraries/ESP32-audioI2S-master/wav_decoder/objs.a /home/dejiguru/Arduino/ellabox/build-ellabox/libraries/FFat/objs.a /home/dejiguru/Arduino/ellabox/build-ellabox/libraries/FS/objs.a /home/dejiguru/Arduino/ellabox/build-ellabox/libraries/SD/objs.a /home/dejiguru/Arduino/ellabox/build-ellabox/libraries/SPI/objs.a /home/dejiguru/Arduino/ellabox/build-ellabox/libraries/SD_MMC/objs.a /home/dejiguru/Arduino/ellabox/build-ellabox/libraries/ESP_I2S/objs.a /home/dejiguru/Arduino/ellabox/build-ellabox/libraries/SPIFFS/objs.a /home/dejiguru/Arduino/ellabox/build-ellabox/libraries/Adafruit_GFX_Library/objs.a /home/dejiguru/Arduino/ellabox/build-ellabox/libraries/Adafruit_BusIO/objs.a /home/dejiguru/Arduino/ellabox/build-ellabox/libraries/Wire/objs.a /home/dejiguru/Arduino/ellabox/build-ellabox/libraries/Adafruit_ILI9341/objs.a /home/dejiguru/Arduino/ellabox/build-ellabox/libraries/Adafruit_AHTX0/objs.a /home/dejiguru/Arduino/ellabox/build-ellabox/libraries/Adafruit_Unified_Sensor/objs.a /home/dejiguru/Arduino/ellabox/build-ellabox/libraries/SparkFun_MAX3010x_Pulse_and_Proximity_Sensor_Library/objs.a /home/dejiguru/Arduino/ellabox/build-ellabox/libraries/U8g2/objs.a /home/dejiguru/Arduino/ellabox/build-ellabox/libraries/U8g2/clib/objs.a /home/dejiguru/Arduino/ellabox/build-ellabox/libraries/Firebase_Arduino_Client_Library_for_ESP8266_and_ESP32/objs.a /home/dejiguru/Arduino/ellabox/build-ellabox/libraries/Firebase_Arduino_Client_Library_for_ESP8266_and_ESP32/client/SSLClient/bssl/objs.a /home/dejiguru/Arduino/ellabox/build-ellabox/libraries/Firebase_Arduino_Client_Library_for_ESP8266_and_ESP32/client/SSLClient/client/objs.a /home/dejiguru/Arduino/ellabox/build-ellabox/libraries/Firebase_Arduino_Client_Library_for_ESP8266_and_ESP32/core/objs.a /home/dejiguru/Arduino/ellabox/build-ellabox/libraries/Firebase_Arduino_Client_Library_for_ESP8266_and_ESP32/firestore/objs.a /home/dejiguru/Arduino/ellabox/build-ellabox/libraries/Firebase_Arduino_Client_Library_for_ESP8266_and_ESP32/functions/objs.a /home/dejiguru/Arduino/ellabox/build-ellabox/libraries/Firebase_Arduino_Client_Library_for_ESP8266_and_ESP32/gcs/objs.a /home/dejiguru/Arduino/ellabox/build-ellabox/libraries/Firebase_Arduino_Client_Library_for_ESP8266_and_ESP32/json/objs.a /home/dejiguru/Arduino/ellabox/build-ellabox/libraries/Firebase_Arduino_Client_Library_for_ESP8266_and_ESP32/json/MB_JSON/objs.a /home/dejiguru/Arduino/ellabox/build-ellabox/libraries/Firebase_Arduino_Client_Library_for_ESP8266_and_ESP32/json/extras/print/objs.a /home/dejiguru/Arduino/ellabox/build-ellabox/libraries/Firebase_Arduino_Client_Library_for_ESP8266_and_ESP32/message/objs.a /home/dejiguru/Arduino/ellabox/build-ellabox/libraries/Firebase_Arduino_Client_Library_for_ESP8266_and_ESP32/rtdb/objs.a /home/dejiguru/Arduino/ellabox/build-ellabox/libraries/Firebase_Arduino_Client_Library_for_ESP8266_and_ESP32/rtdb/stream/objs.a /home/dejiguru/Arduino/ellabox/build-ellabox/libraries/Firebase_Arduino_Client_Library_for_ESP8266_and_ESP32/session/objs.a /home/dejiguru/Arduino/ellabox/build-ellabox/libraries/Firebase_Arduino_Client_Library_for_ESP8266_and_ESP32/storage/objs.a /home/dejiguru/Arduino/ellabox/build-ellabox/libraries/LittleFS/objs.a /home/dejiguru/Arduino/ellabox/build-ellabox/libraries/Preferences/objs.a /home/dejiguru/Arduino/ellabox/build-ellabox/libraries/VL53L0X/objs.a /home/dejiguru/Arduino/ellabox/build-ellabox/libraries/libopus/libogg-1.3.5/src/objs.a /home/dejiguru/Arduino/ellabox/build-ellabox/libraries/libopus/liboggz-1.1.1/src/liboggz/objs.a /home/dejiguru/Arduino/ellabox/build-ellabox/libraries/libopus/opus-1.3.1/celt/objs.a /home/dejiguru/Arduino/ellabox/build-ellabox/libraries/libopus/opus-1.3.1/silk/objs.a /home/dejiguru/Arduino/ellabox/build-ellabox/libraries/libopus/opus-1.3.1/silk/fixed/objs.a /home/dejiguru/Arduino/ellabox/build-ellabox/libraries/libopus/opus-1.3.1/silk/float/objs.a /home/dejiguru/Arduino/ellabox/build-ellabox/libraries/libopus/opus-1.3.1/src/objs.a /home/dejiguru/Arduino/ellabox/build-ellabox/libraries/PubSubClient/objs.a /home/dejiguru/Arduino/ellabox/build-ellabox/libraries/XPT2046_Touchscreen/objs.a /home/dejiguru/Arduino/ellabox/build-ellabox/libraries/Adafruit_SSD1306/objs.a /home/dejiguru/Arduino/ellabox/build-ellabox/libraries/ESPmDNS/objs.a /home/dejiguru/Arduino/ellabox/build-ellabox/libraries/Hash/objs.a -Wl,--no-whole-archive /home/dejiguru/Arduino/ellabox/.arduino-cache/core/64b8bae94a26dd20c980bcadc41cf442/core.a @/home/dejiguru/Arduino/hardware/espressif/esp32/tools/esp32-arduino-libs/esp32s3/flags/ld_libs -Wl,--end-group -Wl,-EL -o /home/dejiguru/Arduino/ellabox/build-ellabox/ellabox.ino.elf
/home/dejiguru/Arduino/hardware/espressif/esp32/tools/esptool/esptool --chip esp32s3 elf2image --flash-mode dio --flash-freq 80m --flash-size 8MB --elf-sha256-offset 0xb0 -o /home/dejiguru/Arduino/ellabox/build-ellabox/ellabox.ino.bin /home/dejiguru/Arduino/ellabox/build-ellabox/ellabox.ino.elf
esptool v5.2.0
Creating ESP32-S3 image...
Merged 3 ELF sections.
Successfully created ESP32-S3 image.
python3 /home/dejiguru/Arduino/hardware/espressif/esp32/tools/gen_esp32part.py -q /home/dejiguru/Arduino/ellabox/build-ellabox/partitions.csv /home/dejiguru/Arduino/ellabox/build-ellabox/ellabox.ino.partitions.bin
/usr/bin/env bash -c "[ ! -d \"/home/dejiguru/Arduino/ellabox/build-ellabox\"/libraries/Insights ] || python3 \"/home/dejiguru/Arduino/hardware/espressif/esp32\"/tools/gen_insights_package.py /home/dejiguru/Arduino/ellabox/build-ellabox ellabox.ino \"/home/dejiguru/Arduino/ellabox\""
/usr/bin/env bash -c "[ ! -d \"/home/dejiguru/Arduino/ellabox/build-ellabox\"/libraries/ESP_SR ] || [ ! -f \"/home/dejiguru/Arduino/hardware/espressif/esp32/tools/esp32-arduino-libs/esp32s3\"/esp_sr/srmodels.bin ] || cp -f \"/home/dejiguru/Arduino/hardware/espressif/esp32/tools/esp32-arduino-libs/esp32s3\"/esp_sr/srmodels.bin \"/home/dejiguru/Arduino/ellabox/build-ellabox\"/srmodels.bin"
/home/dejiguru/Arduino/hardware/espressif/esp32/tools/esptool/esptool --chip esp32s3 merge-bin -o /home/dejiguru/Arduino/ellabox/build-ellabox/ellabox.ino.merged.bin --pad-to-size 8MB --flash-mode keep --flash-freq keep --flash-size keep 0x0 /home/dejiguru/Arduino/ellabox/build-ellabox/ellabox.ino.bootloader.bin 0x8000 /home/dejiguru/Arduino/ellabox/build-ellabox/ellabox.ino.partitions.bin 0xe000 /home/dejiguru/Arduino/hardware/espressif/esp32/tools/partitions/boot_app0.bin 0x10000 /home/dejiguru/Arduino/ellabox/build-ellabox/ellabox.ino.bin
esptool v5.2.0
Wrote 0x800000 bytes to file '/home/dejiguru/Arduino/ellabox/build-ellabox/ellabox.ino.merged.bin', ready to flash to offset 0x0.
/usr/bin/env bash -c "echo '--flash-mode dio --flash-freq 80m --flash-size 8MB'>'/home/dejiguru/Arduino/ellabox/build-ellabox/flash_args'&& echo '0x0 ellabox.ino.bootloader.bin'>> '/home/dejiguru/Arduino/ellabox/build-ellabox/flash_args'&& echo '0x8000 ellabox.ino.partitions.bin'>> '/home/dejiguru/Arduino/ellabox/build-ellabox/flash_args'&& echo '0xe000 boot_app0.bin'>> '/home/dejiguru/Arduino/ellabox/build-ellabox/flash_args'&& echo '0x10000 ellabox.ino.bin'>> '/home/dejiguru/Arduino/ellabox/build-ellabox/flash_args'"
Multiple libraries were found for "SD.h"
  Used: /home/dejiguru/Arduino/hardware/espressif/esp32/libraries/SD
  Not used: /home/dejiguru/Arduino/libraries/SD
Multiple libraries were found for "Audio.h"
  Used: /home/dejiguru/Arduino/libraries/ESP32-audioI2S-master
  Not used: /home/dejiguru/Arduino/libraries/DAZI-AI
Using library WiFi at version 3.3.7 in folder: /home/dejiguru/Arduino/hardware/espressif/esp32/libraries/WiFi 
Using library Networking at version 3.3.7 in folder: /home/dejiguru/Arduino/hardware/espressif/esp32/libraries/Network 
Using library ArduinoOTA at version 3.3.7 in folder: /home/dejiguru/Arduino/hardware/espressif/esp32/libraries/ArduinoOTA 
Using library Update at version 3.3.7 in folder: /home/dejiguru/Arduino/hardware/espressif/esp32/libraries/Update 
Using library HTTPClient at version 3.3.7 in folder: /home/dejiguru/Arduino/hardware/espressif/esp32/libraries/HTTPClient 
Using library NetworkClientSecure at version 3.3.7 in folder: /home/dejiguru/Arduino/hardware/espressif/esp32/libraries/NetworkClientSecure 
Using library ArduinoJson at version 7.4.3 in folder: /home/dejiguru/Arduino/libraries/ArduinoJson 
Using library ESP32-audioI2S-master at version 3.4.5 in folder: /home/dejiguru/Arduino/libraries/ESP32-audioI2S-master 
Using library FFat at version 3.3.7 in folder: /home/dejiguru/Arduino/hardware/espressif/esp32/libraries/FFat 
Using library FS at version 3.3.7 in folder: /home/dejiguru/Arduino/hardware/espressif/esp32/libraries/FS 
Using library SD at version 3.3.7 in folder: /home/dejiguru/Arduino/hardware/espressif/esp32/libraries/SD 
Using library SPI at version 3.3.7 in folder: /home/dejiguru/Arduino/hardware/espressif/esp32/libraries/SPI 
Using library SD_MMC at version 3.3.7 in folder: /home/dejiguru/Arduino/hardware/espressif/esp32/libraries/SD_MMC 
Using library ESP_I2S at version 3.3.7 in folder: /home/dejiguru/Arduino/hardware/espressif/esp32/libraries/ESP_I2S 
Using library SPIFFS at version 3.3.7 in folder: /home/dejiguru/Arduino/hardware/espressif/esp32/libraries/SPIFFS 
Using library Adafruit GFX Library at version 1.12.6 in folder: /home/dejiguru/Arduino/libraries/Adafruit_GFX_Library 
Using library Adafruit BusIO at version 1.17.4 in folder: /home/dejiguru/Arduino/libraries/Adafruit_BusIO 
Using library Wire at version 3.3.7 in folder: /home/dejiguru/Arduino/hardware/espressif/esp32/libraries/Wire 
Using library Adafruit ILI9341 at version 1.6.3 in folder: /home/dejiguru/Arduino/libraries/Adafruit_ILI9341 
Using library Adafruit AHTX0 at version 2.0.6 in folder: /home/dejiguru/Arduino/libraries/Adafruit_AHTX0 
Using library Adafruit Unified Sensor at version 1.1.15 in folder: /home/dejiguru/Arduino/libraries/Adafruit_Unified_Sensor 
Using library ScioSense_ENS16x at version 2.0.5 in folder: /home/dejiguru/Arduino/libraries/ScioSense_ENS16x 
Using library SparkFun MAX3010x Pulse and Proximity Sensor Library at version 1.1.2 in folder: /home/dejiguru/Arduino/libraries/SparkFun_MAX3010x_Pulse_and_Proximity_Sensor_Library 
Using library U8g2 at version 2.35.30 in folder: /home/dejiguru/Arduino/libraries/U8g2 
Using library Firebase Arduino Client Library for ESP8266 and ESP32 at version 4.4.17 in folder: /home/dejiguru/Arduino/libraries/Firebase_Arduino_Client_Library_for_ESP8266_and_ESP32 
Using library LittleFS at version 3.3.7 in folder: /home/dejiguru/Arduino/hardware/espressif/esp32/libraries/LittleFS 
Using library Preferences at version 3.3.7 in folder: /home/dejiguru/Arduino/hardware/espressif/esp32/libraries/Preferences 
Using library VL53L0X at version 1.3.1 in folder: /home/dejiguru/Arduino/libraries/VL53L0X 
Using library libopus at version 1.3.2 in folder: /home/dejiguru/Arduino/libraries/libopus 
Using library PubSubClient at version 2.8 in folder: /home/dejiguru/Arduino/libraries/PubSubClient 
Using library XPT2046_Touchscreen at version 1.4 in folder: /home/dejiguru/Arduino/libraries/XPT2046_Touchscreen 
Using library Adafruit SSD1306 at version 2.5.16 in folder: /home/dejiguru/Arduino/libraries/Adafruit_SSD1306 
Using library ESPmDNS at version 3.3.7 in folder: /home/dejiguru/Arduino/hardware/espressif/esp32/libraries/ESPmDNS 
Using library Hash at version 3.3.7 in folder: /home/dejiguru/Arduino/hardware/espressif/esp32/libraries/Hash 
/home/dejiguru/Arduino/hardware/espressif/esp32/tools/xtensa-esp-elf/bin/xtensa-esp32s3-elf-size -A /home/dejiguru/Arduino/ellabox/build-ellabox/ellabox.ino.elf
Sketch uses 2756866 bytes (82%) of program storage space. Maximum is 3342336 bytes.
Global variables use 81176 bytes (24%) of dynamic memory, leaving 246504 bytes for local variables. Maximum is 327680 bytes.

[92mUsed library[0m                                          [92mVersion[0m [90mPath[0m
[93mWiFi[0m                                                  3.3.7   [90m/home/dejiguru/Arduino/hardware/espressif/esp32/libraries/WiFi[0m
[93mNetworking[0m                                            3.3.7   [90m/home/dejiguru/Arduino/hardware/espressif/esp32/libraries/Network[0m
[93mArduinoOTA[0m                                            3.3.7   [90m/home/dejiguru/Arduino/hardware/espressif/esp32/libraries/ArduinoOTA[0m
[93mUpdate[0m                                                3.3.7   [90m/home/dejiguru/Arduino/hardware/espressif/esp32/libraries/Update[0m
[93mHTTPClient[0m                                            3.3.7   [90m/home/dejiguru/Arduino/hardware/espressif/esp32/libraries/HTTPClient[0m
[93mNetworkClientSecure[0m                                   3.3.7   [90m/home/dejiguru/Arduino/hardware/espressif/esp32/libraries/NetworkClientSecure[0m
[93mArduinoJson[0m                                           7.4.3   [90m/home/dejiguru/Arduino/libraries/ArduinoJson[0m
[93mESP32-audioI2S-master[0m                                 3.4.5   [90m/home/dejiguru/Arduino/libraries/ESP32-audioI2S-master[0m
[93mFFat[0m                                                  3.3.7   [90m/home/dejiguru/Arduino/hardware/espressif/esp32/libraries/FFat[0m
[93mFS[0m                                                    3.3.7   [90m/home/dejiguru/Arduino/hardware/espressif/esp32/libraries/FS[0m
[93mSD[0m                                                    3.3.7   [90m/home/dejiguru/Arduino/hardware/espressif/esp32/libraries/SD[0m
[93mSPI[0m                                                   3.3.7   [90m/home/dejiguru/Arduino/hardware/espressif/esp32/libraries/SPI[0m
[93mSD_MMC[0m                                                3.3.7   [90m/home/dejiguru/Arduino/hardware/espressif/esp32/libraries/SD_MMC[0m
[93mESP_I2S[0m                                               3.3.7   [90m/home/dejiguru/Arduino/hardware/espressif/esp32/libraries/ESP_I2S[0m
[93mSPIFFS[0m                                                3.3.7   [90m/home/dejiguru/Arduino/hardware/espressif/esp32/libraries/SPIFFS[0m
[93mAdafruit GFX Library[0m                                  1.12.6  [90m/home/dejiguru/Arduino/libraries/Adafruit_GFX_Library[0m
[93mAdafruit BusIO[0m                                        1.17.4  [90m/home/dejiguru/Arduino/libraries/Adafruit_BusIO[0m
[93mWire[0m                                                  3.3.7   [90m/home/dejiguru/Arduino/hardware/espressif/esp32/libraries/Wire[0m
[93mAdafruit ILI9341[0m                                      1.6.3   [90m/home/dejiguru/Arduino/libraries/Adafruit_ILI9341[0m
[93mAdafruit AHTX0[0m                                        2.0.6   [90m/home/dejiguru/Arduino/libraries/Adafruit_AHTX0[0m
[93mAdafruit Unified Sensor[0m                               1.1.15  [90m/home/dejiguru/Arduino/libraries/Adafruit_Unified_Sensor[0m
[93mScioSense_ENS16x[0m                                      2.0.5   [90m/home/dejiguru/Arduino/libraries/ScioSense_ENS16x[0m
[93mSparkFun MAX3010x Pulse and Proximity Sensor Library[0m  1.1.2   [90m/home/dejiguru/Arduino/libraries/SparkFun_MAX3010x_Pulse_and_Proximity_Sensor_Library[0m
[93mU8g2[0m                                                  2.35.30 [90m/home/dejiguru/Arduino/libraries/U8g2[0m
[93mFirebase Arduino Client Library for ESP8266 and ESP32[0m 4.4.17  [90m/home/dejiguru/Arduino/libraries/Firebase_Arduino_Client_Library_for_ESP8266_and_ESP32[0m
[93mLittleFS[0m                                              3.3.7   [90m/home/dejiguru/Arduino/hardware/espressif/esp32/libraries/LittleFS[0m
[93mPreferences[0m                                           3.3.7   [90m/home/dejiguru/Arduino/hardware/espressif/esp32/libraries/Preferences[0m
[93mVL53L0X[0m                                               1.3.1   [90m/home/dejiguru/Arduino/libraries/VL53L0X[0m
[93mlibopus[0m                                               1.3.2   [90m/home/dejiguru/Arduino/libraries/libopus[0m
[93mPubSubClient[0m                                          2.8     [90m/home/dejiguru/Arduino/libraries/PubSubClient[0m
[93mXPT2046_Touchscreen[0m                                   1.4     [90m/home/dejiguru/Arduino/libraries/XPT2046_Touchscreen[0m
[93mAdafruit SSD1306[0m                                      2.5.16  [90m/home/dejiguru/Arduino/libraries/Adafruit_SSD1306[0m
[93mESPmDNS[0m                                               3.3.7   [90m/home/dejiguru/Arduino/hardware/espressif/esp32/libraries/ESPmDNS[0m
[93mHash[0m                                                  3.3.7   [90m/home/dejiguru/Arduino/hardware/espressif/esp32/libraries/Hash[0m

[92mUsed platform[0m   [92mVersion[0m [90mPath[0m
[93mespressif:esp32[0m 3.3.7   [90m/home/dejiguru/Arduino/hardware/espressif/esp32[0m
